******************************************************************************
                  TI ARM Linker PC v15.12.3                    
******************************************************************************
>> Linked Tue Jan 02 09:47:42 2018

OUTPUT FILE NAME:   <final2015_2.out>
ENTRY POINT SYMBOL: "_c_int00"  address: 000009ad


MEMORY CONFIGURATION

         name            origin    length      used     unused   attr    fill
----------------------  --------  ---------  --------  --------  ----  --------
  FLASH                 00000000   00040000  00000fac  0003f054  R  X
  SRAM                  20000000   00008000  00000490  00007b70  RW X


SEGMENT ALLOCATION MAP

run origin  load origin   length   init length attrs members
----------  ----------- ---------- ----------- ----- -------
00000000    00000000    00000fac   00000fac    r-x
  00000000    00000000    0000026c   0000026c    r-- .intvecs
  0000026c    0000026c    00000ae0   00000ae0    r-x .text
  00000d4c    00000d4c    0000020c   0000020c    r-- .const
  00000f58    00000f58    00000054   00000054    r-- .cinit
20000000    20000000    00000490   00000000    rw-
  20000000    20000000    0000026c   00000000    rw- .vtable
  2000026c    2000026c    00000200   00000000    rw- .stack
  2000046c    2000046c    00000018   00000000    rw- .data
  20000484    20000484    0000000c   00000000    rw- .bss


SECTION ALLOCATION MAP

 output                                  attributes/
section   page    origin      length       input sections
--------  ----  ----------  ----------   ----------------
.intvecs   0    00000000    0000026c     
                  00000000    0000026c     tm4c123gh6pm_startup_ccs.obj (.intvecs)

.text      0    0000026c    00000ae0     
                  0000026c    0000014c     main.obj (.text)
                  000003b8    00000132     driverlib.lib : gpio.obj (.text:GPIOPadConfigSet)
                  000004ea    00000002     rtsv7M4_T_le_v4SPD16_eabi.lib : mpu_init.obj (.text)
                  000004ec    00000110     driverlib.lib : sysctl.obj (.text:SysCtlClockGet)
                  000005fc    000000f4                   : sysctl.obj (.text:SysCtlClockSet)
                  000006f0    0000009c     rtsv7M4_T_le_v4SPD16_eabi.lib : memcpy_t2.obj (.text)
                  0000078c    0000007a                                   : memset_t2.obj (.text)
                  00000806    00000002                                   : startup.obj (.text)
                  00000808    00000070                                   : autoinit.obj (.text)
                  00000878    0000006a                                   : copy_decompress_rle.obj (.text)
                  000008e2    00000002     --HOLE-- [fill = 0]
                  000008e4    00000068     driverlib.lib : interrupt.obj (.text:IntEnable)
                  0000094c    00000060                   : timer.obj (.text:TimerConfigure)
                  000009ac    00000054     rtsv7M4_T_le_v4SPD16_eabi.lib : boot.obj (.text)
                  00000a00    00000054                                   : exit.obj (.text)
                  00000a54    0000004c     driverlib.lib : timer.obj (.text:_TimerIntNumberGet)
                  00000aa0    0000004c     rtsv7M4_T_le_v4SPD16_eabi.lib : cpy_tbl.obj (.text)
                  00000aec    00000048     driverlib.lib : gpio.obj (.text:GPIOPinConfigure)
                  00000b34    00000046                   : uart.obj (.text:UARTConfigSetExpClk)
                  00000b7a    00000002     --HOLE-- [fill = 0]
                  00000b7c    00000034                   : interrupt.obj (.text:IntRegister)
                  00000bb0    00000034                   : sysctl.obj (.text:SysCtlPeripheralEnable)
                  00000be4    0000002a                   : gpio.obj (.text:GPIODirModeSet)
                  00000c0e    00000002     --HOLE-- [fill = 0]
                  00000c10    00000020                   : uart.obj (.text:UARTDisable)
                  00000c30    00000018                   : gpio.obj (.text:GPIOPinTypeGPIOOutput)
                  00000c48    00000018                   : timer.obj (.text:TimerIntRegister)
                  00000c60    00000018     rtsv7M4_T_le_v4SPD16_eabi.lib : args_main.obj (.text)
                  00000c78    00000014     driverlib.lib : uart.obj (.text:UARTEnable)
                  00000c8c    00000014     rtsv7M4_T_le_v4SPD16_eabi.lib : _lock.obj (.text)
                  00000ca0    00000012     driverlib.lib : gpio.obj (.text:GPIOPinTypeUART)
                  00000cb2    00000012                   : timer.obj (.text:TimerLoadSet)
                  00000cc4    00000010                   : interrupt.obj (.text:IntMasterEnable)
                  00000cd4    0000000e                   : timer.obj (.text:TimerEnable)
                  00000ce2    0000000e                   : uart.obj (.text:UARTCharsAvail)
                  00000cf0    0000000e     rtsv7M4_T_le_v4SPD16_eabi.lib : copy_decompress_none.obj (.text:decompress:none)
                  00000cfe    0000000c     driverlib.lib : cpu.obj (.text:CPUcpsie)
                  00000d0a    0000000c     tm4c123gh6pm_startup_ccs.obj (.text)
                  00000d16    0000000a     driverlib.lib : uart.obj (.text:UARTCharGet)
                  00000d20    0000000a                   : uart.obj (.text:UARTCharPut)
                  00000d2a    00000008                   : timer.obj (.text:TimerIntEnable)
                  00000d32    00000006                   : gpio.obj (.text:GPIOPinWrite)
                  00000d38    00000006                   : sysctl.obj (.text:SysCtlDelay)
                  00000d3e    00000006     rtsv7M4_T_le_v4SPD16_eabi.lib : copy_decompress_rle.obj (.text:decompress:rle24)
                  00000d44    00000004     driverlib.lib : timer.obj (.text:TimerIntClear)
                  00000d48    00000004     rtsv7M4_T_le_v4SPD16_eabi.lib : pre_init.obj (.text)

.const     0    00000d4c    0000020c     
                  00000d4c    00000090     driverlib.lib : gpio.obj (.const:g_pui32GPIOBaseAddrs)
                  00000ddc    00000070                   : interrupt.obj (.const)
                  00000e4c    0000006c                   : sysctl.obj (.const:g_pui32Xtals)
                  00000eb8    00000060                   : timer.obj (.const:g_ppui32TimerIntMap)
                  00000f18    00000040                   : timer.obj (.const:g_ppui32TimerIntMapSnowflake)

.cinit     0    00000f58    00000054     
                  00000f58    00000016     (.cinit..data.load) [load image, compression = rle]
                  00000f6e    00000002     --HOLE-- [fill = 0]
                  00000f70    0000000b     (.cinit..vtable.load) [load image, compression = rle]
                  00000f7b    00000005     --HOLE-- [fill = 0]
                  00000f80    00000009     (.cinit..bss.load) [load image, compression = rle]
                  00000f89    00000003     --HOLE-- [fill = 0]
                  00000f8c    00000008     (__TI_handler_table)
                  00000f94    00000018     (__TI_cinit_table)

.init_array 
*          0    00000000    00000000     UNINITIALIZED

.vtable    0    20000000    0000026c     UNINITIALIZED
                  20000000    0000026c     driverlib.lib : interrupt.obj (.vtable)

.stack     0    2000026c    00000200     UNINITIALIZED
                  2000026c    00000200     --HOLE--

.data      0    2000046c    00000018     UNINITIALIZED
                  2000046c    0000000c     rtsv7M4_T_le_v4SPD16_eabi.lib : exit.obj (.data:$O1$$)
                  20000478    00000008                                   : _lock.obj (.data:$O1$$)
                  20000480    00000004                                   : stkdepth_vars.obj (.data)

.bss       0    20000484    0000000c     UNINITIALIZED
                  20000484    00000004     (.common:saniye)
                  20000488    00000004     (.common:saniyeb)
                  2000048c    00000004     (.common:saniyeo)

MODULE SUMMARY

       Module                         code   ro data   rw data
       ------                         ----   -------   -------
    .\
       tm4c123gh6pm_startup_ccs.obj   12     620       0      
       main.obj                       332    0         12     
    +--+------------------------------+------+---------+---------+
       Total:                         344    620       12     
                                                              
    C:/ti/TivaWare_C_Series-2.1.4.178/driverlib/ccs/Debug/driverlib.lib
       interrupt.obj                  172    112       620    
       sysctl.obj                     574    108       0      
       gpio.obj                       468    144       0      
       timer.obj                      240    160       0      
       uart.obj                       156    0         0      
       cpu.obj                        12     0         0      
    +--+------------------------------+------+---------+---------+
       Total:                         1622   524       620    
                                                              
    C:\ti\ccsv6\tools\compiler\arm_15.12.3.LTS\lib\rtsv7M4_T_le_v4SPD16_eabi.lib
       memcpy_t2.obj                  156    0         0      
       memset_t2.obj                  122    0         0      
       autoinit.obj                   112    0         0      
       copy_decompress_rle.obj        112    0         0      
       exit.obj                       84     0         12     
       boot.obj                       84     0         0      
       cpy_tbl.obj                    76     0         0      
       _lock.obj                      20     0         8      
       args_main.obj                  24     0         0      
       copy_decompress_none.obj       14     0         0      
       pre_init.obj                   4      0         0      
       stkdepth_vars.obj              0      0         4      
       mpu_init.obj                   2      0         0      
       startup.obj                    2      0         0      
    +--+------------------------------+------+---------+---------+
       Total:                         812    0         24     
                                                              
       Stack:                         0      0         512    
       Linker Generated:              0      74        0      
    +--+------------------------------+------+---------+---------+
       Grand Total:                   2778   1218      1168   


LINKER GENERATED COPY TABLES

__TI_cinit_table @ 00000f94 records: 3, size/record: 8, table size: 24
	.data: load addr=00000f58, load size=00000016 bytes, run addr=2000046c, run size=00000018 bytes, compression=rle
	.vtable: load addr=00000f70, load size=0000000b bytes, run addr=20000000, run size=0000026c bytes, compression=rle
	.bss: load addr=00000f80, load size=00000009 bytes, run addr=20000484, run size=0000000c bytes, compression=rle


LINKER GENERATED HANDLER TABLE

__TI_handler_table @ 00000f8c records: 2, size/record: 4, table size: 8
	index: 0, handler: __TI_decompress_rle24
	index: 1, handler: __TI_decompress_none


GLOBAL SYMBOLS: SORTED ALPHABETICALLY BY Name 

address   name                           
-------   ----                           
00000a01  C$$EXIT                        
00000cff  CPUcpsie                       
00000be5  GPIODirModeSet                 
000003b9  GPIOPadConfigSet               
00000aed  GPIOPinConfigure               
00000c31  GPIOPinTypeGPIOOutput          
00000ca1  GPIOPinTypeUART                
00000d33  GPIOPinWrite                   
000008e5  IntEnable                      
00000cc5  IntMasterEnable                
00000b7d  IntRegister                    
00000d0b  ResetISR                       
UNDEFED   SHT$$INIT_ARRAY$$Base          
UNDEFED   SHT$$INIT_ARRAY$$Limit         
000004ed  SysCtlClockGet                 
000005fd  SysCtlClockSet                 
00000d39  SysCtlDelay                    
00000bb1  SysCtlPeripheralEnable         
0000094d  TimerConfigure                 
00000cd5  TimerEnable                    
00000d45  TimerIntClear                  
00000d2b  TimerIntEnable                 
00000c49  TimerIntRegister               
00000cb3  TimerLoadSet                   
00000d17  UARTCharGet                    
00000d21  UARTCharPut                    
00000ce3  UARTCharsAvail                 
00000b35  UARTConfigSetExpClk            
00000c11  UARTDisable                    
00000c79  UARTEnable                     
2000046c  __STACK_END                    
00000200  __STACK_SIZE                   
2000046c  __STACK_TOP                    
00000f94  __TI_CINIT_Base                
00000fac  __TI_CINIT_Limit               
00000f8c  __TI_Handler_Table_Base        
00000f94  __TI_Handler_Table_Limit       
00000809  __TI_auto_init                 
2000046c  __TI_cleanup_ptr               
00000cf1  __TI_decompress_none           
00000d3f  __TI_decompress_rle24          
20000470  __TI_dtors_ptr                 
20000474  __TI_enable_exit_profile_output
ffffffff  __TI_pprof_out_hndl            
ffffffff  __TI_prof_data_size            
ffffffff  __TI_prof_data_start           
00000000  __TI_static_base__             
0000078d  __aeabi_memclr                 
0000078d  __aeabi_memclr4                
0000078d  __aeabi_memclr8                
000006f1  __aeabi_memcpy                 
000006f1  __aeabi_memcpy4                
000006f1  __aeabi_memcpy8                
0000078f  __aeabi_memset                 
0000078f  __aeabi_memset4                
0000078f  __aeabi_memset8                
ffffffff  __binit__                      
ffffffff  __c_args__                     
000004eb  __mpu_init                     
2000026c  __stack                        
00000c61  _args_main                     
000009ad  _c_int00                       
20000478  _lock                          
00000c9b  _nop                           
00000c93  _register_lock                 
00000c8d  _register_unlock               
00000807  _system_post_cinit             
00000d49  _system_pre_init               
2000047c  _unlock                        
00000a05  abort                          
ffffffff  binit                          
00000aa1  copy_in                        
00000a0d  exit                           
20000000  g_pfnRAMVectors                
00000000  g_pfnVectors                   
000002b5  main                           
20000480  main_func_sp                   
000006f1  memcpy                         
00000795  memset                         
20000484  saniye                         
20000488  saniyeb                        
2000048c  saniyeo                        
0000026d  timerkesme                     


GLOBAL SYMBOLS: SORTED BY Symbol Address 

address   name                           
-------   ----                           
00000000  __TI_static_base__             
00000000  g_pfnVectors                   
00000200  __STACK_SIZE                   
0000026d  timerkesme                     
000002b5  main                           
000003b9  GPIOPadConfigSet               
000004eb  __mpu_init                     
000004ed  SysCtlClockGet                 
000005fd  SysCtlClockSet                 
000006f1  __aeabi_memcpy                 
000006f1  __aeabi_memcpy4                
000006f1  __aeabi_memcpy8                
000006f1  memcpy                         
0000078d  __aeabi_memclr                 
0000078d  __aeabi_memclr4                
0000078d  __aeabi_memclr8                
0000078f  __aeabi_memset                 
0000078f  __aeabi_memset4                
0000078f  __aeabi_memset8                
00000795  memset                         
00000807  _system_post_cinit             
00000809  __TI_auto_init                 
000008e5  IntEnable                      
0000094d  TimerConfigure                 
000009ad  _c_int00                       
00000a01  C$$EXIT                        
00000a05  abort                          
00000a0d  exit                           
00000aa1  copy_in                        
00000aed  GPIOPinConfigure               
00000b35  UARTConfigSetExpClk            
00000b7d  IntRegister                    
00000bb1  SysCtlPeripheralEnable         
00000be5  GPIODirModeSet                 
00000c11  UARTDisable                    
00000c31  GPIOPinTypeGPIOOutput          
00000c49  TimerIntRegister               
00000c61  _args_main                     
00000c79  UARTEnable                     
00000c8d  _register_unlock               
00000c93  _register_lock                 
00000c9b  _nop                           
00000ca1  GPIOPinTypeUART                
00000cb3  TimerLoadSet                   
00000cc5  IntMasterEnable                
00000cd5  TimerEnable                    
00000ce3  UARTCharsAvail                 
00000cf1  __TI_decompress_none           
00000cff  CPUcpsie                       
00000d0b  ResetISR                       
00000d17  UARTCharGet                    
00000d21  UARTCharPut                    
00000d2b  TimerIntEnable                 
00000d33  GPIOPinWrite                   
00000d39  SysCtlDelay                    
00000d3f  __TI_decompress_rle24          
00000d45  TimerIntClear                  
00000d49  _system_pre_init               
00000f8c  __TI_Handler_Table_Base        
00000f94  __TI_CINIT_Base                
00000f94  __TI_Handler_Table_Limit       
00000fac  __TI_CINIT_Limit               
20000000  g_pfnRAMVectors                
2000026c  __stack                        
2000046c  __STACK_END                    
2000046c  __STACK_TOP                    
2000046c  __TI_cleanup_ptr               
20000470  __TI_dtors_ptr                 
20000474  __TI_enable_exit_profile_output
20000478  _lock                          
2000047c  _unlock                        
20000480  main_func_sp                   
20000484  saniye                         
20000488  saniyeb                        
2000048c  saniyeo                        
ffffffff  __TI_pprof_out_hndl            
ffffffff  __TI_prof_data_size            
ffffffff  __TI_prof_data_start           
ffffffff  __binit__                      
ffffffff  __c_args__                     
ffffffff  binit                          
UNDEFED   SHT$$INIT_ARRAY$$Base          
UNDEFED   SHT$$INIT_ARRAY$$Limit         

[83 symbols]
