******************************************************************************
                  TI ARM Linker PC v15.12.3                    
******************************************************************************
>> Linked Wed Nov 29 21:28:17 2017

OUTPUT FILE NAME:   <GercekZaman.out>
ENTRY POINT SYMBOL: "_c_int00"  address: 00000bfd


MEMORY CONFIGURATION

         name            origin    length      used     unused   attr    fill
----------------------  --------  ---------  --------  --------  ----  --------
  FLASH                 00000000   00040000  000010a4  0003ef5c  R  X
  SRAM                  20000000   00008000  00000499  00007b67  RW X


SEGMENT ALLOCATION MAP

run origin  load origin   length   init length attrs members
----------  ----------- ---------- ----------- ----- -------
00000000    00000000    000010a4   000010a4    r-x
  00000000    00000000    0000026c   0000026c    r-- .intvecs
  0000026c    0000026c    00000c68   00000c68    r-x .text
  00000ed4    00000ed4    0000017c   0000017c    r-- .const
  00001050    00001050    00000054   00000054    r-- .cinit
20000000    20000000    00000499   00000000    rw-
  20000000    20000000    0000026c   00000000    rw- .vtable
  2000026c    2000026c    00000200   00000000    rw- .stack
  2000046c    2000046c    00000018   00000000    rw- .data
  20000484    20000484    00000015   00000000    rw- .bss


SECTION ALLOCATION MAP

 output                                  attributes/
section   page    origin      length       input sections
--------  ----  ----------  ----------   ----------------
.intvecs   0    00000000    0000026c     
                  00000000    0000026c     tm4c123gh6pm_startup_ccs.obj (.intvecs)

.text      0    0000026c    00000c68     
                  0000026c    000001d4     Lcd.obj (.text)
                  00000440    000001c8     Saat.obj (.text)
                  00000608    00000132     driverlib.lib : gpio.obj (.text:GPIOPadConfigSet)
                  0000073a    00000002     rtsv7M4_T_le_v4SPD16_eabi.lib : mpu_init.obj (.text)
                  0000073c    00000110     driverlib.lib : sysctl.obj (.text:SysCtlClockGet)
                  0000084c    000000f4                   : sysctl.obj (.text:SysCtlClockSet)
                  00000940    0000009c     rtsv7M4_T_le_v4SPD16_eabi.lib : memcpy_t2.obj (.text)
                  000009dc    0000007a                                   : memset_t2.obj (.text)
                  00000a56    00000002                                   : startup.obj (.text)
                  00000a58    00000070                                   : autoinit.obj (.text)
                  00000ac8    0000006a                                   : copy_decompress_rle.obj (.text)
                  00000b32    00000002     --HOLE-- [fill = 0]
                  00000b34    00000068     driverlib.lib : interrupt.obj (.text:IntEnable)
                  00000b9c    00000060                   : timer.obj (.text:TimerConfigure)
                  00000bfc    00000054     rtsv7M4_T_le_v4SPD16_eabi.lib : boot.obj (.text)
                  00000c50    00000054                                   : exit.obj (.text)
                  00000ca4    0000004c     driverlib.lib : timer.obj (.text:_TimerIntNumberGet)
                  00000cf0    0000004c     rtsv7M4_T_le_v4SPD16_eabi.lib : cpy_tbl.obj (.text)
                  00000d3c    00000034     driverlib.lib : interrupt.obj (.text:IntRegister)
                  00000d70    00000034                   : sysctl.obj (.text:SysCtlPeripheralEnable)
                  00000da4    00000030     main.obj (.text)
                  00000dd4    0000002a     driverlib.lib : gpio.obj (.text:GPIODirModeSet)
                  00000dfe    00000018                   : gpio.obj (.text:GPIOPinTypeGPIOOutput)
                  00000e16    00000018                   : timer.obj (.text:TimerIntRegister)
                  00000e2e    00000002     --HOLE-- [fill = 0]
                  00000e30    00000018     rtsv7M4_T_le_v4SPD16_eabi.lib : args_main.obj (.text)
                  00000e48    00000014                                   : _lock.obj (.text)
                  00000e5c    00000012     driverlib.lib : timer.obj (.text:TimerLoadSet)
                  00000e6e    00000010                   : interrupt.obj (.text:IntMasterEnable)
                  00000e7e    0000000e                   : timer.obj (.text:TimerEnable)
                  00000e8c    0000000e     rtsv7M4_T_le_v4SPD16_eabi.lib : copy_decompress_none.obj (.text:decompress:none)
                  00000e9a    0000000c     driverlib.lib : cpu.obj (.text:CPUcpsie)
                  00000ea6    0000000c     tm4c123gh6pm_startup_ccs.obj (.text)
                  00000eb2    00000008     driverlib.lib : timer.obj (.text:TimerIntEnable)
                  00000eba    00000006                   : gpio.obj (.text:GPIOPinWrite)
                  00000ec0    00000006                   : sysctl.obj (.text:SysCtlDelay)
                  00000ec6    00000006     rtsv7M4_T_le_v4SPD16_eabi.lib : copy_decompress_rle.obj (.text:decompress:rle24)
                  00000ecc    00000004     driverlib.lib : timer.obj (.text:TimerIntClear)
                  00000ed0    00000004     rtsv7M4_T_le_v4SPD16_eabi.lib : pre_init.obj (.text)

.const     0    00000ed4    0000017c     
                  00000ed4    00000070     driverlib.lib : interrupt.obj (.const)
                  00000f44    0000006c                   : sysctl.obj (.const:g_pui32Xtals)
                  00000fb0    00000060                   : timer.obj (.const:g_ppui32TimerIntMap)
                  00001010    00000040                   : timer.obj (.const:g_ppui32TimerIntMapSnowflake)

.cinit     0    00001050    00000054     
                  00001050    00000016     (.cinit..data.load) [load image, compression = rle]
                  00001066    00000002     --HOLE-- [fill = 0]
                  00001068    0000000b     (.cinit..vtable.load) [load image, compression = rle]
                  00001073    00000005     --HOLE-- [fill = 0]
                  00001078    00000009     (.cinit..bss.load) [load image, compression = rle]
                  00001081    00000003     --HOLE-- [fill = 0]
                  00001084    00000008     (__TI_handler_table)
                  0000108c    00000018     (__TI_cinit_table)

.init_array 
*          0    00000000    00000000     UNINITIALIZED

.vtable    0    20000000    0000026c     UNINITIALIZED
                  20000000    0000026c     driverlib.lib : interrupt.obj (.vtable)

.stack     0    2000026c    00000200     UNINITIALIZED
                  2000026c    00000200     --HOLE--

.data      0    2000046c    00000018     UNINITIALIZED
                  2000046c    0000000c     rtsv7M4_T_le_v4SPD16_eabi.lib : exit.obj (.data:$O1$$)
                  20000478    00000008                                   : _lock.obj (.data:$O1$$)
                  20000480    00000004                                   : stkdepth_vars.obj (.data)

.bss       0    20000484    00000015     UNINITIALIZED
                  20000484    00000004     (.common:dakika)
                  20000488    00000004     (.common:saat)
                  2000048c    00000004     (.common:saniye)
                  20000490    00000004     (.common:satir)
                  20000494    00000004     (.common:sutun)
                  20000498    00000001     (.common:yazmadurumu)

MODULE SUMMARY

       Module                         code   ro data   rw data
       ------                         ----   -------   -------
    .\
       tm4c123gh6pm_startup_ccs.obj   12     620       0      
       Saat.obj                       456    0         21     
       Lcd.obj                        468    0         0      
       main.obj                       48     0         0      
    +--+------------------------------+------+---------+---------+
       Total:                         984    620       21     
                                                              
    C:/ti/TivaWare_C_Series-2.1.4.178/driverlib/ccs/Debug/driverlib.lib
       interrupt.obj                  172    112       620    
       sysctl.obj                     574    108       0      
       timer.obj                      240    160       0      
       gpio.obj                       378    0         0      
       cpu.obj                        12     0         0      
    +--+------------------------------+------+---------+---------+
       Total:                         1376   380       620    
                                                              
    C:\ti\ccsv6\tools\compiler\arm_15.12.3.LTS\lib\rtsv7M4_T_le_v4SPD16_eabi.lib
       memcpy_t2.obj                  156    0         0      
       memset_t2.obj                  122    0         0      
       autoinit.obj                   112    0         0      
       copy_decompress_rle.obj        112    0         0      
       exit.obj                       84     0         12     
       boot.obj                       84     0         0      
       cpy_tbl.obj                    76     0         0      
       _lock.obj                      20     0         8      
       args_main.obj                  24     0         0      
       copy_decompress_none.obj       14     0         0      
       pre_init.obj                   4      0         0      
       stkdepth_vars.obj              0      0         4      
       mpu_init.obj                   2      0         0      
       startup.obj                    2      0         0      
    +--+------------------------------+------+---------+---------+
       Total:                         812    0         24     
                                                              
       Stack:                         0      0         512    
       Linker Generated:              0      74        0      
    +--+------------------------------+------+---------+---------+
       Grand Total:                   3172   1074      1177   


LINKER GENERATED COPY TABLES

__TI_cinit_table @ 0000108c records: 3, size/record: 8, table size: 24
	.data: load addr=00001050, load size=00000016 bytes, run addr=2000046c, run size=00000018 bytes, compression=rle
	.vtable: load addr=00001068, load size=0000000b bytes, run addr=20000000, run size=0000026c bytes, compression=rle
	.bss: load addr=00001078, load size=00000009 bytes, run addr=20000484, run size=00000015 bytes, compression=rle


LINKER GENERATED HANDLER TABLE

__TI_handler_table @ 00001084 records: 2, size/record: 4, table size: 8
	index: 0, handler: __TI_decompress_rle24
	index: 1, handler: __TI_decompress_none


GLOBAL SYMBOLS: SORTED ALPHABETICALLY BY Name 

address   name                           
-------   ----                           
00000c51  C$$EXIT                        
00000e9b  CPUcpsie                       
00000dd5  GPIODirModeSet                 
00000609  GPIOPadConfigSet               
00000dff  GPIOPinTypeGPIOOutput          
00000ebb  GPIOPinWrite                   
00000b35  IntEnable                      
00000e6f  IntMasterEnable                
00000d3d  IntRegister                    
0000040d  Lcd_Goto                       
000002b7  Lcd_Komut                      
0000033f  Lcd_Putch                      
000003c7  Lcd_Temizle                    
000003d7  Lcd_YariKomut                  
0000026d  Lcd_init                       
00000ea7  ResetISR                       
UNDEFED   SHT$$INIT_ARRAY$$Base          
UNDEFED   SHT$$INIT_ARRAY$$Limit         
00000441  SaatAyarla                     
00000573  SaatBasla                      
000005b7  SaatKoordinat                  
00000461  SaatYaz                        
0000073d  SysCtlClockGet                 
0000084d  SysCtlClockSet                 
00000ec1  SysCtlDelay                    
00000d71  SysCtlPeripheralEnable         
0000050d  Timer1IntHandler               
00000b9d  TimerConfigure                 
00000e7f  TimerEnable                    
00000ecd  TimerIntClear                  
00000eb3  TimerIntEnable                 
00000e17  TimerIntRegister               
00000e5d  TimerLoadSet                   
000005cf  YazmaAktif                     
2000046c  __STACK_END                    
00000200  __STACK_SIZE                   
2000046c  __STACK_TOP                    
0000108c  __TI_CINIT_Base                
000010a4  __TI_CINIT_Limit               
00001084  __TI_Handler_Table_Base        
0000108c  __TI_Handler_Table_Limit       
00000a59  __TI_auto_init                 
2000046c  __TI_cleanup_ptr               
00000e8d  __TI_decompress_none           
00000ec7  __TI_decompress_rle24          
20000470  __TI_dtors_ptr                 
20000474  __TI_enable_exit_profile_output
ffffffff  __TI_pprof_out_hndl            
ffffffff  __TI_prof_data_size            
ffffffff  __TI_prof_data_start           
00000000  __TI_static_base__             
000009dd  __aeabi_memclr                 
000009dd  __aeabi_memclr4                
000009dd  __aeabi_memclr8                
00000941  __aeabi_memcpy                 
00000941  __aeabi_memcpy4                
00000941  __aeabi_memcpy8                
000009df  __aeabi_memset                 
000009df  __aeabi_memset4                
000009df  __aeabi_memset8                
ffffffff  __binit__                      
ffffffff  __c_args__                     
0000073b  __mpu_init                     
2000026c  __stack                        
00000e31  _args_main                     
00000bfd  _c_int00                       
20000478  _lock                          
00000e57  _nop                           
00000e4f  _register_lock                 
00000e49  _register_unlock               
00000a57  _system_post_cinit             
00000ed1  _system_pre_init               
2000047c  _unlock                        
00000c55  abort                          
ffffffff  binit                          
00000cf1  copy_in                        
20000484  dakika                         
00000c5d  exit                           
20000000  g_pfnRAMVectors                
00000000  g_pfnVectors                   
00000da5  main                           
20000480  main_func_sp                   
00000941  memcpy                         
000009e5  memset                         
20000488  saat                           
2000048c  saniye                         
20000490  satir                          
20000494  sutun                          
20000498  yazmadurumu                    


GLOBAL SYMBOLS: SORTED BY Symbol Address 

address   name                           
-------   ----                           
00000000  __TI_static_base__             
00000000  g_pfnVectors                   
00000200  __STACK_SIZE                   
0000026d  Lcd_init                       
000002b7  Lcd_Komut                      
0000033f  Lcd_Putch                      
000003c7  Lcd_Temizle                    
000003d7  Lcd_YariKomut                  
0000040d  Lcd_Goto                       
00000441  SaatAyarla                     
00000461  SaatYaz                        
0000050d  Timer1IntHandler               
00000573  SaatBasla                      
000005b7  SaatKoordinat                  
000005cf  YazmaAktif                     
00000609  GPIOPadConfigSet               
0000073b  __mpu_init                     
0000073d  SysCtlClockGet                 
0000084d  SysCtlClockSet                 
00000941  __aeabi_memcpy                 
00000941  __aeabi_memcpy4                
00000941  __aeabi_memcpy8                
00000941  memcpy                         
000009dd  __aeabi_memclr                 
000009dd  __aeabi_memclr4                
000009dd  __aeabi_memclr8                
000009df  __aeabi_memset                 
000009df  __aeabi_memset4                
000009df  __aeabi_memset8                
000009e5  memset                         
00000a57  _system_post_cinit             
00000a59  __TI_auto_init                 
00000b35  IntEnable                      
00000b9d  TimerConfigure                 
00000bfd  _c_int00                       
00000c51  C$$EXIT                        
00000c55  abort                          
00000c5d  exit                           
00000cf1  copy_in                        
00000d3d  IntRegister                    
00000d71  SysCtlPeripheralEnable         
00000da5  main                           
00000dd5  GPIODirModeSet                 
00000dff  GPIOPinTypeGPIOOutput          
00000e17  TimerIntRegister               
00000e31  _args_main                     
00000e49  _register_unlock               
00000e4f  _register_lock                 
00000e57  _nop                           
00000e5d  TimerLoadSet                   
00000e6f  IntMasterEnable                
00000e7f  TimerEnable                    
00000e8d  __TI_decompress_none           
00000e9b  CPUcpsie                       
00000ea7  ResetISR                       
00000eb3  TimerIntEnable                 
00000ebb  GPIOPinWrite                   
00000ec1  SysCtlDelay                    
00000ec7  __TI_decompress_rle24          
00000ecd  TimerIntClear                  
00000ed1  _system_pre_init               
00001084  __TI_Handler_Table_Base        
0000108c  __TI_CINIT_Base                
0000108c  __TI_Handler_Table_Limit       
000010a4  __TI_CINIT_Limit               
20000000  g_pfnRAMVectors                
2000026c  __stack                        
2000046c  __STACK_END                    
2000046c  __STACK_TOP                    
2000046c  __TI_cleanup_ptr               
20000470  __TI_dtors_ptr                 
20000474  __TI_enable_exit_profile_output
20000478  _lock                          
2000047c  _unlock                        
20000480  main_func_sp                   
20000484  dakika                         
20000488  saat                           
2000048c  saniye                         
20000490  satir                          
20000494  sutun                          
20000498  yazmadurumu                    
ffffffff  __TI_pprof_out_hndl            
ffffffff  __TI_prof_data_size            
ffffffff  __TI_prof_data_start           
ffffffff  __binit__                      
ffffffff  __c_args__                     
ffffffff  binit                          
UNDEFED   SHT$$INIT_ARRAY$$Base          
UNDEFED   SHT$$INIT_ARRAY$$Limit         

[89 symbols]
