******************************************************************************
                  TI ARM Linker PC v15.12.3                    
******************************************************************************
>> Linked Tue Jan 02 09:36:35 2018

OUTPUT FILE NAME:   <final2015_1.out>
ENTRY POINT SYMBOL: "_c_int00"  address: 00000e25


MEMORY CONFIGURATION

         name            origin    length      used     unused   attr    fill
----------------------  --------  ---------  --------  --------  ----  --------
  FLASH                 00000000   00040000  0000149c  0003eb64  R  X
  SRAM                  20000000   00008000  0000049d  00007b63  RW X


SEGMENT ALLOCATION MAP

run origin  load origin   length   init length attrs members
----------  ----------- ---------- ----------- ----- -------
00000000    00000000    0000149c   0000149c    r-x
  00000000    00000000    0000026c   0000026c    r-- .intvecs
  0000026c    0000026c    00001070   00001070    r-x .text
  000012dc    000012dc    0000016c   0000016c    r-- .const
  00001448    00001448    00000054   00000054    r-- .cinit
20000000    20000000    000004a0   00000000    rw-
  20000000    20000000    0000026c   00000000    rw- .vtable
  2000026c    2000026c    00000200   00000000    rw- .stack
  2000046c    2000046c    00000019   00000000    rw- .bss
  20000488    20000488    00000018   00000000    rw- .data


SECTION ALLOCATION MAP

 output                                  attributes/
section   page    origin      length       input sections
--------  ----  ----------  ----------   ----------------
.intvecs   0    00000000    0000026c     
                  00000000    0000026c     tm4c123gh6pm_startup_ccs.obj (.intvecs)

.text      0    0000026c    00001070     
                  0000026c    00000258     main.obj (.text)
                  000004c4    00000136     rtsv7M4_T_le_v4SPD16_eabi.lib : fd_div_t2.obj (.text)
                  000005fa    00000132     driverlib.lib : gpio.obj (.text:GPIOPadConfigSet)
                  0000072c    00000110                   : sysctl.obj (.text:SysCtlClockGet)
                  0000083c    000000fc     rtsv7M4_T_le_v4SPD16_eabi.lib : fd_mul_t2.obj (.text)
                  00000938    000000f4     driverlib.lib : sysctl.obj (.text:SysCtlClockSet)
                  00000a2c    0000009c     rtsv7M4_T_le_v4SPD16_eabi.lib : memcpy_t2.obj (.text)
                  00000ac8    0000007a     driverlib.lib : adc.obj (.text:ADCSequenceStepConfigure)
                  00000b42    0000007a     rtsv7M4_T_le_v4SPD16_eabi.lib : memset_t2.obj (.text)
                  00000bbc    00000070                                   : autoinit.obj (.text)
                  00000c2c    0000006e                                   : fd_tos_t2.obj (.text)
                  00000c9a    0000006a                                   : copy_decompress_rle.obj (.text)
                  00000d04    00000068     driverlib.lib : interrupt.obj (.text:IntEnable)
                  00000d6c    00000060                   : timer.obj (.text:TimerConfigure)
                  00000dcc    00000058                   : timer.obj (.text:TimerControlTrigger)
                  00000e24    00000054     rtsv7M4_T_le_v4SPD16_eabi.lib : boot.obj (.text)
                  00000e78    00000054                                   : exit.obj (.text)
                  00000ecc    00000050     driverlib.lib : adc.obj (.text:ADCSequenceConfigure)
                  00000f1c    00000050                   : adc.obj (.text:_ADCIntNumberGet)
                  00000f6c    0000004c     rtsv7M4_T_le_v4SPD16_eabi.lib : cpy_tbl.obj (.text)
                  00000fb8    00000048     driverlib.lib : gpio.obj (.text:GPIOPinConfigure)
                  00001000    00000046                   : uart.obj (.text:UARTConfigSetExpClk)
                  00001046    00000002     rtsv7M4_T_le_v4SPD16_eabi.lib : mpu_init.obj (.text)
                  00001048    00000034     driverlib.lib : interrupt.obj (.text:IntRegister)
                  0000107c    00000034                   : sysctl.obj (.text:SysCtlPeripheralEnable)
                  000010b0    0000002e                   : adc.obj (.text:ADCIntStatus)
                  000010de    0000002a                   : gpio.obj (.text:GPIODirModeSet)
                  00001108    00000020                   : uart.obj (.text:UARTDisable)
                  00001128    00000020     rtsv7M4_T_le_v4SPD16_eabi.lib : u_tofd_t2.obj (.text)
                  00001148    0000001e     driverlib.lib : adc.obj (.text:ADCSequenceDataGet)
                  00001166    00000018                   : adc.obj (.text:ADCIntRegister)
                  0000117e    00000018                   : adc.obj (.text:ADCProcessorTrigger)
                  00001196    00000002     rtsv7M4_T_le_v4SPD16_eabi.lib : startup.obj (.text)
                  00001198    00000018     driverlib.lib : timer.obj (.text:TimerDisable)
                  000011b0    00000018     rtsv7M4_T_le_v4SPD16_eabi.lib : args_main.obj (.text)
                  000011c8    00000014     driverlib.lib : uart.obj (.text:UARTEnable)
                  000011dc    00000014     rtsv7M4_T_le_v4SPD16_eabi.lib : _lock.obj (.text)
                  000011f0    00000012     driverlib.lib : gpio.obj (.text:GPIOPinTypeADC)
                  00001202    00000012                   : gpio.obj (.text:GPIOPinTypeGPIOInput)
                  00001214    00000012                   : gpio.obj (.text:GPIOPinTypeUART)
                  00001226    00000012                   : timer.obj (.text:TimerLoadSet)
                  00001238    00000010                   : adc.obj (.text:ADCIntEnable)
                  00001248    00000010                   : interrupt.obj (.text:IntMasterEnable)
                  00001258    0000000e                   : adc.obj (.text:ADCSequenceEnable)
                  00001266    0000000e                   : timer.obj (.text:TimerEnable)
                  00001274    0000000e                   : uart.obj (.text:UARTCharsAvail)
                  00001282    0000000e     rtsv7M4_T_le_v4SPD16_eabi.lib : copy_decompress_none.obj (.text:decompress:none)
                  00001290    0000000c     driverlib.lib : cpu.obj (.text:CPUcpsie)
                  0000129c    0000000c     tm4c123gh6pm_startup_ccs.obj (.text)
                  000012a8    0000000a     driverlib.lib : adc.obj (.text:ADCIntClear)
                  000012b2    0000000a                   : uart.obj (.text:UARTCharGet)
                  000012bc    0000000a                   : uart.obj (.text:UARTCharPut)
                  000012c6    00000006                   : gpio.obj (.text:GPIOPinRead)
                  000012cc    00000006                   : sysctl.obj (.text:SysCtlDelay)
                  000012d2    00000006     rtsv7M4_T_le_v4SPD16_eabi.lib : copy_decompress_rle.obj (.text:decompress:rle24)
                  000012d8    00000004                                   : pre_init.obj (.text)

.const     0    000012dc    0000016c     
                  000012dc    00000090     driverlib.lib : gpio.obj (.const:g_pui32GPIOBaseAddrs)
                  0000136c    00000070                   : interrupt.obj (.const)
                  000013dc    0000006c                   : sysctl.obj (.const:g_pui32Xtals)

.cinit     0    00001448    00000054     
                  00001448    00000016     (.cinit..data.load) [load image, compression = rle]
                  0000145e    00000002     --HOLE-- [fill = 0]
                  00001460    0000000b     (.cinit..vtable.load) [load image, compression = rle]
                  0000146b    00000005     --HOLE-- [fill = 0]
                  00001470    00000009     (.cinit..bss.load) [load image, compression = rle]
                  00001479    00000003     --HOLE-- [fill = 0]
                  0000147c    00000008     (__TI_handler_table)
                  00001484    00000018     (__TI_cinit_table)

.init_array 
*          0    00000000    00000000     UNINITIALIZED

.vtable    0    20000000    0000026c     UNINITIALIZED
                  20000000    0000026c     driverlib.lib : interrupt.obj (.vtable)

.stack     0    2000026c    00000200     UNINITIALIZED
                  2000026c    00000200     --HOLE--

.bss       0    2000046c    00000019     UNINITIALIZED
                  2000046c    00000004     (.common:birler)
                  20000470    00000004     (.common:gelen)
                  20000474    00000004     (.common:onlar)
                  20000478    00000004     (.common:sicaklik)
                  2000047c    00000004     (.common:tam)
                  20000480    00000004     (.common:ui32ADC0Value)
                  20000484    00000001     (.common:karakter)

.data      0    20000488    00000018     UNINITIALIZED
                  20000488    0000000c     rtsv7M4_T_le_v4SPD16_eabi.lib : exit.obj (.data:$O1$$)
                  20000494    00000008                                   : _lock.obj (.data:$O1$$)
                  2000049c    00000004                                   : stkdepth_vars.obj (.data)

MODULE SUMMARY

       Module                         code   ro data   rw data
       ------                         ----   -------   -------
    .\
       tm4c123gh6pm_startup_ccs.obj   12     620       0      
       main.obj                       600    0         25     
    +--+------------------------------+------+---------+---------+
       Total:                         612    620       25     
                                                              
    C:/ti/TivaWare_C_Series-2.1.4.178/driverlib/ccs/Debug/driverlib.lib
       interrupt.obj                  172    112       620    
       sysctl.obj                     574    108       0      
       gpio.obj                       480    144       0      
       adc.obj                        446    0         0      
       timer.obj                      240    0         0      
       uart.obj                       156    0         0      
       cpu.obj                        12     0         0      
    +--+------------------------------+------+---------+---------+
       Total:                         2080   364       620    
                                                              
    C:\ti\ccsv6\tools\compiler\arm_15.12.3.LTS\lib\rtsv7M4_T_le_v4SPD16_eabi.lib
       fd_div_t2.obj                  310    0         0      
       fd_mul_t2.obj                  252    0         0      
       memcpy_t2.obj                  156    0         0      
       memset_t2.obj                  122    0         0      
       autoinit.obj                   112    0         0      
       copy_decompress_rle.obj        112    0         0      
       fd_tos_t2.obj                  110    0         0      
       exit.obj                       84     0         12     
       boot.obj                       84     0         0      
       cpy_tbl.obj                    76     0         0      
       u_tofd_t2.obj                  32     0         0      
       _lock.obj                      20     0         8      
       args_main.obj                  24     0         0      
       copy_decompress_none.obj       14     0         0      
       pre_init.obj                   4      0         0      
       stkdepth_vars.obj              0      0         4      
       mpu_init.obj                   2      0         0      
       startup.obj                    2      0         0      
    +--+------------------------------+------+---------+---------+
       Total:                         1516   0         24     
                                                              
       Stack:                         0      0         512    
       Linker Generated:              0      74        0      
    +--+------------------------------+------+---------+---------+
       Grand Total:                   4208   1058      1181   


LINKER GENERATED COPY TABLES

__TI_cinit_table @ 00001484 records: 3, size/record: 8, table size: 24
	.data: load addr=00001448, load size=00000016 bytes, run addr=20000488, run size=00000018 bytes, compression=rle
	.vtable: load addr=00001460, load size=0000000b bytes, run addr=20000000, run size=0000026c bytes, compression=rle
	.bss: load addr=00001470, load size=00000009 bytes, run addr=2000046c, run size=00000019 bytes, compression=rle


LINKER GENERATED HANDLER TABLE

__TI_handler_table @ 0000147c records: 2, size/record: 4, table size: 8
	index: 0, handler: __TI_decompress_rle24
	index: 1, handler: __TI_decompress_none


GLOBAL SYMBOLS: SORTED ALPHABETICALLY BY Name 

address   name                           
-------   ----                           
000012a9  ADCIntClear                    
00001239  ADCIntEnable                   
00001167  ADCIntRegister                 
000010b1  ADCIntStatus                   
0000117f  ADCProcessorTrigger            
00000ecd  ADCSequenceConfigure           
00001149  ADCSequenceDataGet             
00001259  ADCSequenceEnable              
00000ac9  ADCSequenceStepConfigure       
00000e79  C$$EXIT                        
00001291  CPUcpsie                       
000010df  GPIODirModeSet                 
000005fb  GPIOPadConfigSet               
00000fb9  GPIOPinConfigure               
000012c7  GPIOPinRead                    
000011f1  GPIOPinTypeADC                 
00001203  GPIOPinTypeGPIOInput           
00001215  GPIOPinTypeUART                
00000d05  IntEnable                      
00001249  IntMasterEnable                
00001049  IntRegister                    
0000129d  ResetISR                       
UNDEFED   SHT$$INIT_ARRAY$$Base          
UNDEFED   SHT$$INIT_ARRAY$$Limit         
0000072d  SysCtlClockGet                 
00000939  SysCtlClockSet                 
000012cd  SysCtlDelay                    
0000107d  SysCtlPeripheralEnable         
00000d6d  TimerConfigure                 
00000dcd  TimerControlTrigger            
00001199  TimerDisable                   
00001267  TimerEnable                    
00001227  TimerLoadSet                   
000012b3  UARTCharGet                    
000012bd  UARTCharPut                    
00001275  UARTCharsAvail                 
00001001  UARTConfigSetExpClk            
00001109  UARTDisable                    
000011c9  UARTEnable                     
2000046c  __STACK_END                    
00000200  __STACK_SIZE                   
2000046c  __STACK_TOP                    
00001484  __TI_CINIT_Base                
0000149c  __TI_CINIT_Limit               
0000147c  __TI_Handler_Table_Base        
00001484  __TI_Handler_Table_Limit       
00000bbd  __TI_auto_init                 
20000488  __TI_cleanup_ptr               
00001283  __TI_decompress_none           
000012d3  __TI_decompress_rle24          
2000048c  __TI_dtors_ptr                 
20000490  __TI_enable_exit_profile_output
ffffffff  __TI_pprof_out_hndl            
ffffffff  __TI_prof_data_size            
ffffffff  __TI_prof_data_start           
00000000  __TI_static_base__             
00000c2d  __aeabi_d2f                    
000004c5  __aeabi_ddiv                   
0000083d  __aeabi_dmul                   
00000b43  __aeabi_memclr                 
00000b43  __aeabi_memclr4                
00000b43  __aeabi_memclr8                
00000a2d  __aeabi_memcpy                 
00000a2d  __aeabi_memcpy4                
00000a2d  __aeabi_memcpy8                
00000b45  __aeabi_memset                 
00000b45  __aeabi_memset4                
00000b45  __aeabi_memset8                
00001129  __aeabi_ui2d                   
ffffffff  __binit__                      
ffffffff  __c_args__                     
00001047  __mpu_init                     
2000026c  __stack                        
000011b1  _args_main                     
00000e25  _c_int00                       
20000494  _lock                          
000011eb  _nop                           
000011e3  _register_lock                 
000011dd  _register_unlock               
00001197  _system_post_cinit             
000012d9  _system_pre_init               
20000498  _unlock                        
00000e7d  abort                          
0000026d  adcintt                        
ffffffff  binit                          
2000046c  birler                         
00000f6d  copy_in                        
00000e85  exit                           
20000000  g_pfnRAMVectors                
00000000  g_pfnVectors                   
20000470  gelen                          
20000484  karakter                       
0000030d  main                           
2000049c  main_func_sp                   
00000a2d  memcpy                         
00000b4b  memset                         
20000474  onlar                          
20000478  sicaklik                       
2000047c  tam                            
20000480  ui32ADC0Value                  


GLOBAL SYMBOLS: SORTED BY Symbol Address 

address   name                           
-------   ----                           
00000000  __TI_static_base__             
00000000  g_pfnVectors                   
00000200  __STACK_SIZE                   
0000026d  adcintt                        
0000030d  main                           
000004c5  __aeabi_ddiv                   
000005fb  GPIOPadConfigSet               
0000072d  SysCtlClockGet                 
0000083d  __aeabi_dmul                   
00000939  SysCtlClockSet                 
00000a2d  __aeabi_memcpy                 
00000a2d  __aeabi_memcpy4                
00000a2d  __aeabi_memcpy8                
00000a2d  memcpy                         
00000ac9  ADCSequenceStepConfigure       
00000b43  __aeabi_memclr                 
00000b43  __aeabi_memclr4                
00000b43  __aeabi_memclr8                
00000b45  __aeabi_memset                 
00000b45  __aeabi_memset4                
00000b45  __aeabi_memset8                
00000b4b  memset                         
00000bbd  __TI_auto_init                 
00000c2d  __aeabi_d2f                    
00000d05  IntEnable                      
00000d6d  TimerConfigure                 
00000dcd  TimerControlTrigger            
00000e25  _c_int00                       
00000e79  C$$EXIT                        
00000e7d  abort                          
00000e85  exit                           
00000ecd  ADCSequenceConfigure           
00000f6d  copy_in                        
00000fb9  GPIOPinConfigure               
00001001  UARTConfigSetExpClk            
00001047  __mpu_init                     
00001049  IntRegister                    
0000107d  SysCtlPeripheralEnable         
000010b1  ADCIntStatus                   
000010df  GPIODirModeSet                 
00001109  UARTDisable                    
00001129  __aeabi_ui2d                   
00001149  ADCSequenceDataGet             
00001167  ADCIntRegister                 
0000117f  ADCProcessorTrigger            
00001197  _system_post_cinit             
00001199  TimerDisable                   
000011b1  _args_main                     
000011c9  UARTEnable                     
000011dd  _register_unlock               
000011e3  _register_lock                 
000011eb  _nop                           
000011f1  GPIOPinTypeADC                 
00001203  GPIOPinTypeGPIOInput           
00001215  GPIOPinTypeUART                
00001227  TimerLoadSet                   
00001239  ADCIntEnable                   
00001249  IntMasterEnable                
00001259  ADCSequenceEnable              
00001267  TimerEnable                    
00001275  UARTCharsAvail                 
00001283  __TI_decompress_none           
00001291  CPUcpsie                       
0000129d  ResetISR                       
000012a9  ADCIntClear                    
000012b3  UARTCharGet                    
000012bd  UARTCharPut                    
000012c7  GPIOPinRead                    
000012cd  SysCtlDelay                    
000012d3  __TI_decompress_rle24          
000012d9  _system_pre_init               
0000147c  __TI_Handler_Table_Base        
00001484  __TI_CINIT_Base                
00001484  __TI_Handler_Table_Limit       
0000149c  __TI_CINIT_Limit               
20000000  g_pfnRAMVectors                
2000026c  __stack                        
2000046c  __STACK_END                    
2000046c  __STACK_TOP                    
2000046c  birler                         
20000470  gelen                          
20000474  onlar                          
20000478  sicaklik                       
2000047c  tam                            
20000480  ui32ADC0Value                  
20000484  karakter                       
20000488  __TI_cleanup_ptr               
2000048c  __TI_dtors_ptr                 
20000490  __TI_enable_exit_profile_output
20000494  _lock                          
20000498  _unlock                        
2000049c  main_func_sp                   
ffffffff  __TI_pprof_out_hndl            
ffffffff  __TI_prof_data_size            
ffffffff  __TI_prof_data_start           
ffffffff  __binit__                      
ffffffff  __c_args__                     
ffffffff  binit                          
UNDEFED   SHT$$INIT_ARRAY$$Base          
UNDEFED   SHT$$INIT_ARRAY$$Limit         

[100 symbols]
