<?xml version="1.0"?>
<link_info>
   <banner>TI ARM Linker PC v15.12.3.LTS</banner>
   <copyright>Copyright (c) 1996-2015 Texas Instruments Incorporated</copyright>
   <link_time>0x5a4a2075</link_time>
   <link_errors>0x0</link_errors>
   <output_file>SeriPort.out</output_file>
   <entry_point>
      <name>_c_int00</name>
      <address>0x2981</address>
   </entry_point>
   <input_file_list>
      <input_file id="fl-2">
         <path>.\</path>
         <kind>object</kind>
         <file>Lcd.obj</file>
         <name>Lcd.obj</name>
      </input_file>
      <input_file id="fl-3">
         <path>.\</path>
         <kind>object</kind>
         <file>Saat.obj</file>
         <name>Saat.obj</name>
      </input_file>
      <input_file id="fl-4">
         <path>.\</path>
         <kind>object</kind>
         <file>main.obj</file>
         <name>main.obj</name>
      </input_file>
      <input_file id="fl-5">
         <path>.\</path>
         <kind>object</kind>
         <file>tm4c123gh6pm_startup_ccs.obj</file>
         <name>tm4c123gh6pm_startup_ccs.obj</name>
      </input_file>
      <input_file id="fl-c0">
         <path>C:\ti\ccsv6\tools\compiler\arm_15.12.3.LTS\lib\</path>
         <kind>archive</kind>
         <file>rtsv7M4_T_le_v4SPD16_eabi.lib</file>
         <name>boot.obj</name>
      </input_file>
      <input_file id="fl-c1">
         <path>C:\ti\ccsv6\tools\compiler\arm_15.12.3.LTS\lib\</path>
         <kind>archive</kind>
         <file>rtsv7M4_T_le_v4SPD16_eabi.lib</file>
         <name>copy_decompress_none.obj</name>
      </input_file>
      <input_file id="fl-c2">
         <path>C:\ti\ccsv6\tools\compiler\arm_15.12.3.LTS\lib\</path>
         <kind>archive</kind>
         <file>rtsv7M4_T_le_v4SPD16_eabi.lib</file>
         <name>copy_decompress_rle.obj</name>
      </input_file>
      <input_file id="fl-c3">
         <path>C:\ti\ccsv6\tools\compiler\arm_15.12.3.LTS\lib\</path>
         <kind>archive</kind>
         <file>rtsv7M4_T_le_v4SPD16_eabi.lib</file>
         <name>copy_zero_init.obj</name>
      </input_file>
      <input_file id="fl-c4">
         <path>C:\ti\ccsv6\tools\compiler\arm_15.12.3.LTS\lib\</path>
         <kind>archive</kind>
         <file>rtsv7M4_T_le_v4SPD16_eabi.lib</file>
         <name>exit.obj</name>
      </input_file>
      <input_file id="fl-c5">
         <path>C:\ti\ccsv6\tools\compiler\arm_15.12.3.LTS\lib\</path>
         <kind>archive</kind>
         <file>rtsv7M4_T_le_v4SPD16_eabi.lib</file>
         <name>fd_div_t2.obj</name>
      </input_file>
      <input_file id="fl-c6">
         <path>C:\ti\ccsv6\tools\compiler\arm_15.12.3.LTS\lib\</path>
         <kind>archive</kind>
         <file>rtsv7M4_T_le_v4SPD16_eabi.lib</file>
         <name>fd_mul_t2.obj</name>
      </input_file>
      <input_file id="fl-c7">
         <path>C:\ti\ccsv6\tools\compiler\arm_15.12.3.LTS\lib\</path>
         <kind>archive</kind>
         <file>rtsv7M4_T_le_v4SPD16_eabi.lib</file>
         <name>fd_tos_t2.obj</name>
      </input_file>
      <input_file id="fl-c8">
         <path>C:\ti\ccsv6\tools\compiler\arm_15.12.3.LTS\lib\</path>
         <kind>archive</kind>
         <file>rtsv7M4_T_le_v4SPD16_eabi.lib</file>
         <name>memcpy_t2.obj</name>
      </input_file>
      <input_file id="fl-c9">
         <path>C:\ti\ccsv6\tools\compiler\arm_15.12.3.LTS\lib\</path>
         <kind>archive</kind>
         <file>rtsv7M4_T_le_v4SPD16_eabi.lib</file>
         <name>memset_t2.obj</name>
      </input_file>
      <input_file id="fl-ca">
         <path>C:\ti\ccsv6\tools\compiler\arm_15.12.3.LTS\lib\</path>
         <kind>archive</kind>
         <file>rtsv7M4_T_le_v4SPD16_eabi.lib</file>
         <name>mpu_init.obj</name>
      </input_file>
      <input_file id="fl-cb">
         <path>C:\ti\ccsv6\tools\compiler\arm_15.12.3.LTS\lib\</path>
         <kind>archive</kind>
         <file>rtsv7M4_T_le_v4SPD16_eabi.lib</file>
         <name>pre_init.obj</name>
      </input_file>
      <input_file id="fl-cc">
         <path>C:\ti\ccsv6\tools\compiler\arm_15.12.3.LTS\lib\</path>
         <kind>archive</kind>
         <file>rtsv7M4_T_le_v4SPD16_eabi.lib</file>
         <name>sscanf.obj</name>
      </input_file>
      <input_file id="fl-cd">
         <path>C:\ti\ccsv6\tools\compiler\arm_15.12.3.LTS\lib\</path>
         <kind>archive</kind>
         <file>rtsv7M4_T_le_v4SPD16_eabi.lib</file>
         <name>stkdepth_vars.obj</name>
      </input_file>
      <input_file id="fl-ce">
         <path>C:\ti\ccsv6\tools\compiler\arm_15.12.3.LTS\lib\</path>
         <kind>archive</kind>
         <file>rtsv7M4_T_le_v4SPD16_eabi.lib</file>
         <name>u_tofd_t2.obj</name>
      </input_file>
      <input_file id="fl-cf">
         <path>C:\ti\ccsv6\tools\compiler\arm_15.12.3.LTS\lib\</path>
         <kind>archive</kind>
         <file>rtsv7M4_T_le_v4SPD16_eabi.lib</file>
         <name>_lock.obj</name>
      </input_file>
      <input_file id="fl-d0">
         <path>C:\ti\ccsv6\tools\compiler\arm_15.12.3.LTS\lib\</path>
         <kind>archive</kind>
         <file>rtsv7M4_T_le_v4SPD16_eabi.lib</file>
         <name>_scanfi.obj</name>
      </input_file>
      <input_file id="fl-d1">
         <path>C:\ti\ccsv6\tools\compiler\arm_15.12.3.LTS\lib\</path>
         <kind>archive</kind>
         <file>rtsv7M4_T_le_v4SPD16_eabi.lib</file>
         <name>args_main.obj</name>
      </input_file>
      <input_file id="fl-d2">
         <path>C:\ti\ccsv6\tools\compiler\arm_15.12.3.LTS\lib\</path>
         <kind>archive</kind>
         <file>rtsv7M4_T_le_v4SPD16_eabi.lib</file>
         <name>atoi.obj</name>
      </input_file>
      <input_file id="fl-d3">
         <path>C:\ti\ccsv6\tools\compiler\arm_15.12.3.LTS\lib\</path>
         <kind>archive</kind>
         <file>rtsv7M4_T_le_v4SPD16_eabi.lib</file>
         <name>autoinit.obj</name>
      </input_file>
      <input_file id="fl-d4">
         <path>C:\ti\ccsv6\tools\compiler\arm_15.12.3.LTS\lib\</path>
         <kind>archive</kind>
         <file>rtsv7M4_T_le_v4SPD16_eabi.lib</file>
         <name>cpy_tbl.obj</name>
      </input_file>
      <input_file id="fl-d5">
         <path>C:\ti\ccsv6\tools\compiler\arm_15.12.3.LTS\lib\</path>
         <kind>archive</kind>
         <file>rtsv7M4_T_le_v4SPD16_eabi.lib</file>
         <name>ctype.obj</name>
      </input_file>
      <input_file id="fl-d6">
         <path>C:\ti\ccsv6\tools\compiler\arm_15.12.3.LTS\lib\</path>
         <kind>archive</kind>
         <file>rtsv7M4_T_le_v4SPD16_eabi.lib</file>
         <name>startup.obj</name>
      </input_file>
      <input_file id="fl-d7">
         <path>C:\ti\ccsv6\tools\compiler\arm_15.12.3.LTS\lib\</path>
         <kind>archive</kind>
         <file>rtsv7M4_T_le_v4SPD16_eabi.lib</file>
         <name>strchr.obj</name>
      </input_file>
      <input_file id="fl-d8">
         <path>C:\ti\ccsv6\tools\compiler\arm_15.12.3.LTS\lib\</path>
         <kind>archive</kind>
         <file>rtsv7M4_T_le_v4SPD16_eabi.lib</file>
         <name>strcpy.obj</name>
      </input_file>
      <input_file id="fl-d9">
         <path>C:\ti\ccsv6\tools\compiler\arm_15.12.3.LTS\lib\</path>
         <kind>archive</kind>
         <file>rtsv7M4_T_le_v4SPD16_eabi.lib</file>
         <name>strlen.obj</name>
      </input_file>
      <input_file id="fl-da">
         <path>C:\ti\ccsv6\tools\compiler\arm_15.12.3.LTS\lib\</path>
         <kind>archive</kind>
         <file>rtsv7M4_T_le_v4SPD16_eabi.lib</file>
         <name>strrchr.obj</name>
      </input_file>
      <input_file id="fl-db">
         <path>C:\ti\ccsv6\tools\compiler\arm_15.12.3.LTS\lib\</path>
         <kind>archive</kind>
         <file>rtsv7M4_T_le_v4SPD16_eabi.lib</file>
         <name>strtod.obj</name>
      </input_file>
      <input_file id="fl-dc">
         <path>C:\ti\ccsv6\tools\compiler\arm_15.12.3.LTS\lib\</path>
         <kind>archive</kind>
         <file>rtsv7M4_T_le_v4SPD16_eabi.lib</file>
         <name>strtol.obj</name>
      </input_file>
      <input_file id="fl-dd">
         <path>C:\ti\ccsv6\tools\compiler\arm_15.12.3.LTS\lib\</path>
         <kind>archive</kind>
         <file>rtsv7M4_T_le_v4SPD16_eabi.lib</file>
         <name>strtoll.obj</name>
      </input_file>
      <input_file id="fl-de">
         <path>C:\ti\ccsv6\tools\compiler\arm_15.12.3.LTS\lib\</path>
         <kind>archive</kind>
         <file>rtsv7M4_T_le_v4SPD16_eabi.lib</file>
         <name>strtoul.obj</name>
      </input_file>
      <input_file id="fl-df">
         <path>C:\ti\ccsv6\tools\compiler\arm_15.12.3.LTS\lib\</path>
         <kind>archive</kind>
         <file>rtsv7M4_T_le_v4SPD16_eabi.lib</file>
         <name>strtoull.obj</name>
      </input_file>
      <input_file id="fl-e0">
         <path>C:\ti\ccsv6\tools\compiler\arm_15.12.3.LTS\lib\</path>
         <kind>archive</kind>
         <file>rtsv7M4_T_le_v4SPD16_eabi.lib</file>
         <name>ull_div_t2.obj</name>
      </input_file>
      <input_file id="fl-e1">
         <path>C:\ti\ccsv6\tools\compiler\arm_15.12.3.LTS\lib\</path>
         <kind>archive</kind>
         <file>rtsv7M4_T_le_v4SPD16_eabi.lib</file>
         <name>errno.obj</name>
      </input_file>
      <input_file id="fl-e2">
         <path>C:\ti\ccsv6\tools\compiler\arm_15.12.3.LTS\lib\</path>
         <kind>archive</kind>
         <file>rtsv7M4_T_le_v4SPD16_eabi.lib</file>
         <name>fd_add_t2.obj</name>
      </input_file>
      <input_file id="fl-e3">
         <path>C:\ti\ccsv6\tools\compiler\arm_15.12.3.LTS\lib\</path>
         <kind>archive</kind>
         <file>rtsv7M4_T_le_v4SPD16_eabi.lib</file>
         <name>fd_cmp_t2.obj</name>
      </input_file>
      <input_file id="fl-e4">
         <path>C:\ti\ccsv6\tools\compiler\arm_15.12.3.LTS\lib\</path>
         <kind>archive</kind>
         <file>rtsv7M4_T_le_v4SPD16_eabi.lib</file>
         <name>ll_mul_t2.obj</name>
      </input_file>
      <input_file id="fl-e5">
         <path>C:\ti\TivaWare_C_Series-2.1.4.178\driverlib\ccs\Debug\</path>
         <kind>archive</kind>
         <file>driverlib.lib</file>
         <name>adc.obj</name>
      </input_file>
      <input_file id="fl-e6">
         <path>C:\ti\TivaWare_C_Series-2.1.4.178\driverlib\ccs\Debug\</path>
         <kind>archive</kind>
         <file>driverlib.lib</file>
         <name>gpio.obj</name>
      </input_file>
      <input_file id="fl-e7">
         <path>C:\ti\TivaWare_C_Series-2.1.4.178\driverlib\ccs\Debug\</path>
         <kind>archive</kind>
         <file>driverlib.lib</file>
         <name>interrupt.obj</name>
      </input_file>
      <input_file id="fl-e8">
         <path>C:\ti\TivaWare_C_Series-2.1.4.178\driverlib\ccs\Debug\</path>
         <kind>archive</kind>
         <file>driverlib.lib</file>
         <name>sysctl.obj</name>
      </input_file>
      <input_file id="fl-e9">
         <path>C:\ti\TivaWare_C_Series-2.1.4.178\driverlib\ccs\Debug\</path>
         <kind>archive</kind>
         <file>driverlib.lib</file>
         <name>timer.obj</name>
      </input_file>
      <input_file id="fl-ea">
         <path>C:\ti\TivaWare_C_Series-2.1.4.178\driverlib\ccs\Debug\</path>
         <kind>archive</kind>
         <file>driverlib.lib</file>
         <name>uart.obj</name>
      </input_file>
      <input_file id="fl-eb">
         <path>C:\ti\TivaWare_C_Series-2.1.4.178\driverlib\ccs\Debug\</path>
         <kind>archive</kind>
         <file>driverlib.lib</file>
         <name>cpu.obj</name>
      </input_file>
   </input_file_list>
   <object_component_list>
      <object_component id="oc-f">
         <name>.intvecs</name>
         <load_address>0x0</load_address>
         <run_address>0x0</run_address>
         <size>0x26c</size>
         <input_file_ref idref="fl-5"/>
      </object_component>
      <object_component id="oc-232">
         <name>.text</name>
         <load_address>0x26c</load_address>
         <run_address>0x26c</run_address>
         <size>0x92a</size>
         <input_file_ref idref="fl-d0"/>
      </object_component>
      <object_component id="oc-59">
         <name>.text</name>
         <load_address>0xb96</load_address>
         <run_address>0xb96</run_address>
         <size>0x2</size>
         <input_file_ref idref="fl-ca"/>
      </object_component>
      <object_component id="oc-ab">
         <name>.text</name>
         <load_address>0xb98</load_address>
         <run_address>0xb98</run_address>
         <size>0x414</size>
         <input_file_ref idref="fl-4"/>
      </object_component>
      <object_component id="oc-286">
         <name>.text</name>
         <load_address>0xfac</load_address>
         <run_address>0xfac</run_address>
         <size>0x23c</size>
         <input_file_ref idref="fl-db"/>
      </object_component>
      <object_component id="oc-2d3">
         <name>.text</name>
         <load_address>0x11e8</load_address>
         <run_address>0x11e8</run_address>
         <size>0x1f4</size>
         <input_file_ref idref="fl-e0"/>
      </object_component>
      <object_component id="oc-292">
         <name>.text</name>
         <load_address>0x13dc</load_address>
         <run_address>0x13dc</run_address>
         <size>0x1e4</size>
         <input_file_ref idref="fl-dd"/>
      </object_component>
      <object_component id="oc-cd">
         <name>.text</name>
         <load_address>0x15c0</load_address>
         <run_address>0x15c0</run_address>
         <size>0x1d4</size>
         <input_file_ref idref="fl-2"/>
      </object_component>
      <object_component id="oc-175">
         <name>.text</name>
         <load_address>0x1794</load_address>
         <run_address>0x1794</run_address>
         <size>0x1c8</size>
         <input_file_ref idref="fl-3"/>
      </object_component>
      <object_component id="oc-2da">
         <name>.text</name>
         <load_address>0x195c</load_address>
         <run_address>0x195c</run_address>
         <size>0x1b6</size>
         <input_file_ref idref="fl-e2"/>
      </object_component>
      <object_component id="oc-a3">
         <name>.text</name>
         <load_address>0x1b12</load_address>
         <run_address>0x1b12</run_address>
         <size>0x2</size>
         <input_file_ref idref="fl-d6"/>
      </object_component>
      <object_component id="oc-280">
         <name>.text</name>
         <load_address>0x1b14</load_address>
         <run_address>0x1b14</run_address>
         <size>0x16c</size>
         <input_file_ref idref="fl-df"/>
      </object_component>
      <object_component id="oc-ef">
         <name>.text</name>
         <load_address>0x1c80</load_address>
         <run_address>0x1c80</run_address>
         <size>0x136</size>
         <input_file_ref idref="fl-c5"/>
      </object_component>
      <object_component id="oc-28c">
         <name>.text</name>
         <load_address>0x1db8</load_address>
         <run_address>0x1db8</run_address>
         <size>0x134</size>
         <input_file_ref idref="fl-dc"/>
      </object_component>
      <object_component id="oc-127">
         <name>.text:GPIOPadConfigSet</name>
         <load_address>0x1eec</load_address>
         <run_address>0x1eec</run_address>
         <size>0x132</size>
         <input_file_ref idref="fl-e6"/>
      </object_component>
      <object_component id="oc-27a">
         <name>.text</name>
         <load_address>0x2020</load_address>
         <run_address>0x2020</run_address>
         <size>0x114</size>
         <input_file_ref idref="fl-de"/>
      </object_component>
      <object_component id="oc-115">
         <name>.text:SysCtlClockGet</name>
         <load_address>0x2134</load_address>
         <run_address>0x2134</run_address>
         <size>0x110</size>
         <input_file_ref idref="fl-e8"/>
      </object_component>
      <object_component id="oc-ea">
         <name>.text</name>
         <load_address>0x2244</load_address>
         <run_address>0x2244</run_address>
         <size>0xfc</size>
         <input_file_ref idref="fl-c6"/>
      </object_component>
      <object_component id="oc-fd">
         <name>.text:SysCtlClockSet</name>
         <load_address>0x2340</load_address>
         <run_address>0x2340</run_address>
         <size>0xf4</size>
         <input_file_ref idref="fl-e8"/>
      </object_component>
      <object_component id="oc-187">
         <name>.text</name>
         <load_address>0x2434</load_address>
         <run_address>0x2434</run_address>
         <size>0xcc</size>
         <input_file_ref idref="fl-cc"/>
      </object_component>
      <object_component id="oc-34">
         <name>.text</name>
         <load_address>0x2500</load_address>
         <run_address>0x2500</run_address>
         <size>0x9c</size>
         <input_file_ref idref="fl-c8"/>
      </object_component>
      <object_component id="oc-2df">
         <name>.text:__aeabi_cdcmple</name>
         <load_address>0x259c</load_address>
         <run_address>0x259c</run_address>
         <size>0x86</size>
         <input_file_ref idref="fl-e3"/>
      </object_component>
      <object_component id="oc-13f">
         <name>.text:ADCSequenceStepConfigure</name>
         <load_address>0x2622</load_address>
         <run_address>0x2622</run_address>
         <size>0x7a</size>
         <input_file_ref idref="fl-e5"/>
      </object_component>
      <object_component id="oc-4d">
         <name>.text</name>
         <load_address>0x269c</load_address>
         <run_address>0x269c</run_address>
         <size>0x7a</size>
         <input_file_ref idref="fl-c9"/>
      </object_component>
      <object_component id="oc-65">
         <name>.text</name>
         <load_address>0x2718</load_address>
         <run_address>0x2718</run_address>
         <size>0x70</size>
         <input_file_ref idref="fl-d3"/>
      </object_component>
      <object_component id="oc-f4">
         <name>.text</name>
         <load_address>0x2788</load_address>
         <run_address>0x2788</run_address>
         <size>0x6e</size>
         <input_file_ref idref="fl-c7"/>
      </object_component>
      <object_component id="oc-40">
         <name>.text</name>
         <load_address>0x27f6</load_address>
         <run_address>0x27f6</run_address>
         <size>0x6a</size>
         <input_file_ref idref="fl-c2"/>
      </object_component>
      <object_component id="oc-169">
         <name>.text:IntEnable</name>
         <load_address>0x2860</load_address>
         <run_address>0x2860</run_address>
         <size>0x68</size>
         <input_file_ref idref="fl-e7"/>
      </object_component>
      <object_component id="oc-12d">
         <name>.text:TimerConfigure</name>
         <load_address>0x28c8</load_address>
         <run_address>0x28c8</run_address>
         <size>0x60</size>
         <input_file_ref idref="fl-e9"/>
      </object_component>
      <object_component id="oc-14b">
         <name>.text:TimerControlTrigger</name>
         <load_address>0x2928</load_address>
         <run_address>0x2928</run_address>
         <size>0x58</size>
         <input_file_ref idref="fl-e9"/>
      </object_component>
      <object_component id="oc-24">
         <name>.text</name>
         <load_address>0x2980</load_address>
         <run_address>0x2980</run_address>
         <size>0x54</size>
         <input_file_ref idref="fl-c0"/>
      </object_component>
      <object_component id="oc-71">
         <name>.text</name>
         <load_address>0x29d4</load_address>
         <run_address>0x29d4</run_address>
         <size>0x54</size>
         <input_file_ref idref="fl-c4"/>
      </object_component>
      <object_component id="oc-139">
         <name>.text:ADCSequenceConfigure</name>
         <load_address>0x2a28</load_address>
         <run_address>0x2a28</run_address>
         <size>0x50</size>
         <input_file_ref idref="fl-e5"/>
      </object_component>
      <object_component id="oc-201">
         <name>.text:_ADCIntNumberGet</name>
         <load_address>0x2a78</load_address>
         <run_address>0x2a78</run_address>
         <size>0x50</size>
         <input_file_ref idref="fl-e5"/>
      </object_component>
      <object_component id="oc-26a">
         <name>.text:_TimerIntNumberGet</name>
         <load_address>0x2ac8</load_address>
         <run_address>0x2ac8</run_address>
         <size>0x4c</size>
         <input_file_ref idref="fl-e9"/>
      </object_component>
      <object_component id="oc-2ab">
         <name>.text</name>
         <load_address>0x2b14</load_address>
         <run_address>0x2b14</run_address>
         <size>0x4c</size>
         <input_file_ref idref="fl-d2"/>
      </object_component>
      <object_component id="oc-9d">
         <name>.text</name>
         <load_address>0x2b60</load_address>
         <run_address>0x2b60</run_address>
         <size>0x4c</size>
         <input_file_ref idref="fl-d4"/>
      </object_component>
      <object_component id="oc-109">
         <name>.text:GPIOPinConfigure</name>
         <load_address>0x2bac</load_address>
         <run_address>0x2bac</run_address>
         <size>0x48</size>
         <input_file_ref idref="fl-e6"/>
      </object_component>
      <object_component id="oc-11b">
         <name>.text:UARTConfigSetExpClk</name>
         <load_address>0x2bf4</load_address>
         <run_address>0x2bf4</run_address>
         <size>0x46</size>
         <input_file_ref idref="fl-ea"/>
      </object_component>
      <object_component id="oc-207">
         <name>.text:IntRegister</name>
         <load_address>0x2c3c</load_address>
         <run_address>0x2c3c</run_address>
         <size>0x34</size>
         <input_file_ref idref="fl-e7"/>
      </object_component>
      <object_component id="oc-103">
         <name>.text:SysCtlPeripheralEnable</name>
         <load_address>0x2c70</load_address>
         <run_address>0x2c70</run_address>
         <size>0x34</size>
         <input_file_ref idref="fl-e8"/>
      </object_component>
      <object_component id="oc-1d8">
         <name>.text:GPIODirModeSet</name>
         <load_address>0x2ca4</load_address>
         <run_address>0x2ca4</run_address>
         <size>0x2a</size>
         <input_file_ref idref="fl-e6"/>
      </object_component>
      <object_component id="oc-1e3">
         <name>.text:UARTDisable</name>
         <load_address>0x2cd0</load_address>
         <run_address>0x2cd0</run_address>
         <size>0x20</size>
         <input_file_ref idref="fl-ea"/>
      </object_component>
      <object_component id="oc-e5">
         <name>.text</name>
         <load_address>0x2cf0</load_address>
         <run_address>0x2cf0</run_address>
         <size>0x20</size>
         <input_file_ref idref="fl-ce"/>
      </object_component>
      <object_component id="oc-df">
         <name>.text:ADCSequenceDataGet</name>
         <load_address>0x2d10</load_address>
         <run_address>0x2d10</run_address>
         <size>0x1e</size>
         <input_file_ref idref="fl-e5"/>
      </object_component>
      <object_component id="oc-15d">
         <name>.text:ADCIntRegister</name>
         <load_address>0x2d2e</load_address>
         <run_address>0x2d2e</run_address>
         <size>0x18</size>
         <input_file_ref idref="fl-e5"/>
      </object_component>
      <object_component id="oc-16f">
         <name>.text:ADCProcessorTrigger</name>
         <load_address>0x2d46</load_address>
         <run_address>0x2d46</run_address>
         <size>0x18</size>
         <input_file_ref idref="fl-e5"/>
      </object_component>
      <object_component id="oc-1b6">
         <name>.text:GPIOPinTypeGPIOOutput</name>
         <load_address>0x2d5e</load_address>
         <run_address>0x2d5e</run_address>
         <size>0x18</size>
         <input_file_ref idref="fl-e6"/>
      </object_component>
      <object_component id="oc-21b">
         <name>.text:TimerIntRegister</name>
         <load_address>0x2d76</load_address>
         <run_address>0x2d76</run_address>
         <size>0x18</size>
         <input_file_ref idref="fl-e9"/>
      </object_component>
      <object_component id="oc-6b">
         <name>.text</name>
         <load_address>0x2d90</load_address>
         <run_address>0x2d90</run_address>
         <size>0x18</size>
         <input_file_ref idref="fl-d1"/>
      </object_component>
      <object_component id="oc-2ce">
         <name>.text</name>
         <load_address>0x2da8</load_address>
         <run_address>0x2da8</run_address>
         <size>0x18</size>
         <input_file_ref idref="fl-e4"/>
      </object_component>
      <object_component id="oc-299">
         <name>.text</name>
         <load_address>0x2dc0</load_address>
         <run_address>0x2dc0</run_address>
         <size>0x18</size>
         <input_file_ref idref="fl-da"/>
      </object_component>
      <object_component id="oc-274">
         <name>.text</name>
         <load_address>0x2dd8</load_address>
         <run_address>0x2dd8</run_address>
         <size>0x16</size>
         <input_file_ref idref="fl-d7"/>
      </object_component>
      <object_component id="oc-1e9">
         <name>.text:UARTEnable</name>
         <load_address>0x2dee</load_address>
         <run_address>0x2dee</run_address>
         <size>0x14</size>
         <input_file_ref idref="fl-ea"/>
      </object_component>
      <object_component id="oc-1a3">
         <name>.text</name>
         <load_address>0x2e04</load_address>
         <run_address>0x2e04</run_address>
         <size>0x14</size>
         <input_file_ref idref="fl-cf"/>
      </object_component>
      <object_component id="oc-29f">
         <name>.text</name>
         <load_address>0x2e18</load_address>
         <run_address>0x2e18</run_address>
         <size>0x14</size>
         <input_file_ref idref="fl-d8"/>
      </object_component>
      <object_component id="oc-2a5">
         <name>.text</name>
         <load_address>0x2e2c</load_address>
         <run_address>0x2e2c</run_address>
         <size>0x14</size>
         <input_file_ref idref="fl-d9"/>
      </object_component>
      <object_component id="oc-121">
         <name>.text:GPIOPinTypeADC</name>
         <load_address>0x2e40</load_address>
         <run_address>0x2e40</run_address>
         <size>0x12</size>
         <input_file_ref idref="fl-e6"/>
      </object_component>
      <object_component id="oc-10f">
         <name>.text:GPIOPinTypeUART</name>
         <load_address>0x2e52</load_address>
         <run_address>0x2e52</run_address>
         <size>0x12</size>
         <input_file_ref idref="fl-e6"/>
      </object_component>
      <object_component id="oc-133">
         <name>.text:TimerLoadSet</name>
         <load_address>0x2e64</load_address>
         <run_address>0x2e64</run_address>
         <size>0x12</size>
         <input_file_ref idref="fl-e9"/>
      </object_component>
      <object_component id="oc-163">
         <name>.text:ADCIntEnable</name>
         <load_address>0x2e76</load_address>
         <run_address>0x2e76</run_address>
         <size>0x10</size>
         <input_file_ref idref="fl-e5"/>
      </object_component>
      <object_component id="oc-157">
         <name>.text:IntMasterEnable</name>
         <load_address>0x2e86</load_address>
         <run_address>0x2e86</run_address>
         <size>0x10</size>
         <input_file_ref idref="fl-e7"/>
      </object_component>
      <object_component id="oc-145">
         <name>.text:ADCSequenceEnable</name>
         <load_address>0x2e96</load_address>
         <run_address>0x2e96</run_address>
         <size>0xe</size>
         <input_file_ref idref="fl-e5"/>
      </object_component>
      <object_component id="oc-151">
         <name>.text:TimerEnable</name>
         <load_address>0x2ea4</load_address>
         <run_address>0x2ea4</run_address>
         <size>0xe</size>
         <input_file_ref idref="fl-e9"/>
      </object_component>
      <object_component id="oc-17b">
         <name>.text:UARTCharsAvail</name>
         <load_address>0x2eb2</load_address>
         <run_address>0x2eb2</run_address>
         <size>0xe</size>
         <input_file_ref idref="fl-ea"/>
      </object_component>
      <object_component id="oc-12">
         <name>.text:decompress:none</name>
         <load_address>0x2ec0</load_address>
         <run_address>0x2ec0</run_address>
         <size>0xe</size>
         <input_file_ref idref="fl-c1"/>
      </object_component>
      <object_component id="oc-1fa">
         <name>.text:CPUcpsie</name>
         <load_address>0x2ece</load_address>
         <run_address>0x2ece</run_address>
         <size>0xc</size>
         <input_file_ref idref="fl-eb"/>
      </object_component>
      <object_component id="oc-2b">
         <name>.text</name>
         <load_address>0x2eda</load_address>
         <run_address>0x2eda</run_address>
         <size>0xc</size>
         <input_file_ref idref="fl-5"/>
      </object_component>
      <object_component id="oc-d9">
         <name>.text:ADCIntClear</name>
         <load_address>0x2ee6</load_address>
         <run_address>0x2ee6</run_address>
         <size>0xa</size>
         <input_file_ref idref="fl-e5"/>
      </object_component>
      <object_component id="oc-181">
         <name>.text:UARTCharGet</name>
         <load_address>0x2ef0</load_address>
         <run_address>0x2ef0</run_address>
         <size>0xa</size>
         <input_file_ref idref="fl-ea"/>
      </object_component>
      <object_component id="oc-d3">
         <name>.text:UARTCharPut</name>
         <load_address>0x2efa</load_address>
         <run_address>0x2efa</run_address>
         <size>0xa</size>
         <input_file_ref idref="fl-ea"/>
      </object_component>
      <object_component id="oc-221">
         <name>.text:TimerIntEnable</name>
         <load_address>0x2f04</load_address>
         <run_address>0x2f04</run_address>
         <size>0x8</size>
         <input_file_ref idref="fl-e9"/>
      </object_component>
      <object_component id="oc-1bc">
         <name>.text:GPIOPinWrite</name>
         <load_address>0x2f0c</load_address>
         <run_address>0x2f0c</run_address>
         <size>0x6</size>
         <input_file_ref idref="fl-e6"/>
      </object_component>
      <object_component id="oc-1c2">
         <name>.text:SysCtlDelay</name>
         <load_address>0x2f12</load_address>
         <run_address>0x2f12</run_address>
         <size>0x6</size>
         <input_file_ref idref="fl-e8"/>
      </object_component>
      <object_component id="oc-18">
         <name>.text:decompress:rle24</name>
         <load_address>0x2f18</load_address>
         <run_address>0x2f18</run_address>
         <size>0x6</size>
         <input_file_ref idref="fl-c2"/>
      </object_component>
      <object_component id="oc-215">
         <name>.text:TimerIntClear</name>
         <load_address>0x2f1e</load_address>
         <run_address>0x2f1e</run_address>
         <size>0x4</size>
         <input_file_ref idref="fl-e9"/>
      </object_component>
      <object_component id="oc-5f">
         <name>.text</name>
         <load_address>0x2f22</load_address>
         <run_address>0x2f22</run_address>
         <size>0x4</size>
         <input_file_ref idref="fl-cb"/>
      </object_component>
      <object_component id="oc-238">
         <name>.const:.string:_ctypes_</name>
         <load_address>0x2f28</load_address>
         <run_address>0x2f28</run_address>
         <size>0x101</size>
         <input_file_ref idref="fl-d5"/>
      </object_component>
      <object_component id="oc-2e4">
         <name>.const:$O1$$</name>
         <load_address>0x3030</load_address>
         <run_address>0x3030</run_address>
         <size>0x98</size>
         <input_file_ref idref="fl-db"/>
      </object_component>
      <object_component id="oc-1d3">
         <name>.const:g_pui32GPIOBaseAddrs</name>
         <load_address>0x30c8</load_address>
         <run_address>0x30c8</run_address>
         <size>0x90</size>
         <input_file_ref idref="fl-e6"/>
      </object_component>
      <object_component id="oc-20f">
         <name>.const</name>
         <load_address>0x3158</load_address>
         <run_address>0x3158</run_address>
         <size>0x70</size>
         <input_file_ref idref="fl-e7"/>
      </object_component>
      <object_component id="oc-1df">
         <name>.const:g_pui32Xtals</name>
         <load_address>0x31c8</load_address>
         <run_address>0x31c8</run_address>
         <size>0x6c</size>
         <input_file_ref idref="fl-e8"/>
      </object_component>
      <object_component id="oc-2c0">
         <name>.const:g_ppui32TimerIntMap</name>
         <load_address>0x3234</load_address>
         <run_address>0x3234</run_address>
         <size>0x60</size>
         <input_file_ref idref="fl-e9"/>
      </object_component>
      <object_component id="oc-2c3">
         <name>.const:g_ppui32TimerIntMapSnowflake</name>
         <load_address>0x3294</load_address>
         <run_address>0x3294</run_address>
         <size>0x40</size>
         <input_file_ref idref="fl-e9"/>
      </object_component>
      <object_component id="oc-298">
         <name>.const:$O1$$</name>
         <load_address>0x32d4</load_address>
         <run_address>0x32d4</run_address>
         <size>0x10</size>
         <input_file_ref idref="fl-d0"/>
      </object_component>
      <object_component id="oc-341">
         <name>.cinit..data.load</name>
         <load_address>0x32e8</load_address>
         <run_address>0x32e8</run_address>
         <size>0x16</size>
      </object_component>
      <object_component id="oc-340">
         <name>.cinit..vtable.load</name>
         <load_address>0x3300</load_address>
         <run_address>0x3300</run_address>
         <size>0xb</size>
      </object_component>
      <object_component id="oc-342">
         <name>.cinit..bss.load</name>
         <load_address>0x3310</load_address>
         <run_address>0x3310</run_address>
         <size>0x9</size>
      </object_component>
      <object_component id="oc-33e">
         <name>__TI_handler_table</name>
         <load_address>0x331c</load_address>
         <run_address>0x331c</run_address>
         <size>0x8</size>
      </object_component>
      <object_component id="oc-33f">
         <name>__TI_cinit_table</name>
         <load_address>0x3324</load_address>
         <run_address>0x3324</run_address>
         <size>0x18</size>
      </object_component>
      <object_component id="oc-261">
         <name>.vtable</name>
         <uninitialized>true</uninitialized>
         <run_address>0x20000000</run_address>
         <size>0x26c</size>
         <input_file_ref idref="fl-e7"/>
      </object_component>
      <object_component id="oc-18d">
         <name>.data</name>
         <load_address>0x200004c4</load_address>
         <run_address>0x200004c4</run_address>
         <size>0x3</size>
         <input_file_ref idref="fl-4"/>
      </object_component>
      <object_component id="oc-b3">
         <name>.data:$O1$$</name>
         <load_address>0x200004a8</load_address>
         <run_address>0x200004a8</run_address>
         <size>0xc</size>
         <input_file_ref idref="fl-c4"/>
      </object_component>
      <object_component id="oc-77">
         <name>.data</name>
         <load_address>0x200004c0</load_address>
         <run_address>0x200004c0</run_address>
         <size>0x4</size>
         <input_file_ref idref="fl-cd"/>
      </object_component>
      <object_component id="oc-b6">
         <name>.data:$O1$$</name>
         <load_address>0x200004b4</load_address>
         <run_address>0x200004b4</run_address>
         <size>0x8</size>
         <input_file_ref idref="fl-cf"/>
      </object_component>
      <object_component id="oc-2c9">
         <name>.data</name>
         <load_address>0x200004bc</load_address>
         <run_address>0x200004bc</run_address>
         <size>0x4</size>
         <input_file_ref idref="fl-e1"/>
      </object_component>
      <object_component id="oc-22b">
         <name>.common:saniye</name>
         <uninitialized>true</uninitialized>
         <run_address>0x2000048c</run_address>
         <size>0x4</size>
      </object_component>
      <object_component id="oc-22a">
         <name>.common:dakika</name>
         <uninitialized>true</uninitialized>
         <run_address>0x20000484</run_address>
         <size>0x4</size>
      </object_component>
      <object_component id="oc-227">
         <name>.common:saat</name>
         <uninitialized>true</uninitialized>
         <run_address>0x20000488</run_address>
         <size>0x4</size>
      </object_component>
      <object_component id="oc-22c">
         <name>.common:satir</name>
         <uninitialized>true</uninitialized>
         <run_address>0x20000490</run_address>
         <size>0x4</size>
      </object_component>
      <object_component id="oc-22d">
         <name>.common:sutun</name>
         <uninitialized>true</uninitialized>
         <run_address>0x20000494</run_address>
         <size>0x4</size>
      </object_component>
      <object_component id="oc-22e">
         <name>.common:yazmadurumu</name>
         <uninitialized>true</uninitialized>
         <run_address>0x200004a4</run_address>
         <size>0x1</size>
      </object_component>
      <object_component id="oc-fc">
         <name>.common:ui32ADC0Value</name>
         <uninitialized>true</uninitialized>
         <run_address>0x2000046c</run_address>
         <size>0x10</size>
      </object_component>
      <object_component id="oc-190">
         <name>.common:ui32TempAvg</name>
         <uninitialized>true</uninitialized>
         <run_address>0x20000498</run_address>
         <size>0x4</size>
      </object_component>
      <object_component id="oc-192">
         <name>.common:ui32TempValueC</name>
         <uninitialized>true</uninitialized>
         <run_address>0x2000049c</run_address>
         <size>0x4</size>
      </object_component>
      <object_component id="oc-191">
         <name>.common:voltage</name>
         <uninitialized>true</uninitialized>
         <run_address>0x200004a0</run_address>
         <size>0x4</size>
      </object_component>
      <object_component id="oc-f9">
         <name>.common:ADCdeger</name>
         <uninitialized>true</uninitialized>
         <run_address>0x2000047c</run_address>
         <size>0x4</size>
      </object_component>
      <object_component id="oc-193">
         <name>.common:Temp</name>
         <uninitialized>true</uninitialized>
         <run_address>0x20000480</run_address>
         <size>0x4</size>
      </object_component>
      <object_component id="oc-2a">
         <name>.stack</name>
         <uninitialized>true</uninitialized>
         <run_address>0x2000026c</run_address>
         <size>0x0</size>
         <input_file_ref idref="fl-c0"/>
      </object_component>
      <object_component id="oc-343">
         <name>.stack</name>
         <uninitialized>true</uninitialized>
         <run_address>0x2000026c</run_address>
         <size>0x0</size>
      </object_component>
      <object_component id="oc-ce">
         <name>.debug_info</name>
         <load_address>0x0</load_address>
         <run_address>0x0</run_address>
         <size>0x5fb</size>
         <input_file_ref idref="fl-2"/>
      </object_component>
      <object_component id="oc-8b">
         <name>.debug_info</name>
         <load_address>0x5fb</load_address>
         <run_address>0x5fb</run_address>
         <size>0x84</size>
         <input_file_ref idref="fl-2"/>
      </object_component>
      <object_component id="oc-7e">
         <name>.debug_info</name>
         <load_address>0x67f</load_address>
         <run_address>0x67f</run_address>
         <size>0x18b</size>
         <input_file_ref idref="fl-2"/>
      </object_component>
      <object_component id="oc-228">
         <name>.debug_info</name>
         <load_address>0x80a</load_address>
         <run_address>0x80a</run_address>
         <size>0x39b</size>
         <input_file_ref idref="fl-3"/>
      </object_component>
      <object_component id="oc-177">
         <name>.debug_info</name>
         <load_address>0xba5</load_address>
         <run_address>0xba5</run_address>
         <size>0x56a</size>
         <input_file_ref idref="fl-3"/>
      </object_component>
      <object_component id="oc-195">
         <name>.debug_info</name>
         <load_address>0x110f</load_address>
         <run_address>0x110f</run_address>
         <size>0x8b</size>
         <input_file_ref idref="fl-3"/>
      </object_component>
      <object_component id="oc-fa">
         <name>.debug_info</name>
         <load_address>0x119a</load_address>
         <run_address>0x119a</run_address>
         <size>0x935</size>
         <input_file_ref idref="fl-4"/>
      </object_component>
      <object_component id="oc-18e">
         <name>.debug_info</name>
         <load_address>0x1acf</load_address>
         <run_address>0x1acf</run_address>
         <size>0x11b</size>
         <input_file_ref idref="fl-4"/>
      </object_component>
      <object_component id="oc-af">
         <name>.debug_info</name>
         <load_address>0x1bea</load_address>
         <run_address>0x1bea</run_address>
         <size>0x6fb</size>
         <input_file_ref idref="fl-4"/>
      </object_component>
      <object_component id="oc-33">
         <name>.debug_info</name>
         <load_address>0x22e5</load_address>
         <run_address>0x22e5</run_address>
         <size>0xfc</size>
         <input_file_ref idref="fl-5"/>
      </object_component>
      <object_component id="oc-10">
         <name>.debug_info</name>
         <load_address>0x23e1</load_address>
         <run_address>0x23e1</run_address>
         <size>0xe7</size>
         <input_file_ref idref="fl-5"/>
      </object_component>
      <object_component id="oc-2c">
         <name>.debug_info</name>
         <load_address>0x24c8</load_address>
         <run_address>0x24c8</run_address>
         <size>0x263</size>
         <input_file_ref idref="fl-5"/>
      </object_component>
      <object_component id="oc-25">
         <name>.debug_info</name>
         <load_address>0x272b</load_address>
         <run_address>0x272b</run_address>
         <size>0x161</size>
         <input_file_ref idref="fl-c0"/>
      </object_component>
      <object_component id="oc-3f">
         <name>.debug_info</name>
         <load_address>0x288c</load_address>
         <run_address>0x288c</run_address>
         <size>0x141</size>
         <input_file_ref idref="fl-c1"/>
      </object_component>
      <object_component id="oc-13">
         <name>.debug_info</name>
         <load_address>0x29cd</load_address>
         <run_address>0x29cd</run_address>
         <size>0x1e0</size>
         <input_file_ref idref="fl-c1"/>
      </object_component>
      <object_component id="oc-3a">
         <name>.debug_info</name>
         <load_address>0x2bad</load_address>
         <run_address>0x2bad</run_address>
         <size>0x46</size>
         <input_file_ref idref="fl-c1"/>
      </object_component>
      <object_component id="oc-84">
         <name>.debug_info</name>
         <load_address>0x2bf3</load_address>
         <run_address>0x2bf3</run_address>
         <size>0x2c</size>
         <input_file_ref idref="fl-c1"/>
      </object_component>
      <object_component id="oc-47">
         <name>.debug_info</name>
         <load_address>0x2c1f</load_address>
         <run_address>0x2c1f</run_address>
         <size>0x135</size>
         <input_file_ref idref="fl-c2"/>
      </object_component>
      <object_component id="oc-44">
         <name>.debug_info</name>
         <load_address>0x2d54</load_address>
         <run_address>0x2d54</run_address>
         <size>0x248</size>
         <input_file_ref idref="fl-c2"/>
      </object_component>
      <object_component id="oc-1c">
         <name>.debug_info</name>
         <load_address>0x2f9c</load_address>
         <run_address>0x2f9c</run_address>
         <size>0x1b2</size>
         <input_file_ref idref="fl-c2"/>
      </object_component>
      <object_component id="oc-48">
         <name>.debug_info</name>
         <load_address>0x314e</load_address>
         <run_address>0x314e</run_address>
         <size>0x39</size>
         <input_file_ref idref="fl-c2"/>
      </object_component>
      <object_component id="oc-93">
         <name>.debug_info</name>
         <load_address>0x3187</load_address>
         <run_address>0x3187</run_address>
         <size>0x2c</size>
         <input_file_ref idref="fl-c2"/>
      </object_component>
      <object_component id="oc-ba">
         <name>.debug_info</name>
         <load_address>0x31b3</load_address>
         <run_address>0x31b3</run_address>
         <size>0x235</size>
         <input_file_ref idref="fl-c4"/>
      </object_component>
      <object_component id="oc-b4">
         <name>.debug_info</name>
         <load_address>0x33e8</load_address>
         <run_address>0x33e8</run_address>
         <size>0x186</size>
         <input_file_ref idref="fl-c4"/>
      </object_component>
      <object_component id="oc-75">
         <name>.debug_info</name>
         <load_address>0x356e</load_address>
         <run_address>0x356e</run_address>
         <size>0x215</size>
         <input_file_ref idref="fl-c4"/>
      </object_component>
      <object_component id="oc-f1">
         <name>.debug_info</name>
         <load_address>0x3783</load_address>
         <run_address>0x3783</run_address>
         <size>0x133</size>
         <input_file_ref idref="fl-c5"/>
      </object_component>
      <object_component id="oc-ec">
         <name>.debug_info</name>
         <load_address>0x38b6</load_address>
         <run_address>0x38b6</run_address>
         <size>0x133</size>
         <input_file_ref idref="fl-c6"/>
      </object_component>
      <object_component id="oc-f6">
         <name>.debug_info</name>
         <load_address>0x39e9</load_address>
         <run_address>0x39e9</run_address>
         <size>0x137</size>
         <input_file_ref idref="fl-c7"/>
      </object_component>
      <object_component id="oc-37">
         <name>.debug_info</name>
         <load_address>0x3b20</load_address>
         <run_address>0x3b20</run_address>
         <size>0x112</size>
         <input_file_ref idref="fl-c8"/>
      </object_component>
      <object_component id="oc-50">
         <name>.debug_info</name>
         <load_address>0x3c32</load_address>
         <run_address>0x3c32</run_address>
         <size>0x140</size>
         <input_file_ref idref="fl-c9"/>
      </object_component>
      <object_component id="oc-5a">
         <name>.debug_info</name>
         <load_address>0x3d72</load_address>
         <run_address>0x3d72</run_address>
         <size>0x139</size>
         <input_file_ref idref="fl-ca"/>
      </object_component>
      <object_component id="oc-60">
         <name>.debug_info</name>
         <load_address>0x3eab</load_address>
         <run_address>0x3eab</run_address>
         <size>0x149</size>
         <input_file_ref idref="fl-cb"/>
      </object_component>
      <object_component id="oc-23c">
         <name>.debug_info</name>
         <load_address>0x3ff4</load_address>
         <run_address>0x3ff4</run_address>
         <size>0x1d6</size>
         <input_file_ref idref="fl-cc"/>
      </object_component>
      <object_component id="oc-188">
         <name>.debug_info</name>
         <load_address>0x41ca</load_address>
         <run_address>0x41ca</run_address>
         <size>0x40b</size>
         <input_file_ref idref="fl-cc"/>
      </object_component>
      <object_component id="oc-23d">
         <name>.debug_info</name>
         <load_address>0x45d5</load_address>
         <run_address>0x45d5</run_address>
         <size>0x4e</size>
         <input_file_ref idref="fl-cc"/>
      </object_component>
      <object_component id="oc-78">
         <name>.debug_info</name>
         <load_address>0x4623</load_address>
         <run_address>0x4623</run_address>
         <size>0x10a</size>
         <input_file_ref idref="fl-cd"/>
      </object_component>
      <object_component id="oc-e7">
         <name>.debug_info</name>
         <load_address>0x472d</load_address>
         <run_address>0x472d</run_address>
         <size>0x127</size>
         <input_file_ref idref="fl-ce"/>
      </object_component>
      <object_component id="oc-1ab">
         <name>.debug_info</name>
         <load_address>0x4854</load_address>
         <run_address>0x4854</run_address>
         <size>0x125</size>
         <input_file_ref idref="fl-cf"/>
      </object_component>
      <object_component id="oc-b7">
         <name>.debug_info</name>
         <load_address>0x4979</load_address>
         <run_address>0x4979</run_address>
         <size>0x114</size>
         <input_file_ref idref="fl-cf"/>
      </object_component>
      <object_component id="oc-1a6">
         <name>.debug_info</name>
         <load_address>0x4a8d</load_address>
         <run_address>0x4a8d</run_address>
         <size>0x220</size>
         <input_file_ref idref="fl-cf"/>
      </object_component>
      <object_component id="oc-2b2">
         <name>.debug_info</name>
         <load_address>0x4cad</load_address>
         <run_address>0x4cad</run_address>
         <size>0x477</size>
         <input_file_ref idref="fl-d0"/>
      </object_component>
      <object_component id="oc-233">
         <name>.debug_info</name>
         <load_address>0x5124</load_address>
         <run_address>0x5124</run_address>
         <size>0xc04</size>
         <input_file_ref idref="fl-d0"/>
      </object_component>
      <object_component id="oc-2b4">
         <name>.debug_info</name>
         <load_address>0x5d28</load_address>
         <run_address>0x5d28</run_address>
         <size>0x9a</size>
         <input_file_ref idref="fl-d0"/>
      </object_component>
      <object_component id="oc-2f8">
         <name>.debug_info</name>
         <load_address>0x5dc2</load_address>
         <run_address>0x5dc2</run_address>
         <size>0x2c</size>
         <input_file_ref idref="fl-d0"/>
      </object_component>
      <object_component id="oc-b2">
         <name>.debug_info</name>
         <load_address>0x5dee</load_address>
         <run_address>0x5dee</run_address>
         <size>0x167</size>
         <input_file_ref idref="fl-d1"/>
      </object_component>
      <object_component id="oc-6f">
         <name>.debug_info</name>
         <load_address>0x5f55</load_address>
         <run_address>0x5f55</run_address>
         <size>0x168</size>
         <input_file_ref idref="fl-d1"/>
      </object_component>
      <object_component id="oc-19c">
         <name>.debug_info</name>
         <load_address>0x60bd</load_address>
         <run_address>0x60bd</run_address>
         <size>0x5e</size>
         <input_file_ref idref="fl-d1"/>
      </object_component>
      <object_component id="oc-2f5">
         <name>.debug_info</name>
         <load_address>0x611b</load_address>
         <run_address>0x611b</run_address>
         <size>0x115</size>
         <input_file_ref idref="fl-d2"/>
      </object_component>
      <object_component id="oc-2ac">
         <name>.debug_info</name>
         <load_address>0x6230</load_address>
         <run_address>0x6230</run_address>
         <size>0x172</size>
         <input_file_ref idref="fl-d2"/>
      </object_component>
      <object_component id="oc-aa">
         <name>.debug_info</name>
         <load_address>0x63a2</load_address>
         <run_address>0x63a2</run_address>
         <size>0x2ea</size>
         <input_file_ref idref="fl-d3"/>
      </object_component>
      <object_component id="oc-67">
         <name>.debug_info</name>
         <load_address>0x668c</load_address>
         <run_address>0x668c</run_address>
         <size>0x191</size>
         <input_file_ref idref="fl-d3"/>
      </object_component>
      <object_component id="oc-c3">
         <name>.debug_info</name>
         <load_address>0x681d</load_address>
         <run_address>0x681d</run_address>
         <size>0x39</size>
         <input_file_ref idref="fl-d3"/>
      </object_component>
      <object_component id="oc-c8">
         <name>.debug_info</name>
         <load_address>0x6856</load_address>
         <run_address>0x6856</run_address>
         <size>0xcd</size>
         <input_file_ref idref="fl-d3"/>
      </object_component>
      <object_component id="oc-bf">
         <name>.debug_info</name>
         <load_address>0x6923</load_address>
         <run_address>0x6923</run_address>
         <size>0x1e1</size>
         <input_file_ref idref="fl-d4"/>
      </object_component>
      <object_component id="oc-9f">
         <name>.debug_info</name>
         <load_address>0x6b04</load_address>
         <run_address>0x6b04</run_address>
         <size>0x184</size>
         <input_file_ref idref="fl-d4"/>
      </object_component>
      <object_component id="oc-1b1">
         <name>.debug_info</name>
         <load_address>0x6c88</load_address>
         <run_address>0x6c88</run_address>
         <size>0x2c</size>
         <input_file_ref idref="fl-d4"/>
      </object_component>
      <object_component id="oc-2bb">
         <name>.debug_info</name>
         <load_address>0x6cb4</load_address>
         <run_address>0x6cb4</run_address>
         <size>0xef</size>
         <input_file_ref idref="fl-d5"/>
      </object_component>
      <object_component id="oc-239">
         <name>.debug_info</name>
         <load_address>0x6da3</load_address>
         <run_address>0x6da3</run_address>
         <size>0xfb</size>
         <input_file_ref idref="fl-d5"/>
      </object_component>
      <object_component id="oc-a7">
         <name>.debug_info</name>
         <load_address>0x6e9e</load_address>
         <run_address>0x6e9e</run_address>
         <size>0x146</size>
         <input_file_ref idref="fl-d6"/>
      </object_component>
      <object_component id="oc-2c8">
         <name>.debug_info</name>
         <load_address>0x6fe4</load_address>
         <run_address>0x6fe4</run_address>
         <size>0xf6</size>
         <input_file_ref idref="fl-d7"/>
      </object_component>
      <object_component id="oc-278">
         <name>.debug_info</name>
         <load_address>0x70da</load_address>
         <run_address>0x70da</run_address>
         <size>0x245</size>
         <input_file_ref idref="fl-d7"/>
      </object_component>
      <object_component id="oc-2f1">
         <name>.debug_info</name>
         <load_address>0x731f</load_address>
         <run_address>0x731f</run_address>
         <size>0xf1</size>
         <input_file_ref idref="fl-d8"/>
      </object_component>
      <object_component id="oc-2a0">
         <name>.debug_info</name>
         <load_address>0x7410</load_address>
         <run_address>0x7410</run_address>
         <size>0x232</size>
         <input_file_ref idref="fl-d8"/>
      </object_component>
      <object_component id="oc-2f3">
         <name>.debug_info</name>
         <load_address>0x7642</load_address>
         <run_address>0x7642</run_address>
         <size>0xeb</size>
         <input_file_ref idref="fl-d9"/>
      </object_component>
      <object_component id="oc-2a6">
         <name>.debug_info</name>
         <load_address>0x772d</load_address>
         <run_address>0x772d</run_address>
         <size>0x22b</size>
         <input_file_ref idref="fl-d9"/>
      </object_component>
      <object_component id="oc-2ef">
         <name>.debug_info</name>
         <load_address>0x7958</load_address>
         <run_address>0x7958</run_address>
         <size>0xf2</size>
         <input_file_ref idref="fl-da"/>
      </object_component>
      <object_component id="oc-29b">
         <name>.debug_info</name>
         <load_address>0x7a4a</load_address>
         <run_address>0x7a4a</run_address>
         <size>0x249</size>
         <input_file_ref idref="fl-da"/>
      </object_component>
      <object_component id="oc-2e8">
         <name>.debug_info</name>
         <load_address>0x7c93</load_address>
         <run_address>0x7c93</run_address>
         <size>0x25e</size>
         <input_file_ref idref="fl-db"/>
      </object_component>
      <object_component id="oc-2e5">
         <name>.debug_info</name>
         <load_address>0x7ef1</load_address>
         <run_address>0x7ef1</run_address>
         <size>0x119</size>
         <input_file_ref idref="fl-db"/>
      </object_component>
      <object_component id="oc-287">
         <name>.debug_info</name>
         <load_address>0x800a</load_address>
         <run_address>0x800a</run_address>
         <size>0x301</size>
         <input_file_ref idref="fl-db"/>
      </object_component>
      <object_component id="oc-2eb">
         <name>.debug_info</name>
         <load_address>0x830b</load_address>
         <run_address>0x830b</run_address>
         <size>0x143</size>
         <input_file_ref idref="fl-dc"/>
      </object_component>
      <object_component id="oc-28f">
         <name>.debug_info</name>
         <load_address>0x844e</load_address>
         <run_address>0x844e</run_address>
         <size>0x268</size>
         <input_file_ref idref="fl-dc"/>
      </object_component>
      <object_component id="oc-2ed">
         <name>.debug_info</name>
         <load_address>0x86b6</load_address>
         <run_address>0x86b6</run_address>
         <size>0x144</size>
         <input_file_ref idref="fl-dd"/>
      </object_component>
      <object_component id="oc-293">
         <name>.debug_info</name>
         <load_address>0x87fa</load_address>
         <run_address>0x87fa</run_address>
         <size>0x2ac</size>
         <input_file_ref idref="fl-dd"/>
      </object_component>
      <object_component id="oc-2cd">
         <name>.debug_info</name>
         <load_address>0x8aa6</load_address>
         <run_address>0x8aa6</run_address>
         <size>0x144</size>
         <input_file_ref idref="fl-de"/>
      </object_component>
      <object_component id="oc-27e">
         <name>.debug_info</name>
         <load_address>0x8bea</load_address>
         <run_address>0x8bea</run_address>
         <size>0x20e</size>
         <input_file_ref idref="fl-de"/>
      </object_component>
      <object_component id="oc-2d9">
         <name>.debug_info</name>
         <load_address>0x8df8</load_address>
         <run_address>0x8df8</run_address>
         <size>0x145</size>
         <input_file_ref idref="fl-df"/>
      </object_component>
      <object_component id="oc-281">
         <name>.debug_info</name>
         <load_address>0x8f3d</load_address>
         <run_address>0x8f3d</run_address>
         <size>0x236</size>
         <input_file_ref idref="fl-df"/>
      </object_component>
      <object_component id="oc-2d4">
         <name>.debug_info</name>
         <load_address>0x9173</load_address>
         <run_address>0x9173</run_address>
         <size>0x17e</size>
         <input_file_ref idref="fl-e0"/>
      </object_component>
      <object_component id="oc-2ca">
         <name>.debug_info</name>
         <load_address>0x92f1</load_address>
         <run_address>0x92f1</run_address>
         <size>0xf4</size>
         <input_file_ref idref="fl-e1"/>
      </object_component>
      <object_component id="oc-2db">
         <name>.debug_info</name>
         <load_address>0x93e5</load_address>
         <run_address>0x93e5</run_address>
         <size>0x145</size>
         <input_file_ref idref="fl-e2"/>
      </object_component>
      <object_component id="oc-2e2">
         <name>.debug_info</name>
         <load_address>0x952a</load_address>
         <run_address>0x952a</run_address>
         <size>0x121</size>
         <input_file_ref idref="fl-e3"/>
      </object_component>
      <object_component id="oc-2cf">
         <name>.debug_info</name>
         <load_address>0x964b</load_address>
         <run_address>0x964b</run_address>
         <size>0x11b</size>
         <input_file_ref idref="fl-e4"/>
      </object_component>
      <object_component id="oc-1c7">
         <name>.debug_info</name>
         <load_address>0x9766</load_address>
         <run_address>0x9766</run_address>
         <size>0x24d</size>
         <input_file_ref idref="fl-e5"/>
      </object_component>
      <object_component id="oc-140">
         <name>.debug_info</name>
         <load_address>0x99b3</load_address>
         <run_address>0x99b3</run_address>
         <size>0x333</size>
         <input_file_ref idref="fl-e5"/>
      </object_component>
      <object_component id="oc-146">
         <name>.debug_info</name>
         <load_address>0x9ce6</load_address>
         <run_address>0x9ce6</run_address>
         <size>0x2a0</size>
         <input_file_ref idref="fl-e5"/>
      </object_component>
      <object_component id="oc-e0">
         <name>.debug_info</name>
         <load_address>0x9f86</load_address>
         <run_address>0x9f86</run_address>
         <size>0x2ff</size>
         <input_file_ref idref="fl-e5"/>
      </object_component>
      <object_component id="oc-13a">
         <name>.debug_info</name>
         <load_address>0xa285</load_address>
         <run_address>0xa285</run_address>
         <size>0x326</size>
         <input_file_ref idref="fl-e5"/>
      </object_component>
      <object_component id="oc-170">
         <name>.debug_info</name>
         <load_address>0xa5ab</load_address>
         <run_address>0xa5ab</run_address>
         <size>0x2a4</size>
         <input_file_ref idref="fl-e5"/>
      </object_component>
      <object_component id="oc-203">
         <name>.debug_info</name>
         <load_address>0xa84f</load_address>
         <run_address>0xa84f</run_address>
         <size>0x2bf</size>
         <input_file_ref idref="fl-e5"/>
      </object_component>
      <object_component id="oc-160">
         <name>.debug_info</name>
         <load_address>0xab0e</load_address>
         <run_address>0xab0e</run_address>
         <size>0x2df</size>
         <input_file_ref idref="fl-e5"/>
      </object_component>
      <object_component id="oc-166">
         <name>.debug_info</name>
         <load_address>0xaded</load_address>
         <run_address>0xaded</run_address>
         <size>0x296</size>
         <input_file_ref idref="fl-e5"/>
      </object_component>
      <object_component id="oc-db">
         <name>.debug_info</name>
         <load_address>0xb083</load_address>
         <run_address>0xb083</run_address>
         <size>0x294</size>
         <input_file_ref idref="fl-e5"/>
      </object_component>
      <object_component id="oc-1d7">
         <name>.debug_info</name>
         <load_address>0xb317</load_address>
         <run_address>0xb317</run_address>
         <size>0x240</size>
         <input_file_ref idref="fl-e6"/>
      </object_component>
      <object_component id="oc-1d4">
         <name>.debug_info</name>
         <load_address>0xb557</load_address>
         <run_address>0xb557</run_address>
         <size>0x15b</size>
         <input_file_ref idref="fl-e6"/>
      </object_component>
      <object_component id="oc-1bd">
         <name>.debug_info</name>
         <load_address>0xb6b2</load_address>
         <run_address>0xb6b2</run_address>
         <size>0x2a3</size>
         <input_file_ref idref="fl-e6"/>
      </object_component>
      <object_component id="oc-1d9">
         <name>.debug_info</name>
         <load_address>0xb955</load_address>
         <run_address>0xb955</run_address>
         <size>0x2b3</size>
         <input_file_ref idref="fl-e6"/>
      </object_component>
      <object_component id="oc-128">
         <name>.debug_info</name>
         <load_address>0xbc08</load_address>
         <run_address>0xbc08</run_address>
         <size>0x316</size>
         <input_file_ref idref="fl-e6"/>
      </object_component>
      <object_component id="oc-110">
         <name>.debug_info</name>
         <load_address>0xbf1e</load_address>
         <run_address>0xbf1e</run_address>
         <size>0x27b</size>
         <input_file_ref idref="fl-e6"/>
      </object_component>
      <object_component id="oc-1b7">
         <name>.debug_info</name>
         <load_address>0xc199</load_address>
         <run_address>0xc199</run_address>
         <size>0x2b7</size>
         <input_file_ref idref="fl-e6"/>
      </object_component>
      <object_component id="oc-122">
         <name>.debug_info</name>
         <load_address>0xc450</load_address>
         <run_address>0xc450</run_address>
         <size>0x279</size>
         <input_file_ref idref="fl-e6"/>
      </object_component>
      <object_component id="oc-10a">
         <name>.debug_info</name>
         <load_address>0xc6c9</load_address>
         <run_address>0xc6c9</run_address>
         <size>0x280</size>
         <input_file_ref idref="fl-e6"/>
      </object_component>
      <object_component id="oc-213">
         <name>.debug_info</name>
         <load_address>0xc949</load_address>
         <run_address>0xc949</run_address>
         <size>0x20e</size>
         <input_file_ref idref="fl-e7"/>
      </object_component>
      <object_component id="oc-210">
         <name>.debug_info</name>
         <load_address>0xcb57</load_address>
         <run_address>0xcb57</run_address>
         <size>0x210</size>
         <input_file_ref idref="fl-e7"/>
      </object_component>
      <object_component id="oc-262">
         <name>.debug_info</name>
         <load_address>0xcd67</load_address>
         <run_address>0xcd67</run_address>
         <size>0x157</size>
         <input_file_ref idref="fl-e7"/>
      </object_component>
      <object_component id="oc-208">
         <name>.debug_info</name>
         <load_address>0xcebe</load_address>
         <run_address>0xcebe</run_address>
         <size>0x2c1</size>
         <input_file_ref idref="fl-e7"/>
      </object_component>
      <object_component id="oc-158">
         <name>.debug_info</name>
         <load_address>0xd17f</load_address>
         <run_address>0xd17f</run_address>
         <size>0x23e</size>
         <input_file_ref idref="fl-e7"/>
      </object_component>
      <object_component id="oc-16a">
         <name>.debug_info</name>
         <load_address>0xd3bd</load_address>
         <run_address>0xd3bd</run_address>
         <size>0x268</size>
         <input_file_ref idref="fl-e7"/>
      </object_component>
      <object_component id="oc-1d1">
         <name>.debug_info</name>
         <load_address>0xd625</load_address>
         <run_address>0xd625</run_address>
         <size>0x298</size>
         <input_file_ref idref="fl-e8"/>
      </object_component>
      <object_component id="oc-1e0">
         <name>.debug_info</name>
         <load_address>0xd8bd</load_address>
         <run_address>0xd8bd</run_address>
         <size>0x14d</size>
         <input_file_ref idref="fl-e8"/>
      </object_component>
      <object_component id="oc-104">
         <name>.debug_info</name>
         <load_address>0xda0a</load_address>
         <run_address>0xda0a</run_address>
         <size>0x27d</size>
         <input_file_ref idref="fl-e8"/>
      </object_component>
      <object_component id="oc-fe">
         <name>.debug_info</name>
         <load_address>0xdc87</load_address>
         <run_address>0xdc87</run_address>
         <size>0x2db</size>
         <input_file_ref idref="fl-e8"/>
      </object_component>
      <object_component id="oc-116">
         <name>.debug_info</name>
         <load_address>0xdf62</load_address>
         <run_address>0xdf62</run_address>
         <size>0x2b5</size>
         <input_file_ref idref="fl-e8"/>
      </object_component>
      <object_component id="oc-24f">
         <name>.debug_info</name>
         <load_address>0xe217</load_address>
         <run_address>0xe217</run_address>
         <size>0x5f</size>
         <input_file_ref idref="fl-e8"/>
      </object_component>
      <object_component id="oc-1f3">
         <name>.debug_info</name>
         <load_address>0xe276</load_address>
         <run_address>0xe276</run_address>
         <size>0x223</size>
         <input_file_ref idref="fl-e9"/>
      </object_component>
      <object_component id="oc-2c1">
         <name>.debug_info</name>
         <load_address>0xe499</load_address>
         <run_address>0xe499</run_address>
         <size>0x15a</size>
         <input_file_ref idref="fl-e9"/>
      </object_component>
      <object_component id="oc-2c4">
         <name>.debug_info</name>
         <load_address>0xe5f3</load_address>
         <run_address>0xe5f3</run_address>
         <size>0x16c</size>
         <input_file_ref idref="fl-e9"/>
      </object_component>
      <object_component id="oc-137">
         <name>.debug_info</name>
         <load_address>0xe75f</load_address>
         <run_address>0xe75f</run_address>
         <size>0x2ba</size>
         <input_file_ref idref="fl-e9"/>
      </object_component>
      <object_component id="oc-26e">
         <name>.debug_info</name>
         <load_address>0xea19</load_address>
         <run_address>0xea19</run_address>
         <size>0x2eb</size>
         <input_file_ref idref="fl-e9"/>
      </object_component>
      <object_component id="oc-21f">
         <name>.debug_info</name>
         <load_address>0xed04</load_address>
         <run_address>0xed04</run_address>
         <size>0x2e4</size>
         <input_file_ref idref="fl-e9"/>
      </object_component>
      <object_component id="oc-225">
         <name>.debug_info</name>
         <load_address>0xefe8</load_address>
         <run_address>0xefe8</run_address>
         <size>0x294</size>
         <input_file_ref idref="fl-e9"/>
      </object_component>
      <object_component id="oc-219">
         <name>.debug_info</name>
         <load_address>0xf27c</load_address>
         <run_address>0xf27c</run_address>
         <size>0x292</size>
         <input_file_ref idref="fl-e9"/>
      </object_component>
      <object_component id="oc-155">
         <name>.debug_info</name>
         <load_address>0xf50e</load_address>
         <run_address>0xf50e</run_address>
         <size>0x27f</size>
         <input_file_ref idref="fl-e9"/>
      </object_component>
      <object_component id="oc-14f">
         <name>.debug_info</name>
         <load_address>0xf78d</load_address>
         <run_address>0xf78d</run_address>
         <size>0x2d7</size>
         <input_file_ref idref="fl-e9"/>
      </object_component>
      <object_component id="oc-131">
         <name>.debug_info</name>
         <load_address>0xfa64</load_address>
         <run_address>0xfa64</run_address>
         <size>0x28c</size>
         <input_file_ref idref="fl-e9"/>
      </object_component>
      <object_component id="oc-1c5">
         <name>.debug_info</name>
         <load_address>0xfcf0</load_address>
         <run_address>0xfcf0</run_address>
         <size>0x227</size>
         <input_file_ref idref="fl-ea"/>
      </object_component>
      <object_component id="oc-1ed">
         <name>.debug_info</name>
         <load_address>0xff17</load_address>
         <run_address>0xff17</run_address>
         <size>0x247</size>
         <input_file_ref idref="fl-ea"/>
      </object_component>
      <object_component id="oc-1e7">
         <name>.debug_info</name>
         <load_address>0x1015e</load_address>
         <run_address>0x1015e</run_address>
         <size>0x249</size>
         <input_file_ref idref="fl-ea"/>
      </object_component>
      <object_component id="oc-11f">
         <name>.debug_info</name>
         <load_address>0x103a7</load_address>
         <run_address>0x103a7</run_address>
         <size>0x326</size>
         <input_file_ref idref="fl-ea"/>
      </object_component>
      <object_component id="oc-17f">
         <name>.debug_info</name>
         <load_address>0x106cd</load_address>
         <run_address>0x106cd</run_address>
         <size>0x253</size>
         <input_file_ref idref="fl-ea"/>
      </object_component>
      <object_component id="oc-d7">
         <name>.debug_info</name>
         <load_address>0x10920</load_address>
         <run_address>0x10920</run_address>
         <size>0x273</size>
         <input_file_ref idref="fl-ea"/>
      </object_component>
      <object_component id="oc-185">
         <name>.debug_info</name>
         <load_address>0x10b93</load_address>
         <run_address>0x10b93</run_address>
         <size>0x24d</size>
         <input_file_ref idref="fl-ea"/>
      </object_component>
      <object_component id="oc-1fb">
         <name>.debug_info</name>
         <load_address>0x10de0</load_address>
         <run_address>0x10de0</run_address>
         <size>0x212</size>
         <input_file_ref idref="fl-eb"/>
      </object_component>
      <object_component id="oc-344">
         <name>.debug_info</name>
         <load_address>0x10ff2</load_address>
         <run_address>0x10ff2</run_address>
         <size>0x9d</size>
      </object_component>
      <object_component id="oc-d1">
         <name>.debug_line</name>
         <load_address>0x0</load_address>
         <run_address>0x0</run_address>
         <size>0xf3</size>
         <input_file_ref idref="fl-2"/>
      </object_component>
      <object_component id="oc-8e">
         <name>.debug_line</name>
         <load_address>0xf3</load_address>
         <run_address>0xf3</run_address>
         <size>0x20</size>
         <input_file_ref idref="fl-2"/>
      </object_component>
      <object_component id="oc-81">
         <name>.debug_line</name>
         <load_address>0x113</load_address>
         <run_address>0x113</run_address>
         <size>0x5f</size>
         <input_file_ref idref="fl-2"/>
      </object_component>
      <object_component id="oc-273">
         <name>.debug_line</name>
         <load_address>0x172</load_address>
         <run_address>0x172</run_address>
         <size>0xe3</size>
         <input_file_ref idref="fl-3"/>
      </object_component>
      <object_component id="oc-179">
         <name>.debug_line</name>
         <load_address>0x255</load_address>
         <run_address>0x255</run_address>
         <size>0xef</size>
         <input_file_ref idref="fl-3"/>
      </object_component>
      <object_component id="oc-198">
         <name>.debug_line</name>
         <load_address>0x344</load_address>
         <run_address>0x344</run_address>
         <size>0x20</size>
         <input_file_ref idref="fl-3"/>
      </object_component>
      <object_component id="oc-1cf">
         <name>.debug_line</name>
         <load_address>0x364</load_address>
         <run_address>0x364</run_address>
         <size>0x191</size>
         <input_file_ref idref="fl-4"/>
      </object_component>
      <object_component id="oc-243">
         <name>.debug_line</name>
         <load_address>0x4f5</load_address>
         <run_address>0x4f5</run_address>
         <size>0x2d</size>
         <input_file_ref idref="fl-4"/>
      </object_component>
      <object_component id="oc-ae">
         <name>.debug_line</name>
         <load_address>0x522</load_address>
         <run_address>0x522</run_address>
         <size>0x11f</size>
         <input_file_ref idref="fl-4"/>
      </object_component>
      <object_component id="oc-7d">
         <name>.debug_line</name>
         <load_address>0x641</load_address>
         <run_address>0x641</run_address>
         <size>0x41</size>
         <input_file_ref idref="fl-5"/>
      </object_component>
      <object_component id="oc-32">
         <name>.debug_line</name>
         <load_address>0x682</load_address>
         <run_address>0x682</run_address>
         <size>0x41</size>
         <input_file_ref idref="fl-5"/>
      </object_component>
      <object_component id="oc-30">
         <name>.debug_line</name>
         <load_address>0x6c3</load_address>
         <run_address>0x6c3</run_address>
         <size>0xa1</size>
         <input_file_ref idref="fl-5"/>
      </object_component>
      <object_component id="oc-28">
         <name>.debug_line</name>
         <load_address>0x764</load_address>
         <run_address>0x764</run_address>
         <size>0x53</size>
         <input_file_ref idref="fl-c0"/>
      </object_component>
      <object_component id="oc-8a">
         <name>.debug_line</name>
         <load_address>0x7b7</load_address>
         <run_address>0x7b7</run_address>
         <size>0x8a</size>
         <input_file_ref idref="fl-c1"/>
      </object_component>
      <object_component id="oc-17">
         <name>.debug_line</name>
         <load_address>0x841</load_address>
         <run_address>0x841</run_address>
         <size>0x55</size>
         <input_file_ref idref="fl-c1"/>
      </object_component>
      <object_component id="oc-3d">
         <name>.debug_line</name>
         <load_address>0x896</load_address>
         <run_address>0x896</run_address>
         <size>0x3a</size>
         <input_file_ref idref="fl-c1"/>
      </object_component>
      <object_component id="oc-87">
         <name>.debug_line</name>
         <load_address>0x8d0</load_address>
         <run_address>0x8d0</run_address>
         <size>0x8a</size>
         <input_file_ref idref="fl-c1"/>
      </object_component>
      <object_component id="oc-92">
         <name>.debug_line</name>
         <load_address>0x95a</load_address>
         <run_address>0x95a</run_address>
         <size>0x8a</size>
         <input_file_ref idref="fl-c2"/>
      </object_component>
      <object_component id="oc-41">
         <name>.debug_line</name>
         <load_address>0x9e4</load_address>
         <run_address>0x9e4</run_address>
         <size>0x98</size>
         <input_file_ref idref="fl-c2"/>
      </object_component>
      <object_component id="oc-19">
         <name>.debug_line</name>
         <load_address>0xa7c</load_address>
         <run_address>0xa7c</run_address>
         <size>0x4b</size>
         <input_file_ref idref="fl-c2"/>
      </object_component>
      <object_component id="oc-4b">
         <name>.debug_line</name>
         <load_address>0xac7</load_address>
         <run_address>0xac7</run_address>
         <size>0x39</size>
         <input_file_ref idref="fl-c2"/>
      </object_component>
      <object_component id="oc-96">
         <name>.debug_line</name>
         <load_address>0xb00</load_address>
         <run_address>0xb00</run_address>
         <size>0x8a</size>
         <input_file_ref idref="fl-c2"/>
      </object_component>
      <object_component id="oc-1ae">
         <name>.debug_line</name>
         <load_address>0xb8a</load_address>
         <run_address>0xb8a</run_address>
         <size>0xf2</size>
         <input_file_ref idref="fl-c4"/>
      </object_component>
      <object_component id="oc-1a2">
         <name>.debug_line</name>
         <load_address>0xc7c</load_address>
         <run_address>0xc7c</run_address>
         <size>0x2a</size>
         <input_file_ref idref="fl-c4"/>
      </object_component>
      <object_component id="oc-74">
         <name>.debug_line</name>
         <load_address>0xca6</load_address>
         <run_address>0xca6</run_address>
         <size>0x86</size>
         <input_file_ref idref="fl-c4"/>
      </object_component>
      <object_component id="oc-f0">
         <name>.debug_line</name>
         <load_address>0xd2c</load_address>
         <run_address>0xd2c</run_address>
         <size>0xa8</size>
         <input_file_ref idref="fl-c5"/>
      </object_component>
      <object_component id="oc-ee">
         <name>.debug_line</name>
         <load_address>0xdd4</load_address>
         <run_address>0xdd4</run_address>
         <size>0x8e</size>
         <input_file_ref idref="fl-c6"/>
      </object_component>
      <object_component id="oc-f8">
         <name>.debug_line</name>
         <load_address>0xe62</load_address>
         <run_address>0xe62</run_address>
         <size>0x67</size>
         <input_file_ref idref="fl-c7"/>
      </object_component>
      <object_component id="oc-35">
         <name>.debug_line</name>
         <load_address>0xec9</load_address>
         <run_address>0xec9</run_address>
[...]
      </symbol>
      <symbol id="sm-d">
         <name>__TI_prof_data_size</name>
         <value>0xffffffff</value>
      </symbol>
      <symbol id="sm-40">
         <name>Lcd_init</name>
         <value>0x15c1</value>
         <object_component_ref idref="oc-cd"/>
      </symbol>
      <symbol id="sm-41">
         <name>Lcd_Temizle</name>
         <value>0x171b</value>
         <object_component_ref idref="oc-cd"/>
      </symbol>
      <symbol id="sm-42">
         <name>Lcd_Putch</name>
         <value>0x1693</value>
         <object_component_ref idref="oc-cd"/>
      </symbol>
      <symbol id="sm-43">
         <name>Lcd_YariKomut</name>
         <value>0x172b</value>
         <object_component_ref idref="oc-cd"/>
      </symbol>
      <symbol id="sm-44">
         <name>Lcd_Komut</name>
         <value>0x160b</value>
         <object_component_ref idref="oc-cd"/>
      </symbol>
      <symbol id="sm-45">
         <name>Lcd_Goto</name>
         <value>0x1761</value>
         <object_component_ref idref="oc-cd"/>
      </symbol>
      <symbol id="sm-6b">
         <name>saniye</name>
         <value>0x2000048c</value>
      </symbol>
      <symbol id="sm-6c">
         <name>dakika</name>
         <value>0x20000484</value>
      </symbol>
      <symbol id="sm-6d">
         <name>saat</name>
         <value>0x20000488</value>
      </symbol>
      <symbol id="sm-6e">
         <name>satir</name>
         <value>0x20000490</value>
      </symbol>
      <symbol id="sm-6f">
         <name>sutun</name>
         <value>0x20000494</value>
      </symbol>
      <symbol id="sm-70">
         <name>yazmadurumu</name>
         <value>0x200004a4</value>
      </symbol>
      <symbol id="sm-71">
         <name>SaatAyarla</name>
         <value>0x1795</value>
         <object_component_ref idref="oc-175"/>
      </symbol>
      <symbol id="sm-72">
         <name>SaatYaz</name>
         <value>0x17b5</value>
         <object_component_ref idref="oc-175"/>
      </symbol>
      <symbol id="sm-73">
         <name>SaatBasla</name>
         <value>0x18c7</value>
         <object_component_ref idref="oc-175"/>
      </symbol>
      <symbol id="sm-74">
         <name>YazmaAktif</name>
         <value>0x1923</value>
         <object_component_ref idref="oc-175"/>
      </symbol>
      <symbol id="sm-75">
         <name>SaatKoordinat</name>
         <value>0x190b</value>
         <object_component_ref idref="oc-175"/>
      </symbol>
      <symbol id="sm-76">
         <name>Timer1IntHandler</name>
         <value>0x1861</value>
         <object_component_ref idref="oc-175"/>
      </symbol>
      <symbol id="sm-bd">
         <name>ui32ADC0Value</name>
         <value>0x2000046c</value>
      </symbol>
      <symbol id="sm-be">
         <name>ui32TempAvg</name>
         <value>0x20000498</value>
      </symbol>
      <symbol id="sm-bf">
         <name>ui32TempValueC</name>
         <value>0x2000049c</value>
      </symbol>
      <symbol id="sm-c0">
         <name>voltage</name>
         <value>0x200004a0</value>
      </symbol>
      <symbol id="sm-c1">
         <name>ADCdeger</name>
         <value>0x2000047c</value>
      </symbol>
      <symbol id="sm-c2">
         <name>Temp</name>
         <value>0x20000480</value>
      </symbol>
      <symbol id="sm-c3">
         <name>baglanti</name>
         <value>0x200004c4</value>
         <object_component_ref idref="oc-18d"/>
      </symbol>
      <symbol id="sm-c4">
         <name>adcintt</name>
         <value>0xbf1</value>
         <object_component_ref idref="oc-ab"/>
      </symbol>
      <symbol id="sm-c5">
         <name>verigelisi</name>
         <value>0x200004c6</value>
         <object_component_ref idref="oc-18d"/>
      </symbol>
      <symbol id="sm-c6">
         <name>main</name>
         <value>0xd19</value>
         <object_component_ref idref="oc-ab"/>
      </symbol>
      <symbol id="sm-c7">
         <name>ADC_yaz</name>
         <value>0xb99</value>
         <object_component_ref idref="oc-ab"/>
      </symbol>
      <symbol id="sm-c8">
         <name>saatayaraktif</name>
         <value>0x200004c5</value>
         <object_component_ref idref="oc-18d"/>
      </symbol>
      <symbol id="sm-e4">
         <name>ResetISR</name>
         <value>0x2edb</value>
         <object_component_ref idref="oc-2b"/>
      </symbol>
      <symbol id="sm-e5">
         <name>g_pfnVectors</name>
         <value>0x0</value>
         <object_component_ref idref="oc-f"/>
      </symbol>
      <symbol id="sm-f6">
         <name>_c_int00</name>
         <value>0x2981</value>
         <object_component_ref idref="oc-24"/>
      </symbol>
      <symbol id="sm-f7">
         <name>__stack</name>
         <value>0x2000026c</value>
         <object_component_ref idref="oc-2a"/>
      </symbol>
      <symbol id="sm-10e">
         <name>__TI_decompress_none</name>
         <value>0x2ec1</value>
         <object_component_ref idref="oc-12"/>
      </symbol>
      <symbol id="sm-136">
         <name>__TI_decompress_rle24</name>
         <value>0x2f19</value>
         <object_component_ref idref="oc-18"/>
      </symbol>
      <symbol id="sm-158">
         <name>C$$EXIT</name>
         <value>0x29d5</value>
         <object_component_ref idref="oc-71"/>
      </symbol>
      <symbol id="sm-159">
         <name>abort</name>
         <value>0x29d9</value>
         <object_component_ref idref="oc-71"/>
      </symbol>
      <symbol id="sm-15a">
         <name>exit</name>
         <value>0x29e1</value>
         <object_component_ref idref="oc-71"/>
      </symbol>
      <symbol id="sm-15b">
         <name>__TI_dtors_ptr</name>
         <value>0x200004ac</value>
         <object_component_ref idref="oc-b3"/>
      </symbol>
      <symbol id="sm-15c">
         <name>__TI_cleanup_ptr</name>
         <value>0x200004a8</value>
         <object_component_ref idref="oc-b3"/>
      </symbol>
      <symbol id="sm-15d">
         <name>__TI_enable_exit_profile_output</name>
         <value>0x200004b0</value>
         <object_component_ref idref="oc-b3"/>
      </symbol>
      <symbol id="sm-171">
         <name>__aeabi_ddiv</name>
         <value>0x1c81</value>
         <object_component_ref idref="oc-ef"/>
      </symbol>
      <symbol id="sm-17c">
         <name>__aeabi_dmul</name>
         <value>0x2245</value>
         <object_component_ref idref="oc-ea"/>
      </symbol>
      <symbol id="sm-188">
         <name>__aeabi_d2f</name>
         <value>0x2789</value>
         <object_component_ref idref="oc-f4"/>
      </symbol>
      <symbol id="sm-1a3">
         <name>memcpy</name>
         <value>0x2501</value>
         <object_component_ref idref="oc-34"/>
      </symbol>
      <symbol id="sm-1a4">
         <name>__aeabi_memcpy</name>
         <value>0x2501</value>
         <object_component_ref idref="oc-34"/>
      </symbol>
      <symbol id="sm-1a5">
         <name>__aeabi_memcpy8</name>
         <value>0x2501</value>
         <object_component_ref idref="oc-34"/>
      </symbol>
      <symbol id="sm-1a6">
         <name>__aeabi_memcpy4</name>
         <value>0x2501</value>
         <object_component_ref idref="oc-34"/>
      </symbol>
      <symbol id="sm-1b5">
         <name>__aeabi_memset</name>
         <value>0x269f</value>
         <object_component_ref idref="oc-4d"/>
      </symbol>
      <symbol id="sm-1b6">
         <name>memset</name>
         <value>0x26a5</value>
         <object_component_ref idref="oc-4d"/>
      </symbol>
      <symbol id="sm-1b7">
         <name>__aeabi_memset8</name>
         <value>0x269f</value>
         <object_component_ref idref="oc-4d"/>
      </symbol>
      <symbol id="sm-1b8">
         <name>__aeabi_memset4</name>
         <value>0x269f</value>
         <object_component_ref idref="oc-4d"/>
      </symbol>
      <symbol id="sm-1b9">
         <name>__aeabi_memclr8</name>
         <value>0x269d</value>
         <object_component_ref idref="oc-4d"/>
      </symbol>
      <symbol id="sm-1ba">
         <name>__aeabi_memclr4</name>
         <value>0x269d</value>
         <object_component_ref idref="oc-4d"/>
      </symbol>
      <symbol id="sm-1bb">
         <name>__aeabi_memclr</name>
         <value>0x269d</value>
         <object_component_ref idref="oc-4d"/>
      </symbol>
      <symbol id="sm-1c5">
         <name>__mpu_init</name>
         <value>0xb97</value>
         <object_component_ref idref="oc-59"/>
      </symbol>
      <symbol id="sm-1cf">
         <name>_system_pre_init</name>
         <value>0x2f23</value>
         <object_component_ref idref="oc-5f"/>
      </symbol>
      <symbol id="sm-1f6">
         <name>sscanf</name>
         <value>0x2447</value>
         <object_component_ref idref="oc-187"/>
      </symbol>
      <symbol id="sm-1f7">
         <name>vsscanf</name>
         <value>0x2435</value>
         <object_component_ref idref="oc-187"/>
      </symbol>
      <symbol id="sm-1ff">
         <name>main_func_sp</name>
         <value>0x200004c0</value>
         <object_component_ref idref="oc-77"/>
      </symbol>
      <symbol id="sm-209">
         <name>__aeabi_ui2d</name>
         <value>0x2cf1</value>
         <object_component_ref idref="oc-e5"/>
      </symbol>
      <symbol id="sm-222">
         <name>_nop</name>
         <value>0x2e13</value>
         <object_component_ref idref="oc-1a3"/>
      </symbol>
      <symbol id="sm-223">
         <name>_lock</name>
         <value>0x200004b4</value>
         <object_component_ref idref="oc-b6"/>
      </symbol>
      <symbol id="sm-224">
         <name>_unlock</name>
         <value>0x200004b8</value>
         <object_component_ref idref="oc-b6"/>
      </symbol>
      <symbol id="sm-225">
         <name>_register_lock</name>
         <value>0x2e0b</value>
         <object_component_ref idref="oc-1a3"/>
      </symbol>
      <symbol id="sm-226">
         <name>_register_unlock</name>
         <value>0x2e05</value>
         <object_component_ref idref="oc-1a3"/>
      </symbol>
      <symbol id="sm-2c3">
         <name>__TI_scanfi</name>
         <value>0x6e9</value>
         <object_component_ref idref="oc-232"/>
      </symbol>
      <symbol id="sm-2d7">
         <name>_args_main</name>
         <value>0x2d91</value>
         <object_component_ref idref="oc-6b"/>
      </symbol>
      <symbol id="sm-2ed">
         <name>atoi</name>
         <value>0x2b15</value>
         <object_component_ref idref="oc-2ab"/>
      </symbol>
      <symbol id="sm-312">
         <name>__TI_auto_init</name>
         <value>0x2719</value>
         <object_component_ref idref="oc-65"/>
      </symbol>
      <symbol id="sm-32c">
         <name>copy_in</name>
         <value>0x2b61</value>
         <object_component_ref idref="oc-9d"/>
      </symbol>
      <symbol id="sm-337">
         <name>_ctypes_</name>
         <value>0x2f28</value>
         <object_component_ref idref="oc-238"/>
      </symbol>
      <symbol id="sm-341">
         <name>_system_post_cinit</name>
         <value>0x1b13</value>
         <object_component_ref idref="oc-a3"/>
      </symbol>
      <symbol id="sm-351">
         <name>strchr</name>
         <value>0x2dd9</value>
         <object_component_ref idref="oc-274"/>
      </symbol>
      <symbol id="sm-35f">
         <name>strcpy</name>
         <value>0x2e19</value>
         <object_component_ref idref="oc-29f"/>
      </symbol>
      <symbol id="sm-36d">
         <name>strlen</name>
         <value>0x2e2d</value>
         <object_component_ref idref="oc-2a5"/>
      </symbol>
      <symbol id="sm-37c">
         <name>strrchr</name>
         <value>0x2dc1</value>
         <object_component_ref idref="oc-299"/>
      </symbol>
      <symbol id="sm-3b9">
         <name>strtold</name>
         <value>0xfad</value>
         <object_component_ref idref="oc-286"/>
      </symbol>
      <symbol id="sm-3ba">
         <name>strtod</name>
         <value>0xfad</value>
         <object_component_ref idref="oc-286"/>
      </symbol>
      <symbol id="sm-3df">
         <name>strtol</name>
         <value>0x1db9</value>
         <object_component_ref idref="oc-28c"/>
      </symbol>
      <symbol id="sm-408">
         <name>strtoll</name>
         <value>0x13dd</value>
         <object_component_ref idref="oc-292"/>
      </symbol>
      <symbol id="sm-429">
         <name>strtoul</name>
         <value>0x2021</value>
         <object_component_ref idref="oc-27a"/>
      </symbol>
      <symbol id="sm-44f">
         <name>strtoull</name>
         <value>0x1b15</value>
         <object_component_ref idref="oc-280"/>
      </symbol>
      <symbol id="sm-46b">
         <name>__aeabi_uldivmod</name>
         <value>0x11e9</value>
         <object_component_ref idref="oc-2d3"/>
      </symbol>
      <symbol id="sm-473">
         <name>errno</name>
         <value>0x200004bc</value>
         <object_component_ref idref="oc-2c9"/>
      </symbol>
      <symbol id="sm-48a">
         <name>__aeabi_dsub</name>
         <value>0x195d</value>
         <object_component_ref idref="oc-2da"/>
      </symbol>
      <symbol id="sm-48b">
         <name>__aeabi_dadd</name>
         <value>0x1967</value>
         <object_component_ref idref="oc-2da"/>
      </symbol>
      <symbol id="sm-49d">
         <name>__aeabi_cdcmpeq</name>
         <value>0x259d</value>
         <object_component_ref idref="oc-2df"/>
      </symbol>
      <symbol id="sm-49e">
         <name>__aeabi_cdcmple</name>
         <value>0x259d</value>
         <object_component_ref idref="oc-2df"/>
      </symbol>
      <symbol id="sm-4a7">
         <name>__aeabi_lmul</name>
         <value>0x2da9</value>
         <object_component_ref idref="oc-2ce"/>
      </symbol>
      <symbol id="sm-506">
         <name>ADCProcessorTrigger</name>
         <value>0x2d47</value>
         <object_component_ref idref="oc-16f"/>
      </symbol>
      <symbol id="sm-507">
         <name>ADCSequenceEnable</name>
         <value>0x2e97</value>
         <object_component_ref idref="oc-145"/>
      </symbol>
      <symbol id="sm-508">
         <name>ADCSequenceConfigure</name>
         <value>0x2a29</value>
         <object_component_ref idref="oc-139"/>
      </symbol>
      <symbol id="sm-509">
         <name>ADCIntEnable</name>
         <value>0x2e77</value>
         <object_component_ref idref="oc-163"/>
      </symbol>
      <symbol id="sm-50a">
         <name>ADCSequenceStepConfigure</name>
         <value>0x2623</value>
         <object_component_ref idref="oc-13f"/>
      </symbol>
      <symbol id="sm-50b">
         <name>ADCIntClear</name>
         <value>0x2ee7</value>
         <object_component_ref idref="oc-d9"/>
      </symbol>
      <symbol id="sm-50c">
         <name>ADCIntRegister</name>
         <value>0x2d2f</value>
         <object_component_ref idref="oc-15d"/>
      </symbol>
      <symbol id="sm-50d">
         <name>ADCSequenceDataGet</name>
         <value>0x2d11</value>
         <object_component_ref idref="oc-df"/>
      </symbol>
      <symbol id="sm-557">
         <name>GPIOPinConfigure</name>
         <value>0x2bad</value>
         <object_component_ref idref="oc-109"/>
      </symbol>
      <symbol id="sm-558">
         <name>GPIOPinTypeADC</name>
         <value>0x2e41</value>
         <object_component_ref idref="oc-121"/>
      </symbol>
      <symbol id="sm-559">
         <name>GPIOPinTypeUART</name>
         <value>0x2e53</value>
         <object_component_ref idref="oc-10f"/>
      </symbol>
      <symbol id="sm-55a">
         <name>GPIOPinTypeGPIOOutput</name>
         <value>0x2d5f</value>
         <object_component_ref idref="oc-1b6"/>
      </symbol>
      <symbol id="sm-55b">
         <name>GPIODirModeSet</name>
         <value>0x2ca5</value>
         <object_component_ref idref="oc-1d8"/>
      </symbol>
      <symbol id="sm-55c">
         <name>GPIOPinWrite</name>
         <value>0x2f0d</value>
         <object_component_ref idref="oc-1bc"/>
      </symbol>
      <symbol id="sm-55d">
         <name>GPIOPadConfigSet</name>
         <value>0x1eed</value>
         <object_component_ref idref="oc-127"/>
      </symbol>
      <symbol id="sm-59f">
         <name>IntEnable</name>
         <value>0x2861</value>
         <object_component_ref idref="oc-169"/>
      </symbol>
      <symbol id="sm-5a0">
         <name>IntRegister</name>
         <value>0x2c3d</value>
         <object_component_ref idref="oc-207"/>
      </symbol>
      <symbol id="sm-5a1">
         <name>g_pfnRAMVectors</name>
         <value>0x20000000</value>
         <object_component_ref idref="oc-261"/>
      </symbol>
      <symbol id="sm-5a2">
         <name>IntMasterEnable</name>
         <value>0x2e87</value>
         <object_component_ref idref="oc-157"/>
      </symbol>
      <symbol id="sm-5f4">
         <name>SysCtlClockSet</name>
         <value>0x2341</value>
         <object_component_ref idref="oc-fd"/>
      </symbol>
      <symbol id="sm-5f5">
         <name>SysCtlDelay</name>
         <value>0x2f13</value>
         <object_component_ref idref="oc-1c2"/>
      </symbol>
      <symbol id="sm-5f6">
         <name>SysCtlPeripheralEnable</name>
         <value>0x2c71</value>
         <object_component_ref idref="oc-103"/>
      </symbol>
      <symbol id="sm-5f7">
         <name>SysCtlClockGet</name>
         <value>0x2135</value>
         <object_component_ref idref="oc-115"/>
      </symbol>
      <symbol id="sm-661">
         <name>TimerLoadSet</name>
         <value>0x2e65</value>
         <object_component_ref idref="oc-133"/>
      </symbol>
      <symbol id="sm-662">
         <name>TimerIntRegister</name>
         <value>0x2d77</value>
         <object_component_ref idref="oc-21b"/>
      </symbol>
      <symbol id="sm-663">
         <name>TimerEnable</name>
         <value>0x2ea5</value>
         <object_component_ref idref="oc-151"/>
      </symbol>
      <symbol id="sm-664">
         <name>TimerControlTrigger</name>
         <value>0x2929</value>
         <object_component_ref idref="oc-14b"/>
      </symbol>
      <symbol id="sm-665">
         <name>TimerIntEnable</name>
         <value>0x2f05</value>
         <object_component_ref idref="oc-221"/>
      </symbol>
      <symbol id="sm-666">
         <name>TimerConfigure</name>
         <value>0x28c9</value>
         <object_component_ref idref="oc-12d"/>
      </symbol>
      <symbol id="sm-667">
         <name>TimerIntClear</name>
         <value>0x2f1f</value>
         <object_component_ref idref="oc-215"/>
      </symbol>
      <symbol id="sm-6a2">
         <name>UARTConfigSetExpClk</name>
         <value>0x2bf5</value>
         <object_component_ref idref="oc-11b"/>
      </symbol>
      <symbol id="sm-6a3">
         <name>UARTDisable</name>
         <value>0x2cd1</value>
         <object_component_ref idref="oc-1e3"/>
      </symbol>
      <symbol id="sm-6a4">
         <name>UARTCharsAvail</name>
         <value>0x2eb3</value>
         <object_component_ref idref="oc-17b"/>
      </symbol>
      <symbol id="sm-6a5">
         <name>UARTCharPut</name>
         <value>0x2efb</value>
         <object_component_ref idref="oc-d3"/>
      </symbol>
      <symbol id="sm-6a6">
         <name>UARTEnable</name>
         <value>0x2def</value>
         <object_component_ref idref="oc-1e9"/>
      </symbol>
      <symbol id="sm-6a7">
         <name>UARTCharGet</name>
         <value>0x2ef1</value>
         <object_component_ref idref="oc-181"/>
      </symbol>
      <symbol id="sm-6b1">
         <name>CPUcpsie</name>
         <value>0x2ecf</value>
         <object_component_ref idref="oc-1fa"/>
      </symbol>
      <symbol id="sm-6b2">
         <name>__TI_static_base__</name>
         <value>0x0</value>
      </symbol>
      <symbol id="sm-6b5">
         <name>SHT$$INIT_ARRAY$$Limit</name>
         <value>0x0</value>
      </symbol>
      <symbol id="sm-6b6">
         <name>SHT$$INIT_ARRAY$$Base</name>
         <value>0x0</value>
      </symbol>
   </symbol_table>
   <title>Link successful</title>
</link_info>
