******************************************************************************
                  TI ARM Linker PC v15.12.3                    
******************************************************************************
>> Linked Mon Jan 01 14:50:13 2018

OUTPUT FILE NAME:   <SeriPort.out>
ENTRY POINT SYMBOL: "_c_int00"  address: 00002981


MEMORY CONFIGURATION

         name            origin    length      used     unused   attr    fill
----------------------  --------  ---------  --------  --------  ----  --------
  FLASH                 00000000   00040000  00003336  0003ccca  R  X
  SRAM                  20000000   00008000  000004c4  00007b3c  RW X


SEGMENT ALLOCATION MAP

run origin  load origin   length   init length attrs members
----------  ----------- ---------- ----------- ----- -------
00000000    00000000    0000333c   0000333c    r-x
  00000000    00000000    0000026c   0000026c    r-- .intvecs
  0000026c    0000026c    00002cba   00002cba    r-x .text
  00002f28    00002f28    000003bc   000003bc    r-- .const
  000032e8    000032e8    00000054   00000054    r-- .cinit
20000000    20000000    000004c7   00000000    rw-
  20000000    20000000    0000026c   00000000    rw- .vtable
  2000026c    2000026c    00000200   00000000    rw- .stack
  2000046c    2000046c    00000039   00000000    rw- .bss
  200004a8    200004a8    0000001f   00000000    rw- .data


SECTION ALLOCATION MAP

 output                                  attributes/
section   page    origin      length       input sections
--------  ----  ----------  ----------   ----------------
.intvecs   0    00000000    0000026c     
                  00000000    0000026c     tm4c123gh6pm_startup_ccs.obj (.intvecs)

.text      0    0000026c    00002cba     
                  0000026c    0000092a     rtsv7M4_T_le_v4SPD16_eabi.lib : _scanfi.obj (.text)
                  00000b96    00000002                                   : mpu_init.obj (.text)
                  00000b98    00000414     main.obj (.text)
                  00000fac    0000023c     rtsv7M4_T_le_v4SPD16_eabi.lib : strtod.obj (.text)
                  000011e8    000001f4                                   : ull_div_t2.obj (.text)
                  000013dc    000001e4                                   : strtoll.obj (.text)
                  000015c0    000001d4     Lcd.obj (.text)
                  00001794    000001c8     Saat.obj (.text)
                  0000195c    000001b6     rtsv7M4_T_le_v4SPD16_eabi.lib : fd_add_t2.obj (.text)
                  00001b12    00000002                                   : startup.obj (.text)
                  00001b14    0000016c                                   : strtoull.obj (.text)
                  00001c80    00000136                                   : fd_div_t2.obj (.text)
                  00001db6    00000002     --HOLE-- [fill = 0]
                  00001db8    00000134                                   : strtol.obj (.text)
                  00001eec    00000132     driverlib.lib : gpio.obj (.text:GPIOPadConfigSet)
                  0000201e    00000002     --HOLE-- [fill = 0]
                  00002020    00000114     rtsv7M4_T_le_v4SPD16_eabi.lib : strtoul.obj (.text)
                  00002134    00000110     driverlib.lib : sysctl.obj (.text:SysCtlClockGet)
                  00002244    000000fc     rtsv7M4_T_le_v4SPD16_eabi.lib : fd_mul_t2.obj (.text)
                  00002340    000000f4     driverlib.lib : sysctl.obj (.text:SysCtlClockSet)
                  00002434    000000cc     rtsv7M4_T_le_v4SPD16_eabi.lib : sscanf.obj (.text)
                  00002500    0000009c                                   : memcpy_t2.obj (.text)
                  0000259c    00000086                                   : fd_cmp_t2.obj (.text:__aeabi_cdcmple)
                  00002622    0000007a     driverlib.lib : adc.obj (.text:ADCSequenceStepConfigure)
                  0000269c    0000007a     rtsv7M4_T_le_v4SPD16_eabi.lib : memset_t2.obj (.text)
                  00002716    00000002     --HOLE-- [fill = 0]
                  00002718    00000070                                   : autoinit.obj (.text)
                  00002788    0000006e                                   : fd_tos_t2.obj (.text)
                  000027f6    0000006a                                   : copy_decompress_rle.obj (.text)
                  00002860    00000068     driverlib.lib : interrupt.obj (.text:IntEnable)
                  000028c8    00000060                   : timer.obj (.text:TimerConfigure)
                  00002928    00000058                   : timer.obj (.text:TimerControlTrigger)
                  00002980    00000054     rtsv7M4_T_le_v4SPD16_eabi.lib : boot.obj (.text)
                  000029d4    00000054                                   : exit.obj (.text)
                  00002a28    00000050     driverlib.lib : adc.obj (.text:ADCSequenceConfigure)
                  00002a78    00000050                   : adc.obj (.text:_ADCIntNumberGet)
                  00002ac8    0000004c                   : timer.obj (.text:_TimerIntNumberGet)
                  00002b14    0000004c     rtsv7M4_T_le_v4SPD16_eabi.lib : atoi.obj (.text)
                  00002b60    0000004c                                   : cpy_tbl.obj (.text)
                  00002bac    00000048     driverlib.lib : gpio.obj (.text:GPIOPinConfigure)
                  00002bf4    00000046                   : uart.obj (.text:UARTConfigSetExpClk)
                  00002c3a    00000002     --HOLE-- [fill = 0]
                  00002c3c    00000034                   : interrupt.obj (.text:IntRegister)
                  00002c70    00000034                   : sysctl.obj (.text:SysCtlPeripheralEnable)
                  00002ca4    0000002a                   : gpio.obj (.text:GPIODirModeSet)
                  00002cce    00000002     --HOLE-- [fill = 0]
                  00002cd0    00000020                   : uart.obj (.text:UARTDisable)
                  00002cf0    00000020     rtsv7M4_T_le_v4SPD16_eabi.lib : u_tofd_t2.obj (.text)
                  00002d10    0000001e     driverlib.lib : adc.obj (.text:ADCSequenceDataGet)
                  00002d2e    00000018                   : adc.obj (.text:ADCIntRegister)
                  00002d46    00000018                   : adc.obj (.text:ADCProcessorTrigger)
                  00002d5e    00000018                   : gpio.obj (.text:GPIOPinTypeGPIOOutput)
                  00002d76    00000018                   : timer.obj (.text:TimerIntRegister)
                  00002d8e    00000002     --HOLE-- [fill = 0]
                  00002d90    00000018     rtsv7M4_T_le_v4SPD16_eabi.lib : args_main.obj (.text)
                  00002da8    00000018                                   : ll_mul_t2.obj (.text)
                  00002dc0    00000018                                   : strrchr.obj (.text)
                  00002dd8    00000016                                   : strchr.obj (.text)
                  00002dee    00000014     driverlib.lib : uart.obj (.text:UARTEnable)
                  00002e02    00000002     --HOLE-- [fill = 0]
                  00002e04    00000014     rtsv7M4_T_le_v4SPD16_eabi.lib : _lock.obj (.text)
                  00002e18    00000014                                   : strcpy.obj (.text)
                  00002e2c    00000014                                   : strlen.obj (.text)
                  00002e40    00000012     driverlib.lib : gpio.obj (.text:GPIOPinTypeADC)
                  00002e52    00000012                   : gpio.obj (.text:GPIOPinTypeUART)
                  00002e64    00000012                   : timer.obj (.text:TimerLoadSet)
                  00002e76    00000010                   : adc.obj (.text:ADCIntEnable)
                  00002e86    00000010                   : interrupt.obj (.text:IntMasterEnable)
                  00002e96    0000000e                   : adc.obj (.text:ADCSequenceEnable)
                  00002ea4    0000000e                   : timer.obj (.text:TimerEnable)
                  00002eb2    0000000e                   : uart.obj (.text:UARTCharsAvail)
                  00002ec0    0000000e     rtsv7M4_T_le_v4SPD16_eabi.lib : copy_decompress_none.obj (.text:decompress:none)
                  00002ece    0000000c     driverlib.lib : cpu.obj (.text:CPUcpsie)
                  00002eda    0000000c     tm4c123gh6pm_startup_ccs.obj (.text)
                  00002ee6    0000000a     driverlib.lib : adc.obj (.text:ADCIntClear)
                  00002ef0    0000000a                   : uart.obj (.text:UARTCharGet)
                  00002efa    0000000a                   : uart.obj (.text:UARTCharPut)
                  00002f04    00000008                   : timer.obj (.text:TimerIntEnable)
                  00002f0c    00000006                   : gpio.obj (.text:GPIOPinWrite)
                  00002f12    00000006                   : sysctl.obj (.text:SysCtlDelay)
                  00002f18    00000006     rtsv7M4_T_le_v4SPD16_eabi.lib : copy_decompress_rle.obj (.text:decompress:rle24)
                  00002f1e    00000004     driverlib.lib : timer.obj (.text:TimerIntClear)
                  00002f22    00000004     rtsv7M4_T_le_v4SPD16_eabi.lib : pre_init.obj (.text)

.const     0    00002f28    000003bc     
                  00002f28    00000101     rtsv7M4_T_le_v4SPD16_eabi.lib : ctype.obj (.const:.string:_ctypes_)
                  00003029    00000007     --HOLE-- [fill = 0]
                  00003030    00000098                                   : strtod.obj (.const:$O1$$)
                  000030c8    00000090     driverlib.lib : gpio.obj (.const:g_pui32GPIOBaseAddrs)
                  00003158    00000070                   : interrupt.obj (.const)
                  000031c8    0000006c                   : sysctl.obj (.const:g_pui32Xtals)
                  00003234    00000060                   : timer.obj (.const:g_ppui32TimerIntMap)
                  00003294    00000040                   : timer.obj (.const:g_ppui32TimerIntMapSnowflake)
                  000032d4    00000010     rtsv7M4_T_le_v4SPD16_eabi.lib : _scanfi.obj (.const:$O1$$)

.cinit     0    000032e8    00000054     
                  000032e8    00000016     (.cinit..data.load) [load image, compression = rle]
                  000032fe    00000002     --HOLE-- [fill = 0]
                  00003300    0000000b     (.cinit..vtable.load) [load image, compression = rle]
                  0000330b    00000005     --HOLE-- [fill = 0]
                  00003310    00000009     (.cinit..bss.load) [load image, compression = rle]
                  00003319    00000003     --HOLE-- [fill = 0]
                  0000331c    00000008     (__TI_handler_table)
                  00003324    00000018     (__TI_cinit_table)

.init_array 
*          0    00000000    00000000     UNINITIALIZED

.vtable    0    20000000    0000026c     UNINITIALIZED
                  20000000    0000026c     driverlib.lib : interrupt.obj (.vtable)

.stack     0    2000026c    00000200     UNINITIALIZED
                  2000026c    00000200     --HOLE--

.bss       0    2000046c    00000039     UNINITIALIZED
                  2000046c    00000010     (.common:ui32ADC0Value)
                  2000047c    00000004     (.common:ADCdeger)
                  20000480    00000004     (.common:Temp)
                  20000484    00000004     (.common:dakika)
                  20000488    00000004     (.common:saat)
                  2000048c    00000004     (.common:saniye)
                  20000490    00000004     (.common:satir)
                  20000494    00000004     (.common:sutun)
                  20000498    00000004     (.common:ui32TempAvg)
                  2000049c    00000004     (.common:ui32TempValueC)
                  200004a0    00000004     (.common:voltage)
                  200004a4    00000001     (.common:yazmadurumu)

.data      0    200004a8    0000001f     UNINITIALIZED
                  200004a8    0000000c     rtsv7M4_T_le_v4SPD16_eabi.lib : exit.obj (.data:$O1$$)
                  200004b4    00000008                                   : _lock.obj (.data:$O1$$)
                  200004bc    00000004                                   : errno.obj (.data)
                  200004c0    00000004                                   : stkdepth_vars.obj (.data)
                  200004c4    00000003     main.obj (.data)

MODULE SUMMARY

       Module                         code    ro data   rw data
       ------                         ----    -------   -------
    .\
       main.obj                       1044    0         39     
       tm4c123gh6pm_startup_ccs.obj   12      620       0      
       Saat.obj                       456     0         21     
       Lcd.obj                        468     0         0      
    +--+------------------------------+-------+---------+---------+
       Total:                         1980    620       60     
                                                               
    C:/ti/TivaWare_C_Series-2.1.4.178/driverlib/ccs/Debug/driverlib.lib
       interrupt.obj                  172     112       620    
       sysctl.obj                     574     108       0      
       gpio.obj                       486     144       0      
       timer.obj                      328     160       0      
       adc.obj                        400     0         0      
       uart.obj                       156     0         0      
       cpu.obj                        12      0         0      
    +--+------------------------------+-------+---------+---------+
       Total:                         2128    524       620    
                                                               
    C:\ti\ccsv6\tools\compiler\arm_15.12.3.LTS\lib\rtsv7M4_T_le_v4SPD16_eabi.lib
       _scanfi.obj                    2346    16        0      
       strtod.obj                     572     152       0      
       ull_div_t2.obj                 500     0         0      
       strtoll.obj                    484     0         0      
       fd_add_t2.obj                  438     0         0      
       strtoull.obj                   364     0         0      
       fd_div_t2.obj                  310     0         0      
       strtol.obj                     308     0         0      
       strtoul.obj                    276     0         0      
       ctype.obj                      0       257       0      
       fd_mul_t2.obj                  252     0         0      
       sscanf.obj                     204     0         0      
       memcpy_t2.obj                  156     0         0      
       fd_cmp_t2.obj                  134     0         0      
       memset_t2.obj                  122     0         0      
       autoinit.obj                   112     0         0      
       copy_decompress_rle.obj        112     0         0      
       fd_tos_t2.obj                  110     0         0      
       exit.obj                       84      0         12     
       boot.obj                       84      0         0      
       atoi.obj                       76      0         0      
       cpy_tbl.obj                    76      0         0      
       u_tofd_t2.obj                  32      0         0      
       _lock.obj                      20      0         8      
       args_main.obj                  24      0         0      
       ll_mul_t2.obj                  24      0         0      
       strrchr.obj                    24      0         0      
       strchr.obj                     22      0         0      
       strcpy.obj                     20      0         0      
       strlen.obj                     20      0         0      
       copy_decompress_none.obj       14      0         0      
       errno.obj                      0       0         4      
       pre_init.obj                   4       0         0      
       stkdepth_vars.obj              0       0         4      
       mpu_init.obj                   2       0         0      
       startup.obj                    2       0         0      
    +--+------------------------------+-------+---------+---------+
       Total:                         7328    425       28     
                                                               
       Stack:                         0       0         512    
       Linker Generated:              0       74        0      
    +--+------------------------------+-------+---------+---------+
       Grand Total:                   11436   1643      1220   


LINKER GENERATED COPY TABLES

__TI_cinit_table @ 00003324 records: 3, size/record: 8, table size: 24
	.data: load addr=000032e8, load size=00000016 bytes, run addr=200004a8, run size=0000001f bytes, compression=rle
	.vtable: load addr=00003300, load size=0000000b bytes, run addr=20000000, run size=0000026c bytes, compression=rle
	.bss: load addr=00003310, load size=00000009 bytes, run addr=2000046c, run size=00000039 bytes, compression=rle


LINKER GENERATED HANDLER TABLE

__TI_handler_table @ 0000331c records: 2, size/record: 4, table size: 8
	index: 0, handler: __TI_decompress_rle24
	index: 1, handler: __TI_decompress_none


GLOBAL SYMBOLS: SORTED ALPHABETICALLY BY Name 

address   name                           
-------   ----                           
00002ee7  ADCIntClear                    
00002e77  ADCIntEnable                   
00002d2f  ADCIntRegister                 
00002d47  ADCProcessorTrigger            
00002a29  ADCSequenceConfigure           
00002d11  ADCSequenceDataGet             
00002e97  ADCSequenceEnable              
00002623  ADCSequenceStepConfigure       
00000b99  ADC_yaz                        
2000047c  ADCdeger                       
000029d5  C$$EXIT                        
00002ecf  CPUcpsie                       
00002ca5  GPIODirModeSet                 
00001eed  GPIOPadConfigSet               
00002bad  GPIOPinConfigure               
00002e41  GPIOPinTypeADC                 
00002d5f  GPIOPinTypeGPIOOutput          
00002e53  GPIOPinTypeUART                
00002f0d  GPIOPinWrite                   
00002861  IntEnable                      
00002e87  IntMasterEnable                
00002c3d  IntRegister                    
00001761  Lcd_Goto                       
0000160b  Lcd_Komut                      
00001693  Lcd_Putch                      
0000171b  Lcd_Temizle                    
0000172b  Lcd_YariKomut                  
000015c1  Lcd_init                       
00002edb  ResetISR                       
UNDEFED   SHT$$INIT_ARRAY$$Base          
UNDEFED   SHT$$INIT_ARRAY$$Limit         
00001795  SaatAyarla                     
000018c7  SaatBasla                      
0000190b  SaatKoordinat                  
000017b5  SaatYaz                        
00002135  SysCtlClockGet                 
00002341  SysCtlClockSet                 
00002f13  SysCtlDelay                    
00002c71  SysCtlPeripheralEnable         
20000480  Temp                           
00001861  Timer1IntHandler               
000028c9  TimerConfigure                 
00002929  TimerControlTrigger            
00002ea5  TimerEnable                    
00002f1f  TimerIntClear                  
00002f05  TimerIntEnable                 
00002d77  TimerIntRegister               
00002e65  TimerLoadSet                   
00002ef1  UARTCharGet                    
00002efb  UARTCharPut                    
00002eb3  UARTCharsAvail                 
00002bf5  UARTConfigSetExpClk            
00002cd1  UARTDisable                    
00002def  UARTEnable                     
00001923  YazmaAktif                     
2000046c  __STACK_END                    
00000200  __STACK_SIZE                   
2000046c  __STACK_TOP                    
00003324  __TI_CINIT_Base                
0000333c  __TI_CINIT_Limit               
0000331c  __TI_Handler_Table_Base        
00003324  __TI_Handler_Table_Limit       
00002719  __TI_auto_init                 
200004a8  __TI_cleanup_ptr               
00002ec1  __TI_decompress_none           
00002f19  __TI_decompress_rle24          
200004ac  __TI_dtors_ptr                 
200004b0  __TI_enable_exit_profile_output
ffffffff  __TI_pprof_out_hndl            
ffffffff  __TI_prof_data_size            
ffffffff  __TI_prof_data_start           
000006e9  __TI_scanfi                    
00000000  __TI_static_base__             
0000259d  __aeabi_cdcmpeq                
0000259d  __aeabi_cdcmple                
00002789  __aeabi_d2f                    
00001967  __aeabi_dadd                   
00001c81  __aeabi_ddiv                   
00002245  __aeabi_dmul                   
0000195d  __aeabi_dsub                   
00002da9  __aeabi_lmul                   
0000269d  __aeabi_memclr                 
0000269d  __aeabi_memclr4                
0000269d  __aeabi_memclr8                
00002501  __aeabi_memcpy                 
00002501  __aeabi_memcpy4                
00002501  __aeabi_memcpy8                
0000269f  __aeabi_memset                 
0000269f  __aeabi_memset4                
0000269f  __aeabi_memset8                
00002cf1  __aeabi_ui2d                   
000011e9  __aeabi_uldivmod               
ffffffff  __binit__                      
ffffffff  __c_args__                     
00000b97  __mpu_init                     
2000026c  __stack                        
00002d91  _args_main                     
00002981  _c_int00                       
00002f28  _ctypes_                       
200004b4  _lock                          
00002e13  _nop                           
00002e0b  _register_lock                 
00002e05  _register_unlock               
00001b13  _system_post_cinit             
00002f23  _system_pre_init               
200004b8  _unlock                        
000029d9  abort                          
00000bf1  adcintt                        
00002b15  atoi                           
200004c4  baglanti                       
ffffffff  binit                          
00002b61  copy_in                        
20000484  dakika                         
200004bc  errno                          
000029e1  exit                           
20000000  g_pfnRAMVectors                
00000000  g_pfnVectors                   
00000d19  main                           
200004c0  main_func_sp                   
00002501  memcpy                         
000026a5  memset                         
20000488  saat                           
200004c5  saatayaraktif                  
2000048c  saniye                         
20000490  satir                          
00002447  sscanf                         
00002dd9  strchr                         
00002e19  strcpy                         
00002e2d  strlen                         
00002dc1  strrchr                        
00000fad  strtod                         
00001db9  strtol                         
00000fad  strtold                        
000013dd  strtoll                        
00002021  strtoul                        
00001b15  strtoull                       
20000494  sutun                          
2000046c  ui32ADC0Value                  
20000498  ui32TempAvg                    
2000049c  ui32TempValueC                 
200004c6  verigelisi                     
200004a0  voltage                        
00002435  vsscanf                        
200004a4  yazmadurumu                    


GLOBAL SYMBOLS: SORTED BY Symbol Address 

address   name                           
-------   ----                           
00000000  __TI_static_base__             
00000000  g_pfnVectors                   
00000200  __STACK_SIZE                   
000006e9  __TI_scanfi                    
00000b97  __mpu_init                     
00000b99  ADC_yaz                        
00000bf1  adcintt                        
00000d19  main                           
00000fad  strtod                         
00000fad  strtold                        
000011e9  __aeabi_uldivmod               
000013dd  strtoll                        
000015c1  Lcd_init                       
0000160b  Lcd_Komut                      
00001693  Lcd_Putch                      
0000171b  Lcd_Temizle                    
0000172b  Lcd_YariKomut                  
00001761  Lcd_Goto                       
00001795  SaatAyarla                     
000017b5  SaatYaz                        
00001861  Timer1IntHandler               
000018c7  SaatBasla                      
0000190b  SaatKoordinat                  
00001923  YazmaAktif                     
0000195d  __aeabi_dsub                   
00001967  __aeabi_dadd                   
00001b13  _system_post_cinit             
00001b15  strtoull                       
00001c81  __aeabi_ddiv                   
00001db9  strtol                         
00001eed  GPIOPadConfigSet               
00002021  strtoul                        
00002135  SysCtlClockGet                 
00002245  __aeabi_dmul                   
00002341  SysCtlClockSet                 
00002435  vsscanf                        
00002447  sscanf                         
00002501  __aeabi_memcpy                 
00002501  __aeabi_memcpy4                
00002501  __aeabi_memcpy8                
00002501  memcpy                         
0000259d  __aeabi_cdcmpeq                
0000259d  __aeabi_cdcmple                
00002623  ADCSequenceStepConfigure       
0000269d  __aeabi_memclr                 
0000269d  __aeabi_memclr4                
0000269d  __aeabi_memclr8                
0000269f  __aeabi_memset                 
0000269f  __aeabi_memset4                
0000269f  __aeabi_memset8                
000026a5  memset                         
00002719  __TI_auto_init                 
00002789  __aeabi_d2f                    
00002861  IntEnable                      
000028c9  TimerConfigure                 
00002929  TimerControlTrigger            
00002981  _c_int00                       
000029d5  C$$EXIT                        
000029d9  abort                          
000029e1  exit                           
00002a29  ADCSequenceConfigure           
00002b15  atoi                           
00002b61  copy_in                        
00002bad  GPIOPinConfigure               
00002bf5  UARTConfigSetExpClk            
00002c3d  IntRegister                    
00002c71  SysCtlPeripheralEnable         
00002ca5  GPIODirModeSet                 
00002cd1  UARTDisable                    
00002cf1  __aeabi_ui2d                   
00002d11  ADCSequenceDataGet             
00002d2f  ADCIntRegister                 
00002d47  ADCProcessorTrigger            
00002d5f  GPIOPinTypeGPIOOutput          
00002d77  TimerIntRegister               
00002d91  _args_main                     
00002da9  __aeabi_lmul                   
00002dc1  strrchr                        
00002dd9  strchr                         
00002def  UARTEnable                     
00002e05  _register_unlock               
00002e0b  _register_lock                 
00002e13  _nop                           
00002e19  strcpy                         
00002e2d  strlen                         
00002e41  GPIOPinTypeADC                 
00002e53  GPIOPinTypeUART                
00002e65  TimerLoadSet                   
00002e77  ADCIntEnable                   
00002e87  IntMasterEnable                
00002e97  ADCSequenceEnable              
00002ea5  TimerEnable                    
00002eb3  UARTCharsAvail                 
00002ec1  __TI_decompress_none           
00002ecf  CPUcpsie                       
00002edb  ResetISR                       
00002ee7  ADCIntClear                    
00002ef1  UARTCharGet                    
00002efb  UARTCharPut                    
00002f05  TimerIntEnable                 
00002f0d  GPIOPinWrite                   
00002f13  SysCtlDelay                    
00002f19  __TI_decompress_rle24          
00002f1f  TimerIntClear                  
00002f23  _system_pre_init               
00002f28  _ctypes_                       
0000331c  __TI_Handler_Table_Base        
00003324  __TI_CINIT_Base                
00003324  __TI_Handler_Table_Limit       
0000333c  __TI_CINIT_Limit               
20000000  g_pfnRAMVectors                
2000026c  __stack                        
2000046c  __STACK_END                    
2000046c  __STACK_TOP                    
2000046c  ui32ADC0Value                  
2000047c  ADCdeger                       
20000480  Temp                           
20000484  dakika                         
20000488  saat                           
2000048c  saniye                         
20000490  satir                          
20000494  sutun                          
20000498  ui32TempAvg                    
2000049c  ui32TempValueC                 
200004a0  voltage                        
200004a4  yazmadurumu                    
200004a8  __TI_cleanup_ptr               
200004ac  __TI_dtors_ptr                 
200004b0  __TI_enable_exit_profile_output
200004b4  _lock                          
200004b8  _unlock                        
200004bc  errno                          
200004c0  main_func_sp                   
200004c4  baglanti                       
200004c5  saatayaraktif                  
200004c6  verigelisi                     
ffffffff  __TI_pprof_out_hndl            
ffffffff  __TI_prof_data_size            
ffffffff  __TI_prof_data_start           
ffffffff  __binit__                      
ffffffff  __c_args__                     
ffffffff  binit                          
UNDEFED   SHT$$INIT_ARRAY$$Base          
UNDEFED   SHT$$INIT_ARRAY$$Limit         

[144 symbols]
