******************************************************************************
                  TI ARM Linker PC v15.12.3                    
******************************************************************************
>> Linked Wed Nov 29 22:00:39 2017

OUTPUT FILE NAME:   <ReelZamanSicaklik.out>
ENTRY POINT SYMBOL: "_c_int00"  address: 000011ed


MEMORY CONFIGURATION

         name            origin    length      used     unused   attr    fill
----------------------  --------  ---------  --------  --------  ----  --------
  FLASH                 00000000   00040000  000017ae  0003e852  R  X
  SRAM                  20000000   00008000  000004bd  00007b43  RW X


SEGMENT ALLOCATION MAP

run origin  load origin   length   init length attrs members
----------  ----------- ---------- ----------- ----- -------
00000000    00000000    000017b4   000017b4    r-x
  00000000    00000000    0000026c   0000026c    r-- .intvecs
  0000026c    0000026c    00001372   00001372    r-x .text
  000015e0    000015e0    0000017c   0000017c    r-- .const
  00001760    00001760    00000054   00000054    r-- .cinit
20000000    20000000    000004c0   00000000    rw-
  20000000    20000000    0000026c   00000000    rw- .vtable
  2000026c    2000026c    00000200   00000000    rw- .stack
  2000046c    2000046c    00000039   00000000    rw- .bss
  200004a8    200004a8    00000018   00000000    rw- .data


SECTION ALLOCATION MAP

 output                                  attributes/
section   page    origin      length       input sections
--------  ----  ----------  ----------   ----------------
.intvecs   0    00000000    0000026c     
                  00000000    0000026c     tm4c123gh6pm_startup_ccs.obj (.intvecs)

.text      0    0000026c    00001372     
                  0000026c    00000284     main.obj (.text)
                  000004f0    000001d4     Lcd.obj (.text)
                  000006c4    000001c8     Saat.obj (.text)
                  0000088c    00000136     rtsv7M4_T_le_v4SPD16_eabi.lib : fd_div_t2.obj (.text)
                  000009c2    00000132     driverlib.lib : gpio.obj (.text:GPIOPadConfigSet)
                  00000af4    00000110                   : sysctl.obj (.text:SysCtlClockGet)
                  00000c04    000000fc     rtsv7M4_T_le_v4SPD16_eabi.lib : fd_mul_t2.obj (.text)
                  00000d00    000000f4     driverlib.lib : sysctl.obj (.text:SysCtlClockSet)
                  00000df4    0000009c     rtsv7M4_T_le_v4SPD16_eabi.lib : memcpy_t2.obj (.text)
                  00000e90    0000007a     driverlib.lib : adc.obj (.text:ADCSequenceStepConfigure)
                  00000f0a    0000007a     rtsv7M4_T_le_v4SPD16_eabi.lib : memset_t2.obj (.text)
                  00000f84    00000070                                   : autoinit.obj (.text)
                  00000ff4    0000006e                                   : fd_tos_t2.obj (.text)
                  00001062    0000006a                                   : copy_decompress_rle.obj (.text)
                  000010cc    00000068     driverlib.lib : interrupt.obj (.text:IntEnable)
                  00001134    00000060                   : timer.obj (.text:TimerConfigure)
                  00001194    00000058                   : timer.obj (.text:TimerControlTrigger)
                  000011ec    00000054     rtsv7M4_T_le_v4SPD16_eabi.lib : boot.obj (.text)
                  00001240    00000054                                   : exit.obj (.text)
                  00001294    00000050     driverlib.lib : adc.obj (.text:ADCSequenceConfigure)
                  000012e4    00000050                   : adc.obj (.text:_ADCIntNumberGet)
                  00001334    0000004c                   : timer.obj (.text:_TimerIntNumberGet)
                  00001380    0000004c     rtsv7M4_T_le_v4SPD16_eabi.lib : cpy_tbl.obj (.text)
                  000013cc    00000034     driverlib.lib : interrupt.obj (.text:IntRegister)
                  00001400    00000034                   : sysctl.obj (.text:SysCtlPeripheralEnable)
                  00001434    0000002a                   : gpio.obj (.text:GPIODirModeSet)
                  0000145e    00000020     rtsv7M4_T_le_v4SPD16_eabi.lib : u_tofd_t2.obj (.text)
                  0000147e    0000001e     driverlib.lib : adc.obj (.text:ADCSequenceDataGet)
                  0000149c    00000018                   : adc.obj (.text:ADCIntRegister)
                  000014b4    00000018                   : adc.obj (.text:ADCProcessorTrigger)
                  000014cc    00000018                   : gpio.obj (.text:GPIOPinTypeGPIOOutput)
                  000014e4    00000018                   : timer.obj (.text:TimerIntRegister)
                  000014fc    00000018     rtsv7M4_T_le_v4SPD16_eabi.lib : args_main.obj (.text)
                  00001514    00000014                                   : _lock.obj (.text)
                  00001528    00000012     driverlib.lib : gpio.obj (.text:GPIOPinTypeADC)
                  0000153a    00000012                   : timer.obj (.text:TimerLoadSet)
                  0000154c    00000010                   : adc.obj (.text:ADCIntEnable)
                  0000155c    00000010                   : interrupt.obj (.text:IntMasterEnable)
                  0000156c    0000000e                   : adc.obj (.text:ADCSequenceEnable)
                  0000157a    0000000e                   : timer.obj (.text:TimerEnable)
                  00001588    0000000e     rtsv7M4_T_le_v4SPD16_eabi.lib : copy_decompress_none.obj (.text:decompress:none)
                  00001596    0000000c     driverlib.lib : cpu.obj (.text:CPUcpsie)
                  000015a2    0000000c     tm4c123gh6pm_startup_ccs.obj (.text)
                  000015ae    0000000a     driverlib.lib : adc.obj (.text:ADCIntClear)
                  000015b8    00000008                   : timer.obj (.text:TimerIntEnable)
                  000015c0    00000006                   : gpio.obj (.text:GPIOPinWrite)
                  000015c6    00000006                   : sysctl.obj (.text:SysCtlDelay)
                  000015cc    00000006     rtsv7M4_T_le_v4SPD16_eabi.lib : copy_decompress_rle.obj (.text:decompress:rle24)
                  000015d2    00000004     driverlib.lib : timer.obj (.text:TimerIntClear)
                  000015d6    00000004     rtsv7M4_T_le_v4SPD16_eabi.lib : pre_init.obj (.text)
                  000015da    00000002                                   : mpu_init.obj (.text)
                  000015dc    00000002                                   : startup.obj (.text)

.const     0    000015e0    0000017c     
                  000015e0    00000070     driverlib.lib : interrupt.obj (.const)
                  00001650    0000006c                   : sysctl.obj (.const:g_pui32Xtals)
                  000016bc    00000060                   : timer.obj (.const:g_ppui32TimerIntMap)
                  0000171c    00000040                   : timer.obj (.const:g_ppui32TimerIntMapSnowflake)

.cinit     0    00001760    00000054     
                  00001760    00000016     (.cinit..data.load) [load image, compression = rle]
                  00001776    00000002     --HOLE-- [fill = 0]
                  00001778    0000000b     (.cinit..vtable.load) [load image, compression = rle]
                  00001783    00000005     --HOLE-- [fill = 0]
                  00001788    00000009     (.cinit..bss.load) [load image, compression = rle]
                  00001791    00000003     --HOLE-- [fill = 0]
                  00001794    00000008     (__TI_handler_table)
                  0000179c    00000018     (__TI_cinit_table)

.init_array 
*          0    00000000    00000000     UNINITIALIZED

.vtable    0    20000000    0000026c     UNINITIALIZED
                  20000000    0000026c     driverlib.lib : interrupt.obj (.vtable)

.stack     0    2000026c    00000200     UNINITIALIZED
                  2000026c    00000200     --HOLE--

.bss       0    2000046c    00000039     UNINITIALIZED
                  2000046c    00000010     (.common:ui32ADC0Value)
                  2000047c    00000004     (.common:ADCdeger)
                  20000480    00000004     (.common:Temp)
                  20000484    00000004     (.common:dakika)
                  20000488    00000004     (.common:saat)
                  2000048c    00000004     (.common:saniye)
                  20000490    00000004     (.common:satir)
                  20000494    00000004     (.common:sutun)
                  20000498    00000004     (.common:ui32TempAvg)
                  2000049c    00000004     (.common:ui32TempValueC)
                  200004a0    00000004     (.common:voltage)
                  200004a4    00000001     (.common:yazmadurumu)

.data      0    200004a8    00000018     UNINITIALIZED
                  200004a8    0000000c     rtsv7M4_T_le_v4SPD16_eabi.lib : exit.obj (.data:$O1$$)
                  200004b4    00000008                                   : _lock.obj (.data:$O1$$)
                  200004bc    00000004                                   : stkdepth_vars.obj (.data)

MODULE SUMMARY

       Module                         code   ro data   rw data
       ------                         ----   -------   -------
    .\
       main.obj                       644    0         36     
       tm4c123gh6pm_startup_ccs.obj   12     620       0      
       Saat.obj                       456    0         21     
       Lcd.obj                        468    0         0      
    +--+------------------------------+------+---------+---------+
       Total:                         1580   620       57     
                                                              
    C:/ti/TivaWare_C_Series-2.1.4.178/driverlib/ccs/Debug/driverlib.lib
       interrupt.obj                  172    112       620    
       sysctl.obj                     574    108       0      
       timer.obj                      328    160       0      
       adc.obj                        400    0         0      
       gpio.obj                       396    0         0      
       cpu.obj                        12     0         0      
    +--+------------------------------+------+---------+---------+
       Total:                         1882   380       620    
                                                              
    C:\ti\ccsv6\tools\compiler\arm_15.12.3.LTS\lib\rtsv7M4_T_le_v4SPD16_eabi.lib
       fd_div_t2.obj                  310    0         0      
       fd_mul_t2.obj                  252    0         0      
       memcpy_t2.obj                  156    0         0      
       memset_t2.obj                  122    0         0      
       autoinit.obj                   112    0         0      
       copy_decompress_rle.obj        112    0         0      
       fd_tos_t2.obj                  110    0         0      
       exit.obj                       84     0         12     
       boot.obj                       84     0         0      
       cpy_tbl.obj                    76     0         0      
       u_tofd_t2.obj                  32     0         0      
       _lock.obj                      20     0         8      
       args_main.obj                  24     0         0      
       copy_decompress_none.obj       14     0         0      
       pre_init.obj                   4      0         0      
       stkdepth_vars.obj              0      0         4      
       mpu_init.obj                   2      0         0      
       startup.obj                    2      0         0      
    +--+------------------------------+------+---------+---------+
       Total:                         1516   0         24     
                                                              
       Stack:                         0      0         512    
       Linker Generated:              0      74        0      
    +--+------------------------------+------+---------+---------+
       Grand Total:                   4978   1074      1213   


LINKER GENERATED COPY TABLES

__TI_cinit_table @ 0000179c records: 3, size/record: 8, table size: 24
	.data: load addr=00001760, load size=00000016 bytes, run addr=200004a8, run size=00000018 bytes, compression=rle
	.vtable: load addr=00001778, load size=0000000b bytes, run addr=20000000, run size=0000026c bytes, compression=rle
	.bss: load addr=00001788, load size=00000009 bytes, run addr=2000046c, run size=00000039 bytes, compression=rle


LINKER GENERATED HANDLER TABLE

__TI_handler_table @ 00001794 records: 2, size/record: 4, table size: 8
	index: 0, handler: __TI_decompress_rle24
	index: 1, handler: __TI_decompress_none


GLOBAL SYMBOLS: SORTED ALPHABETICALLY BY Name 

address   name                           
-------   ----                           
000015af  ADCIntClear                    
0000154d  ADCIntEnable                   
0000149d  ADCIntRegister                 
000014b5  ADCProcessorTrigger            
00001295  ADCSequenceConfigure           
0000147f  ADCSequenceDataGet             
0000156d  ADCSequenceEnable              
00000e91  ADCSequenceStepConfigure       
0000026d  ADC_yaz                        
2000047c  ADCdeger                       
00001241  C$$EXIT                        
00001597  CPUcpsie                       
00001435  GPIODirModeSet                 
000009c3  GPIOPadConfigSet               
00001529  GPIOPinTypeADC                 
000014cd  GPIOPinTypeGPIOOutput          
000015c1  GPIOPinWrite                   
000010cd  IntEnable                      
0000155d  IntMasterEnable                
000013cd  IntRegister                    
00000691  Lcd_Goto                       
0000053b  Lcd_Komut                      
000005c3  Lcd_Putch                      
0000064b  Lcd_Temizle                    
0000065b  Lcd_YariKomut                  
000004f1  Lcd_init                       
000015a3  ResetISR                       
UNDEFED   SHT$$INIT_ARRAY$$Base          
UNDEFED   SHT$$INIT_ARRAY$$Limit         
000006c5  SaatAyarla                     
000007f7  SaatBasla                      
0000083b  SaatKoordinat                  
000006e5  SaatYaz                        
00000af5  SysCtlClockGet                 
00000d01  SysCtlClockSet                 
000015c7  SysCtlDelay                    
00001401  SysCtlPeripheralEnable         
20000480  Temp                           
00000791  Timer1IntHandler               
00001135  TimerConfigure                 
00001195  TimerControlTrigger            
0000157b  TimerEnable                    
000015d3  TimerIntClear                  
000015b9  TimerIntEnable                 
000014e5  TimerIntRegister               
0000153b  TimerLoadSet                   
00000853  YazmaAktif                     
2000046c  __STACK_END                    
00000200  __STACK_SIZE                   
2000046c  __STACK_TOP                    
0000179c  __TI_CINIT_Base                
000017b4  __TI_CINIT_Limit               
00001794  __TI_Handler_Table_Base        
0000179c  __TI_Handler_Table_Limit       
00000f85  __TI_auto_init                 
200004a8  __TI_cleanup_ptr               
00001589  __TI_decompress_none           
000015cd  __TI_decompress_rle24          
200004ac  __TI_dtors_ptr                 
200004b0  __TI_enable_exit_profile_output
ffffffff  __TI_pprof_out_hndl            
ffffffff  __TI_prof_data_size            
ffffffff  __TI_prof_data_start           
00000000  __TI_static_base__             
00000ff5  __aeabi_d2f                    
0000088d  __aeabi_ddiv                   
00000c05  __aeabi_dmul                   
00000f0b  __aeabi_memclr                 
00000f0b  __aeabi_memclr4                
00000f0b  __aeabi_memclr8                
00000df5  __aeabi_memcpy                 
00000df5  __aeabi_memcpy4                
00000df5  __aeabi_memcpy8                
00000f0d  __aeabi_memset                 
00000f0d  __aeabi_memset4                
00000f0d  __aeabi_memset8                
0000145f  __aeabi_ui2d                   
ffffffff  __binit__                      
ffffffff  __c_args__                     
000015db  __mpu_init                     
2000026c  __stack                        
000014fd  _args_main                     
000011ed  _c_int00                       
200004b4  _lock                          
00001523  _nop                           
0000151b  _register_lock                 
00001515  _register_unlock               
000015dd  _system_post_cinit             
000015d7  _system_pre_init               
200004b8  _unlock                        
00001245  abort                          
00000297  adcintt                        
ffffffff  binit                          
00001381  copy_in                        
20000484  dakika                         
0000124d  exit                           
20000000  g_pfnRAMVectors                
00000000  g_pfnVectors                   
000003a7  main                           
200004bc  main_func_sp                   
00000df5  memcpy                         
00000f13  memset                         
20000488  saat                           
2000048c  saniye                         
20000490  satir                          
20000494  sutun                          
2000046c  ui32ADC0Value                  
20000498  ui32TempAvg                    
2000049c  ui32TempValueC                 
200004a0  voltage                        
200004a4  yazmadurumu                    


GLOBAL SYMBOLS: SORTED BY Symbol Address 

address   name                           
-------   ----                           
00000000  __TI_static_base__             
00000000  g_pfnVectors                   
00000200  __STACK_SIZE                   
0000026d  ADC_yaz                        
00000297  adcintt                        
000003a7  main                           
000004f1  Lcd_init                       
0000053b  Lcd_Komut                      
000005c3  Lcd_Putch                      
0000064b  Lcd_Temizle                    
0000065b  Lcd_YariKomut                  
00000691  Lcd_Goto                       
000006c5  SaatAyarla                     
000006e5  SaatYaz                        
00000791  Timer1IntHandler               
000007f7  SaatBasla                      
0000083b  SaatKoordinat                  
00000853  YazmaAktif                     
0000088d  __aeabi_ddiv                   
000009c3  GPIOPadConfigSet               
00000af5  SysCtlClockGet                 
00000c05  __aeabi_dmul                   
00000d01  SysCtlClockSet                 
00000df5  __aeabi_memcpy                 
00000df5  __aeabi_memcpy4                
00000df5  __aeabi_memcpy8                
00000df5  memcpy                         
00000e91  ADCSequenceStepConfigure       
00000f0b  __aeabi_memclr                 
00000f0b  __aeabi_memclr4                
00000f0b  __aeabi_memclr8                
00000f0d  __aeabi_memset                 
00000f0d  __aeabi_memset4                
00000f0d  __aeabi_memset8                
00000f13  memset                         
00000f85  __TI_auto_init                 
00000ff5  __aeabi_d2f                    
000010cd  IntEnable                      
00001135  TimerConfigure                 
00001195  TimerControlTrigger            
000011ed  _c_int00                       
00001241  C$$EXIT                        
00001245  abort                          
0000124d  exit                           
00001295  ADCSequenceConfigure           
00001381  copy_in                        
000013cd  IntRegister                    
00001401  SysCtlPeripheralEnable         
00001435  GPIODirModeSet                 
0000145f  __aeabi_ui2d                   
0000147f  ADCSequenceDataGet             
0000149d  ADCIntRegister                 
000014b5  ADCProcessorTrigger            
000014cd  GPIOPinTypeGPIOOutput          
000014e5  TimerIntRegister               
000014fd  _args_main                     
00001515  _register_unlock               
0000151b  _register_lock                 
00001523  _nop                           
00001529  GPIOPinTypeADC                 
0000153b  TimerLoadSet                   
0000154d  ADCIntEnable                   
0000155d  IntMasterEnable                
0000156d  ADCSequenceEnable              
0000157b  TimerEnable                    
00001589  __TI_decompress_none           
00001597  CPUcpsie                       
000015a3  ResetISR                       
000015af  ADCIntClear                    
000015b9  TimerIntEnable                 
000015c1  GPIOPinWrite                   
000015c7  SysCtlDelay                    
000015cd  __TI_decompress_rle24          
000015d3  TimerIntClear                  
000015d7  _system_pre_init               
000015db  __mpu_init                     
000015dd  _system_post_cinit             
00001794  __TI_Handler_Table_Base        
0000179c  __TI_CINIT_Base                
0000179c  __TI_Handler_Table_Limit       
000017b4  __TI_CINIT_Limit               
20000000  g_pfnRAMVectors                
2000026c  __stack                        
2000046c  __STACK_END                    
2000046c  __STACK_TOP                    
2000046c  ui32ADC0Value                  
2000047c  ADCdeger                       
20000480  Temp                           
20000484  dakika                         
20000488  saat                           
2000048c  saniye                         
20000490  satir                          
20000494  sutun                          
20000498  ui32TempAvg                    
2000049c  ui32TempValueC                 
200004a0  voltage                        
200004a4  yazmadurumu                    
200004a8  __TI_cleanup_ptr               
200004ac  __TI_dtors_ptr                 
200004b0  __TI_enable_exit_profile_output
200004b4  _lock                          
200004b8  _unlock                        
200004bc  main_func_sp                   
ffffffff  __TI_pprof_out_hndl            
ffffffff  __TI_prof_data_size            
ffffffff  __TI_prof_data_start           
ffffffff  __binit__                      
ffffffff  __c_args__                     
ffffffff  binit                          
UNDEFED   SHT$$INIT_ARRAY$$Base          
UNDEFED   SHT$$INIT_ARRAY$$Limit         

[111 symbols]
