******************************************************************************
                  TI ARM Linker PC v15.12.3                    
******************************************************************************
>> Linked Wed Nov 08 21:41:48 2017

OUTPUT FILE NAME:   <LCD_Test_v1.out>
ENTRY POINT SYMBOL: "_c_int00"  address: 000008ed


MEMORY CONFIGURATION

         name            origin    length      used     unused   attr    fill
----------------------  --------  ---------  --------  --------  ----  --------
  FLASH                 00000000   00040000  00000adc  0003f524  R  X
  SRAM                  20000000   00008000  00000218  00007de8  RW X


SEGMENT ALLOCATION MAP

run origin  load origin   length   init length attrs members
----------  ----------- ---------- ----------- ----- -------
00000000    00000000    00000ae0   00000ae0    r-x
  00000000    00000000    0000026c   0000026c    r-- .intvecs
  0000026c    0000026c    00000848   00000848    r-x .text
  00000ab8    00000ab8    00000028   00000028    r-- .cinit
20000000    20000000    00000218   00000000    rw-
  20000000    20000000    00000200   00000000    rw- .stack
  20000200    20000200    00000018   00000000    rw- .data


SECTION ALLOCATION MAP

 output                                  attributes/
section   page    origin      length       input sections
--------  ----  ----------  ----------   ----------------
.intvecs   0    00000000    0000026c     
                  00000000    0000026c     tm4c1230h6pm_startup_ccs.obj (.intvecs)

.text      0    0000026c    00000848     
                  0000026c    000001c0     Lcd.obj (.text)
                  0000042c    00000132     driverlib.lib : gpio.obj (.text:GPIOPadConfigSet)
                  0000055e    00000002     rtsv7M4_T_le_v4SPD16_eabi.lib : mpu_init.obj (.text)
                  00000560    000000f4     driverlib.lib : sysctl.obj (.text:SysCtlClockSet)
                  00000654    000000a4     main.obj (.text)
                  000006f8    0000009c     rtsv7M4_T_le_v4SPD16_eabi.lib : memcpy_t2.obj (.text)
                  00000794    0000007a                                   : memset_t2.obj (.text)
                  0000080e    00000002                                   : startup.obj (.text)
                  00000810    00000070                                   : autoinit.obj (.text)
                  00000880    0000006a                                   : copy_decompress_rle.obj (.text)
                  000008ea    00000002     --HOLE-- [fill = 0]
                  000008ec    00000054                                   : boot.obj (.text)
                  00000940    00000054                                   : exit.obj (.text)
                  00000994    0000004c                                   : cpy_tbl.obj (.text)
                  000009e0    00000034     driverlib.lib : sysctl.obj (.text:SysCtlPeripheralEnable)
                  00000a14    0000002a                   : gpio.obj (.text:GPIODirModeSet)
                  00000a3e    00000018                   : gpio.obj (.text:GPIOPinTypeGPIOOutput)
                  00000a56    00000002     --HOLE-- [fill = 0]
                  00000a58    00000018     rtsv7M4_T_le_v4SPD16_eabi.lib : args_main.obj (.text)
                  00000a70    00000014                                   : _lock.obj (.text)
                  00000a84    0000000e                                   : copy_decompress_none.obj (.text:decompress:none)
                  00000a92    0000000c     tm4c1230h6pm_startup_ccs.obj (.text)
                  00000a9e    00000006     driverlib.lib : gpio.obj (.text:GPIOPinWrite)
                  00000aa4    00000006                   : sysctl.obj (.text:SysCtlDelay)
                  00000aaa    00000006     rtsv7M4_T_le_v4SPD16_eabi.lib : copy_decompress_rle.obj (.text:decompress:rle24)
                  00000ab0    00000004                                   : pre_init.obj (.text)

.cinit     0    00000ab8    00000028     
                  00000ab8    00000016     (.cinit..data.load) [load image, compression = rle]
                  00000ace    00000002     --HOLE-- [fill = 0]
                  00000ad0    00000008     (__TI_handler_table)
                  00000ad8    00000008     (__TI_cinit_table)

.init_array 
*          0    00000000    00000000     UNINITIALIZED

.stack     0    20000000    00000200     UNINITIALIZED
                  20000000    00000200     --HOLE--

.data      0    20000200    00000018     UNINITIALIZED
                  20000200    0000000c     rtsv7M4_T_le_v4SPD16_eabi.lib : exit.obj (.data:$O1$$)
                  2000020c    00000008                                   : _lock.obj (.data:$O1$$)
                  20000214    00000004                                   : stkdepth_vars.obj (.data)

MODULE SUMMARY

       Module                         code   ro data   rw data
       ------                         ----   -------   -------
    .\
       tm4c1230h6pm_startup_ccs.obj   12     620       0      
       Lcd.obj                        448    0         0      
       main.obj                       164    0         0      
    +--+------------------------------+------+---------+---------+
       Total:                         624    620       0      
                                                              
    C:/ti/TivaWare_C_Series-2.1.4.178/driverlib/ccs/Debug/driverlib.lib
       gpio.obj                       378    0         0      
       sysctl.obj                     302    0         0      
    +--+------------------------------+------+---------+---------+
       Total:                         680    0         0      
                                                              
    C:\ti\ccsv6\tools\compiler\arm_15.12.3.LTS\lib\rtsv7M4_T_le_v4SPD16_eabi.lib
       memcpy_t2.obj                  156    0         0      
       memset_t2.obj                  122    0         0      
       autoinit.obj                   112    0         0      
       copy_decompress_rle.obj        112    0         0      
       exit.obj                       84     0         12     
       boot.obj                       84     0         0      
       cpy_tbl.obj                    76     0         0      
       _lock.obj                      20     0         8      
       args_main.obj                  24     0         0      
       copy_decompress_none.obj       14     0         0      
       pre_init.obj                   4      0         0      
       stkdepth_vars.obj              0      0         4      
       mpu_init.obj                   2      0         0      
       startup.obj                    2      0         0      
    +--+------------------------------+------+---------+---------+
       Total:                         812    0         24     
                                                              
       Stack:                         0      0         512    
       Linker Generated:              0      38        0      
    +--+------------------------------+------+---------+---------+
       Grand Total:                   2116   658       536    


LINKER GENERATED COPY TABLES

__TI_cinit_table @ 00000ad8 records: 1, size/record: 8, table size: 8
	.data: load addr=00000ab8, load size=00000016 bytes, run addr=20000200, run size=00000018 bytes, compression=rle


LINKER GENERATED HANDLER TABLE

__TI_handler_table @ 00000ad0 records: 2, size/record: 4, table size: 8
	index: 0, handler: __TI_decompress_rle24
	index: 1, handler: __TI_decompress_none


GLOBAL SYMBOLS: SORTED ALPHABETICALLY BY Name 

address   name                           
-------   ----                           
00000941  C$$EXIT                        
00000a15  GPIODirModeSet                 
0000042d  GPIOPadConfigSet               
00000a3f  GPIOPinTypeGPIOOutput          
00000a9f  GPIOPinWrite                   
000003ff  Lcd_Goto                       
000002a9  Lcd_Komut                      
00000331  Lcd_Putch                      
000003b9  Lcd_Temizle                    
000003c9  Lcd_YariKomut                  
0000026d  Lcd_init                       
00000a93  ResetISR                       
UNDEFED   SHT$$INIT_ARRAY$$Base          
UNDEFED   SHT$$INIT_ARRAY$$Limit         
00000561  SysCtlClockSet                 
00000aa5  SysCtlDelay                    
000009e1  SysCtlPeripheralEnable         
20000200  __STACK_END                    
00000200  __STACK_SIZE                   
20000200  __STACK_TOP                    
00000ad8  __TI_CINIT_Base                
00000ae0  __TI_CINIT_Limit               
00000ad0  __TI_Handler_Table_Base        
00000ad8  __TI_Handler_Table_Limit       
00000811  __TI_auto_init                 
20000200  __TI_cleanup_ptr               
00000a85  __TI_decompress_none           
00000aab  __TI_decompress_rle24          
20000204  __TI_dtors_ptr                 
20000208  __TI_enable_exit_profile_output
ffffffff  __TI_pprof_out_hndl            
ffffffff  __TI_prof_data_size            
ffffffff  __TI_prof_data_start           
00000000  __TI_static_base__             
00000795  __aeabi_memclr                 
00000795  __aeabi_memclr4                
00000795  __aeabi_memclr8                
000006f9  __aeabi_memcpy                 
000006f9  __aeabi_memcpy4                
000006f9  __aeabi_memcpy8                
00000797  __aeabi_memset                 
00000797  __aeabi_memset4                
00000797  __aeabi_memset8                
ffffffff  __binit__                      
ffffffff  __c_args__                     
0000055f  __mpu_init                     
20000000  __stack                        
00000a59  _args_main                     
000008ed  _c_int00                       
2000020c  _lock                          
00000a7f  _nop                           
00000a77  _register_lock                 
00000a71  _register_unlock               
0000080f  _system_post_cinit             
00000ab1  _system_pre_init               
20000210  _unlock                        
00000945  abort                          
ffffffff  binit                          
00000995  copy_in                        
0000094d  exit                           
00000000  g_pfnVectors                   
00000655  main                           
20000214  main_func_sp                   
000006f9  memcpy                         
0000079d  memset                         


GLOBAL SYMBOLS: SORTED BY Symbol Address 

address   name                           
-------   ----                           
00000000  __TI_static_base__             
00000000  g_pfnVectors                   
00000200  __STACK_SIZE                   
0000026d  Lcd_init                       
000002a9  Lcd_Komut                      
00000331  Lcd_Putch                      
000003b9  Lcd_Temizle                    
000003c9  Lcd_YariKomut                  
000003ff  Lcd_Goto                       
0000042d  GPIOPadConfigSet               
0000055f  __mpu_init                     
00000561  SysCtlClockSet                 
00000655  main                           
000006f9  __aeabi_memcpy                 
000006f9  __aeabi_memcpy4                
000006f9  __aeabi_memcpy8                
000006f9  memcpy                         
00000795  __aeabi_memclr                 
00000795  __aeabi_memclr4                
00000795  __aeabi_memclr8                
00000797  __aeabi_memset                 
00000797  __aeabi_memset4                
00000797  __aeabi_memset8                
0000079d  memset                         
0000080f  _system_post_cinit             
00000811  __TI_auto_init                 
000008ed  _c_int00                       
00000941  C$$EXIT                        
00000945  abort                          
0000094d  exit                           
00000995  copy_in                        
000009e1  SysCtlPeripheralEnable         
00000a15  GPIODirModeSet                 
00000a3f  GPIOPinTypeGPIOOutput          
00000a59  _args_main                     
00000a71  _register_unlock               
00000a77  _register_lock                 
00000a7f  _nop                           
00000a85  __TI_decompress_none           
00000a93  ResetISR                       
00000a9f  GPIOPinWrite                   
00000aa5  SysCtlDelay                    
00000aab  __TI_decompress_rle24          
00000ab1  _system_pre_init               
00000ad0  __TI_Handler_Table_Base        
00000ad8  __TI_CINIT_Base                
00000ad8  __TI_Handler_Table_Limit       
00000ae0  __TI_CINIT_Limit               
20000000  __stack                        
20000200  __STACK_END                    
20000200  __STACK_TOP                    
20000200  __TI_cleanup_ptr               
20000204  __TI_dtors_ptr                 
20000208  __TI_enable_exit_profile_output
2000020c  _lock                          
20000210  _unlock                        
20000214  main_func_sp                   
ffffffff  __TI_pprof_out_hndl            
ffffffff  __TI_prof_data_size            
ffffffff  __TI_prof_data_start           
ffffffff  __binit__                      
ffffffff  __c_args__                     
ffffffff  binit                          
UNDEFED   SHT$$INIT_ARRAY$$Base          
UNDEFED   SHT$$INIT_ARRAY$$Limit         

[65 symbols]
