******************************************************************************
                  TI ARM Linker PC v15.12.3                    
******************************************************************************
>> Linked Tue Jan 02 09:38:59 2018

OUTPUT FILE NAME:   <final2016_1.out>
ENTRY POINT SYMBOL: "_c_int00"  address: 000008e1


MEMORY CONFIGURATION

         name            origin    length      used     unused   attr    fill
----------------------  --------  ---------  --------  --------  ----  --------
  FLASH                 00000000   00040000  00000d18  0003f2e8  R  X
  SRAM                  20000000   00008000  00000494  00007b6c  RW X


SEGMENT ALLOCATION MAP

run origin  load origin   length   init length attrs members
----------  ----------- ---------- ----------- ----- -------
00000000    00000000    00000d1c   00000d1c    r-x
  00000000    00000000    0000026c   0000026c    r-- .intvecs
  0000026c    0000026c    000009e8   000009e8    r-x .text
  00000c54    00000c54    00000070   00000070    r-- .const
  00000cc8    00000cc8    00000054   00000054    r-- .cinit
20000000    20000000    00000494   00000000    rw-
  20000000    20000000    0000026c   00000000    rw- .vtable
  2000026c    2000026c    00000200   00000000    rw- .stack
  2000046c    2000046c    00000018   00000000    rw- .data
  20000484    20000484    00000010   00000000    rw- .bss


SECTION ALLOCATION MAP

 output                                  attributes/
section   page    origin      length       input sections
--------  ----  ----------  ----------   ----------------
.intvecs   0    00000000    0000026c     
                  00000000    0000026c     tm4c123gh6pm_startup_ccs.obj (.intvecs)

.text      0    0000026c    000009e8     
                  0000026c    00000178     main.obj (.text)
                  000003e4    00000132     driverlib.lib : gpio.obj (.text:GPIOPadConfigSet)
                  00000516    00000002     rtsv7M4_T_le_v4SPD16_eabi.lib : mpu_init.obj (.text)
                  00000518    000000f4     driverlib.lib : sysctl.obj (.text:SysCtlClockSet)
                  0000060c    0000009c     rtsv7M4_T_le_v4SPD16_eabi.lib : memcpy_t2.obj (.text)
                  000006a8    0000007a     driverlib.lib : adc.obj (.text:ADCSequenceStepConfigure)
                  00000722    0000007a     rtsv7M4_T_le_v4SPD16_eabi.lib : memset_t2.obj (.text)
                  0000079c    00000070                                   : autoinit.obj (.text)
                  0000080c    0000006a                                   : copy_decompress_rle.obj (.text)
                  00000876    00000002                                   : startup.obj (.text)
                  00000878    00000068     driverlib.lib : interrupt.obj (.text:IntEnable)
                  000008e0    00000054     rtsv7M4_T_le_v4SPD16_eabi.lib : boot.obj (.text)
                  00000934    00000054                                   : exit.obj (.text)
                  00000988    00000050     driverlib.lib : adc.obj (.text:ADCSequenceConfigure)
                  000009d8    00000050                   : adc.obj (.text:_ADCIntNumberGet)
                  00000a28    0000004c     rtsv7M4_T_le_v4SPD16_eabi.lib : cpy_tbl.obj (.text)
                  00000a74    00000034     driverlib.lib : interrupt.obj (.text:IntRegister)
                  00000aa8    00000034                   : sysctl.obj (.text:SysCtlPeripheralEnable)
                  00000adc    0000002e                   : adc.obj (.text:ADCIntStatus)
                  00000b0a    0000002a                   : gpio.obj (.text:GPIODirModeSet)
                  00000b34    0000001e                   : adc.obj (.text:ADCSequenceDataGet)
                  00000b52    00000018                   : adc.obj (.text:ADCIntRegister)
                  00000b6a    00000018                   : adc.obj (.text:ADCProcessorTrigger)
                  00000b82    00000018                   : gpio.obj (.text:GPIOPinTypeGPIOOutput)
                  00000b9a    00000002     --HOLE-- [fill = 0]
                  00000b9c    00000018     rtsv7M4_T_le_v4SPD16_eabi.lib : args_main.obj (.text)
                  00000bb4    00000014                                   : _lock.obj (.text)
                  00000bc8    00000012     driverlib.lib : gpio.obj (.text:GPIOPinTypeGPIOInput)
                  00000bda    00000010                   : adc.obj (.text:ADCIntEnable)
                  00000bea    00000010                   : interrupt.obj (.text:IntMasterEnable)
                  00000bfa    0000000e                   : adc.obj (.text:ADCSequenceEnable)
                  00000c08    0000000e     rtsv7M4_T_le_v4SPD16_eabi.lib : copy_decompress_none.obj (.text:decompress:none)
                  00000c16    0000000c     driverlib.lib : cpu.obj (.text:CPUcpsie)
                  00000c22    0000000c     tm4c123gh6pm_startup_ccs.obj (.text)
                  00000c2e    0000000a     driverlib.lib : adc.obj (.text:ADCIntClear)
                  00000c38    00000006                   : gpio.obj (.text:GPIOPinRead)
                  00000c3e    00000006                   : gpio.obj (.text:GPIOPinWrite)
                  00000c44    00000006                   : sysctl.obj (.text:SysCtlDelay)
                  00000c4a    00000006     rtsv7M4_T_le_v4SPD16_eabi.lib : copy_decompress_rle.obj (.text:decompress:rle24)
                  00000c50    00000004                                   : pre_init.obj (.text)

.const     0    00000c54    00000070     
                  00000c54    00000070     driverlib.lib : interrupt.obj (.const)

.cinit     0    00000cc8    00000054     
                  00000cc8    00000016     (.cinit..data.load) [load image, compression = rle]
                  00000cde    00000002     --HOLE-- [fill = 0]
                  00000ce0    0000000b     (.cinit..vtable.load) [load image, compression = rle]
                  00000ceb    00000005     --HOLE-- [fill = 0]
                  00000cf0    00000009     (.cinit..bss.load) [load image, compression = rle]
                  00000cf9    00000003     --HOLE-- [fill = 0]
                  00000cfc    00000008     (__TI_handler_table)
                  00000d04    00000018     (__TI_cinit_table)

.init_array 
*          0    00000000    00000000     UNINITIALIZED

.vtable    0    20000000    0000026c     UNINITIALIZED
                  20000000    0000026c     driverlib.lib : interrupt.obj (.vtable)

.stack     0    2000026c    00000200     UNINITIALIZED
                  2000026c    00000200     --HOLE--

.data      0    2000046c    00000018     UNINITIALIZED
                  2000046c    0000000c     rtsv7M4_T_le_v4SPD16_eabi.lib : exit.obj (.data:$O1$$)
                  20000478    00000008                                   : _lock.obj (.data:$O1$$)
                  20000480    00000004                                   : stkdepth_vars.obj (.data)

.bss       0    20000484    00000010     UNINITIALIZED
                  20000484    00000004     (.common:gelen)
                  20000488    00000004     (.common:ref)
                  2000048c    00000004     (.common:ui32ADC0Value)
                  20000490    00000004     (.common:ui32ADC1Value)

MODULE SUMMARY

       Module                         code   ro data   rw data
       ------                         ----   -------   -------
    .\
       tm4c123gh6pm_startup_ccs.obj   12     620       0      
       main.obj                       376    0         16     
    +--+------------------------------+------+---------+---------+
       Total:                         388    620       16     
                                                              
    C:/ti/TivaWare_C_Series-2.1.4.178/driverlib/ccs/Debug/driverlib.lib
       interrupt.obj                  172    112       620    
       adc.obj                        446    0         0      
       gpio.obj                       402    0         0      
       sysctl.obj                     302    0         0      
       cpu.obj                        12     0         0      
    +--+------------------------------+------+---------+---------+
       Total:                         1334   112       620    
                                                              
    C:\ti\ccsv6\tools\compiler\arm_15.12.3.LTS\lib\rtsv7M4_T_le_v4SPD16_eabi.lib
       memcpy_t2.obj                  156    0         0      
       memset_t2.obj                  122    0         0      
       autoinit.obj                   112    0         0      
       copy_decompress_rle.obj        112    0         0      
       exit.obj                       84     0         12     
       boot.obj                       84     0         0      
       cpy_tbl.obj                    76     0         0      
       _lock.obj                      20     0         8      
       args_main.obj                  24     0         0      
       copy_decompress_none.obj       14     0         0      
       pre_init.obj                   4      0         0      
       stkdepth_vars.obj              0      0         4      
       mpu_init.obj                   2      0         0      
       startup.obj                    2      0         0      
    +--+------------------------------+------+---------+---------+
       Total:                         812    0         24     
                                                              
       Stack:                         0      0         512    
       Linker Generated:              0      74        0      
    +--+------------------------------+------+---------+---------+
       Grand Total:                   2534   806       1172   


LINKER GENERATED COPY TABLES

__TI_cinit_table @ 00000d04 records: 3, size/record: 8, table size: 24
	.data: load addr=00000cc8, load size=00000016 bytes, run addr=2000046c, run size=00000018 bytes, compression=rle
	.vtable: load addr=00000ce0, load size=0000000b bytes, run addr=20000000, run size=0000026c bytes, compression=rle
	.bss: load addr=00000cf0, load size=00000009 bytes, run addr=20000484, run size=00000010 bytes, compression=rle


LINKER GENERATED HANDLER TABLE

__TI_handler_table @ 00000cfc records: 2, size/record: 4, table size: 8
	index: 0, handler: __TI_decompress_rle24
	index: 1, handler: __TI_decompress_none


GLOBAL SYMBOLS: SORTED ALPHABETICALLY BY Name 

address   name                           
-------   ----                           
00000c2f  ADCIntClear                    
00000bdb  ADCIntEnable                   
00000b53  ADCIntRegister                 
00000add  ADCIntStatus                   
00000b6b  ADCProcessorTrigger            
00000989  ADCSequenceConfigure           
00000b35  ADCSequenceDataGet             
00000bfb  ADCSequenceEnable              
000006a9  ADCSequenceStepConfigure       
00000935  C$$EXIT                        
00000c17  CPUcpsie                       
00000b0b  GPIODirModeSet                 
000003e5  GPIOPadConfigSet               
00000c39  GPIOPinRead                    
00000bc9  GPIOPinTypeGPIOInput           
00000b83  GPIOPinTypeGPIOOutput          
00000c3f  GPIOPinWrite                   
00000879  IntEnable                      
00000beb  IntMasterEnable                
00000a75  IntRegister                    
00000c23  ResetISR                       
UNDEFED   SHT$$INIT_ARRAY$$Base          
UNDEFED   SHT$$INIT_ARRAY$$Limit         
00000519  SysCtlClockSet                 
00000c45  SysCtlDelay                    
00000aa9  SysCtlPeripheralEnable         
2000046c  __STACK_END                    
00000200  __STACK_SIZE                   
2000046c  __STACK_TOP                    
00000d04  __TI_CINIT_Base                
00000d1c  __TI_CINIT_Limit               
00000cfc  __TI_Handler_Table_Base        
00000d04  __TI_Handler_Table_Limit       
0000079d  __TI_auto_init                 
2000046c  __TI_cleanup_ptr               
00000c09  __TI_decompress_none           
00000c4b  __TI_decompress_rle24          
20000470  __TI_dtors_ptr                 
20000474  __TI_enable_exit_profile_output
ffffffff  __TI_pprof_out_hndl            
ffffffff  __TI_prof_data_size            
ffffffff  __TI_prof_data_start           
00000000  __TI_static_base__             
00000723  __aeabi_memclr                 
00000723  __aeabi_memclr4                
00000723  __aeabi_memclr8                
0000060d  __aeabi_memcpy                 
0000060d  __aeabi_memcpy4                
0000060d  __aeabi_memcpy8                
00000725  __aeabi_memset                 
00000725  __aeabi_memset4                
00000725  __aeabi_memset8                
ffffffff  __binit__                      
ffffffff  __c_args__                     
00000517  __mpu_init                     
2000026c  __stack                        
00000b9d  _args_main                     
000008e1  _c_int00                       
20000478  _lock                          
00000bc3  _nop                           
00000bbb  _register_lock                 
00000bb5  _register_unlock               
00000877  _system_post_cinit             
00000c51  _system_pre_init               
2000047c  _unlock                        
00000939  abort                          
0000026d  adcintt                        
ffffffff  binit                          
00000a29  copy_in                        
00000941  exit                           
20000000  g_pfnRAMVectors                
00000000  g_pfnVectors                   
20000484  gelen                          
000002bf  main                           
20000480  main_func_sp                   
0000060d  memcpy                         
0000072b  memset                         
20000488  ref                            
2000048c  ui32ADC0Value                  
20000490  ui32ADC1Value                  


GLOBAL SYMBOLS: SORTED BY Symbol Address 

address   name                           
-------   ----                           
00000000  __TI_static_base__             
00000000  g_pfnVectors                   
00000200  __STACK_SIZE                   
0000026d  adcintt                        
000002bf  main                           
000003e5  GPIOPadConfigSet               
00000517  __mpu_init                     
00000519  SysCtlClockSet                 
0000060d  __aeabi_memcpy                 
0000060d  __aeabi_memcpy4                
0000060d  __aeabi_memcpy8                
0000060d  memcpy                         
000006a9  ADCSequenceStepConfigure       
00000723  __aeabi_memclr                 
00000723  __aeabi_memclr4                
00000723  __aeabi_memclr8                
00000725  __aeabi_memset                 
00000725  __aeabi_memset4                
00000725  __aeabi_memset8                
0000072b  memset                         
0000079d  __TI_auto_init                 
00000877  _system_post_cinit             
00000879  IntEnable                      
000008e1  _c_int00                       
00000935  C$$EXIT                        
00000939  abort                          
00000941  exit                           
00000989  ADCSequenceConfigure           
00000a29  copy_in                        
00000a75  IntRegister                    
00000aa9  SysCtlPeripheralEnable         
00000add  ADCIntStatus                   
00000b0b  GPIODirModeSet                 
00000b35  ADCSequenceDataGet             
00000b53  ADCIntRegister                 
00000b6b  ADCProcessorTrigger            
00000b83  GPIOPinTypeGPIOOutput          
00000b9d  _args_main                     
00000bb5  _register_unlock               
00000bbb  _register_lock                 
00000bc3  _nop                           
00000bc9  GPIOPinTypeGPIOInput           
00000bdb  ADCIntEnable                   
00000beb  IntMasterEnable                
00000bfb  ADCSequenceEnable              
00000c09  __TI_decompress_none           
00000c17  CPUcpsie                       
00000c23  ResetISR                       
00000c2f  ADCIntClear                    
00000c39  GPIOPinRead                    
00000c3f  GPIOPinWrite                   
00000c45  SysCtlDelay                    
00000c4b  __TI_decompress_rle24          
00000c51  _system_pre_init               
00000cfc  __TI_Handler_Table_Base        
00000d04  __TI_CINIT_Base                
00000d04  __TI_Handler_Table_Limit       
00000d1c  __TI_CINIT_Limit               
20000000  g_pfnRAMVectors                
2000026c  __stack                        
2000046c  __STACK_END                    
2000046c  __STACK_TOP                    
2000046c  __TI_cleanup_ptr               
20000470  __TI_dtors_ptr                 
20000474  __TI_enable_exit_profile_output
20000478  _lock                          
2000047c  _unlock                        
20000480  main_func_sp                   
20000484  gelen                          
20000488  ref                            
2000048c  ui32ADC0Value                  
20000490  ui32ADC1Value                  
ffffffff  __TI_pprof_out_hndl            
ffffffff  __TI_prof_data_size            
ffffffff  __TI_prof_data_start           
ffffffff  __binit__                      
ffffffff  __c_args__                     
ffffffff  binit                          
UNDEFED   SHT$$INIT_ARRAY$$Base          
UNDEFED   SHT$$INIT_ARRAY$$Limit         

[80 symbols]
