******************************************************************************
                  TI ARM Linker PC v15.12.3                    
******************************************************************************
>> Linked Tue Jan 02 13:30:34 2018

OUTPUT FILE NAME:   <PWM2.out>
ENTRY POINT SYMBOL: "_c_int00"  address: 0000087d


MEMORY CONFIGURATION

         name            origin    length      used     unused   attr    fill
----------------------  --------  ---------  --------  --------  ----  --------
  FLASH                 00000000   00040000  00000c26  0003f3da  R  X
  SRAM                  20000000   00008000  00000218  00007de8  RW X


SEGMENT ALLOCATION MAP

run origin  load origin   length   init length attrs members
----------  ----------- ---------- ----------- ----- -------
00000000    00000000    00000c28   00000c28    r-x
  00000000    00000000    0000026c   0000026c    r-- .intvecs
  0000026c    0000026c    00000896   00000896    r-x .text
  00000b04    00000b04    000000fc   000000fc    r-- .const
  00000c00    00000c00    00000028   00000028    r-- .cinit
20000000    20000000    00000218   00000000    rw-
  20000000    20000000    00000200   00000000    rw- .stack
  20000200    20000200    00000018   00000000    rw- .data


SECTION ALLOCATION MAP

 output                                  attributes/
section   page    origin      length       input sections
--------  ----  ----------  ----------   ----------------
.intvecs   0    00000000    0000026c     
                  00000000    0000026c     tm4c123gh6pm_startup_ccs.obj (.intvecs)

.text      0    0000026c    00000896     
                  0000026c    00000132     driverlib.lib : gpio.obj (.text:GPIOPadConfigSet)
                  0000039e    00000002     rtsv7M4_T_le_v4SPD16_eabi.lib : mpu_init.obj (.text)
                  000003a0    00000110     driverlib.lib : sysctl.obj (.text:SysCtlClockGet)
                  000004b0    000000f4                   : sysctl.obj (.text:SysCtlClockSet)
                  000005a4    000000e4     main.obj (.text)
                  00000688    0000009c     rtsv7M4_T_le_v4SPD16_eabi.lib : memcpy_t2.obj (.text)
                  00000724    0000007a                                   : memset_t2.obj (.text)
                  0000079e    00000002                                   : startup.obj (.text)
                  000007a0    00000070                                   : autoinit.obj (.text)
                  00000810    0000006a                                   : copy_decompress_rle.obj (.text)
                  0000087a    00000002     --HOLE-- [fill = 0]
                  0000087c    00000054                                   : boot.obj (.text)
                  000008d0    00000054                                   : exit.obj (.text)
                  00000924    0000004c                                   : cpy_tbl.obj (.text)
                  00000970    00000048     driverlib.lib : gpio.obj (.text:GPIOPinConfigure)
                  000009b8    00000034                   : sysctl.obj (.text:SysCtlPeripheralEnable)
                  000009ec    0000002a                   : gpio.obj (.text:GPIODirModeSet)
                  00000a16    00000022                   : pwm.obj (.text:PWMGenConfigure)
                  00000a38    0000001e                   : pwm.obj (.text:PWMPulseWidthSet)
                  00000a56    00000002     --HOLE-- [fill = 0]
                  00000a58    00000018     rtsv7M4_T_le_v4SPD16_eabi.lib : args_main.obj (.text)
                  00000a70    00000014     driverlib.lib : sysctl.obj (.text:SysCtlPWMClockSet)
                  00000a84    00000014     rtsv7M4_T_le_v4SPD16_eabi.lib : _lock.obj (.text)
                  00000a98    00000012     driverlib.lib : gpio.obj (.text:GPIOPinTypePWM)
                  00000aaa    00000012                   : pwm.obj (.text:PWMOutputState)
                  00000abc    00000010                   : pwm.obj (.text:PWMGenPeriodSet)
                  00000acc    0000000e     rtsv7M4_T_le_v4SPD16_eabi.lib : copy_decompress_none.obj (.text:decompress:none)
                  00000ada    0000000c     driverlib.lib : pwm.obj (.text:PWMGenEnable)
                  00000ae6    0000000c     tm4c123gh6pm_startup_ccs.obj (.text)
                  00000af2    00000006     driverlib.lib : sysctl.obj (.text:SysCtlDelay)
                  00000af8    00000006     rtsv7M4_T_le_v4SPD16_eabi.lib : copy_decompress_rle.obj (.text:decompress:rle24)
                  00000afe    00000004                                   : pre_init.obj (.text)

.const     0    00000b04    000000fc     
                  00000b04    00000090     driverlib.lib : gpio.obj (.const:g_pui32GPIOBaseAddrs)
                  00000b94    0000006c                   : sysctl.obj (.const:g_pui32Xtals)

.cinit     0    00000c00    00000028     
                  00000c00    00000016     (.cinit..data.load) [load image, compression = rle]
                  00000c16    00000002     --HOLE-- [fill = 0]
                  00000c18    00000008     (__TI_handler_table)
                  00000c20    00000008     (__TI_cinit_table)

.init_array 
*          0    00000000    00000000     UNINITIALIZED

.stack     0    20000000    00000200     UNINITIALIZED
                  20000000    00000200     --HOLE--

.data      0    20000200    00000018     UNINITIALIZED
                  20000200    0000000c     rtsv7M4_T_le_v4SPD16_eabi.lib : exit.obj (.data:$O1$$)
                  2000020c    00000008                                   : _lock.obj (.data:$O1$$)
                  20000214    00000004                                   : stkdepth_vars.obj (.data)

MODULE SUMMARY

       Module                         code   ro data   rw data
       ------                         ----   -------   -------
    .\
       tm4c123gh6pm_startup_ccs.obj   12     620       0      
       main.obj                       228    0         0      
    +--+------------------------------+------+---------+---------+
       Total:                         240    620       0      
                                                              
    C:/ti/TivaWare_C_Series-2.1.4.178/driverlib/ccs/Debug/driverlib.lib
       sysctl.obj                     594    108       0      
       gpio.obj                       438    144       0      
       pwm.obj                        110    0         0      
    +--+------------------------------+------+---------+---------+
       Total:                         1142   252       0      
                                                              
    C:\ti\ccsv6\tools\compiler\arm_15.12.3.LTS\lib\rtsv7M4_T_le_v4SPD16_eabi.lib
       memcpy_t2.obj                  156    0         0      
       memset_t2.obj                  122    0         0      
       autoinit.obj                   112    0         0      
       copy_decompress_rle.obj        112    0         0      
       exit.obj                       84     0         12     
       boot.obj                       84     0         0      
       cpy_tbl.obj                    76     0         0      
       _lock.obj                      20     0         8      
       args_main.obj                  24     0         0      
       copy_decompress_none.obj       14     0         0      
       pre_init.obj                   4      0         0      
       stkdepth_vars.obj              0      0         4      
       mpu_init.obj                   2      0         0      
       startup.obj                    2      0         0      
    +--+------------------------------+------+---------+---------+
       Total:                         812    0         24     
                                                              
       Stack:                         0      0         512    
       Linker Generated:              0      38        0      
    +--+------------------------------+------+---------+---------+
       Grand Total:                   2194   910       536    


LINKER GENERATED COPY TABLES

__TI_cinit_table @ 00000c20 records: 1, size/record: 8, table size: 8
	.data: load addr=00000c00, load size=00000016 bytes, run addr=20000200, run size=00000018 bytes, compression=rle


LINKER GENERATED HANDLER TABLE

__TI_handler_table @ 00000c18 records: 2, size/record: 4, table size: 8
	index: 0, handler: __TI_decompress_rle24
	index: 1, handler: __TI_decompress_none


GLOBAL SYMBOLS: SORTED ALPHABETICALLY BY Name 

address   name                           
-------   ----                           
000008d1  C$$EXIT                        
000009ed  GPIODirModeSet                 
0000026d  GPIOPadConfigSet               
00000971  GPIOPinConfigure               
00000a99  GPIOPinTypePWM                 
00000a17  PWMGenConfigure                
00000adb  PWMGenEnable                   
00000abd  PWMGenPeriodSet                
00000aab  PWMOutputState                 
00000a39  PWMPulseWidthSet               
00000ae7  ResetISR                       
UNDEFED   SHT$$INIT_ARRAY$$Base          
UNDEFED   SHT$$INIT_ARRAY$$Limit         
000003a1  SysCtlClockGet                 
000004b1  SysCtlClockSet                 
00000af3  SysCtlDelay                    
00000a71  SysCtlPWMClockSet              
000009b9  SysCtlPeripheralEnable         
20000200  __STACK_END                    
00000200  __STACK_SIZE                   
20000200  __STACK_TOP                    
00000c20  __TI_CINIT_Base                
00000c28  __TI_CINIT_Limit               
00000c18  __TI_Handler_Table_Base        
00000c20  __TI_Handler_Table_Limit       
000007a1  __TI_auto_init                 
20000200  __TI_cleanup_ptr               
00000acd  __TI_decompress_none           
00000af9  __TI_decompress_rle24          
20000204  __TI_dtors_ptr                 
20000208  __TI_enable_exit_profile_output
ffffffff  __TI_pprof_out_hndl            
ffffffff  __TI_prof_data_size            
ffffffff  __TI_prof_data_start           
00000000  __TI_static_base__             
00000725  __aeabi_memclr                 
00000725  __aeabi_memclr4                
00000725  __aeabi_memclr8                
00000689  __aeabi_memcpy                 
00000689  __aeabi_memcpy4                
00000689  __aeabi_memcpy8                
00000727  __aeabi_memset                 
00000727  __aeabi_memset4                
00000727  __aeabi_memset8                
ffffffff  __binit__                      
ffffffff  __c_args__                     
0000039f  __mpu_init                     
20000000  __stack                        
00000a59  _args_main                     
0000087d  _c_int00                       
2000020c  _lock                          
00000a93  _nop                           
00000a8b  _register_lock                 
00000a85  _register_unlock               
0000079f  _system_post_cinit             
00000aff  _system_pre_init               
20000210  _unlock                        
000008d5  abort                          
ffffffff  binit                          
00000925  copy_in                        
000005a5  delayMS                        
000008dd  exit                           
00000000  g_pfnVectors                   
000005c1  main                           
20000214  main_func_sp                   
00000689  memcpy                         
0000072d  memset                         


GLOBAL SYMBOLS: SORTED BY Symbol Address 

address   name                           
-------   ----                           
00000000  __TI_static_base__             
00000000  g_pfnVectors                   
00000200  __STACK_SIZE                   
0000026d  GPIOPadConfigSet               
0000039f  __mpu_init                     
000003a1  SysCtlClockGet                 
000004b1  SysCtlClockSet                 
000005a5  delayMS                        
000005c1  main                           
00000689  __aeabi_memcpy                 
00000689  __aeabi_memcpy4                
00000689  __aeabi_memcpy8                
00000689  memcpy                         
00000725  __aeabi_memclr                 
00000725  __aeabi_memclr4                
00000725  __aeabi_memclr8                
00000727  __aeabi_memset                 
00000727  __aeabi_memset4                
00000727  __aeabi_memset8                
0000072d  memset                         
0000079f  _system_post_cinit             
000007a1  __TI_auto_init                 
0000087d  _c_int00                       
000008d1  C$$EXIT                        
000008d5  abort                          
000008dd  exit                           
00000925  copy_in                        
00000971  GPIOPinConfigure               
000009b9  SysCtlPeripheralEnable         
000009ed  GPIODirModeSet                 
00000a17  PWMGenConfigure                
00000a39  PWMPulseWidthSet               
00000a59  _args_main                     
00000a71  SysCtlPWMClockSet              
00000a85  _register_unlock               
00000a8b  _register_lock                 
00000a93  _nop                           
00000a99  GPIOPinTypePWM                 
00000aab  PWMOutputState                 
00000abd  PWMGenPeriodSet                
00000acd  __TI_decompress_none           
00000adb  PWMGenEnable                   
00000ae7  ResetISR                       
00000af3  SysCtlDelay                    
00000af9  __TI_decompress_rle24          
00000aff  _system_pre_init               
00000c18  __TI_Handler_Table_Base        
00000c20  __TI_CINIT_Base                
00000c20  __TI_Handler_Table_Limit       
00000c28  __TI_CINIT_Limit               
20000000  __stack                        
20000200  __STACK_END                    
20000200  __STACK_TOP                    
20000200  __TI_cleanup_ptr               
20000204  __TI_dtors_ptr                 
20000208  __TI_enable_exit_profile_output
2000020c  _lock                          
20000210  _unlock                        
20000214  main_func_sp                   
ffffffff  __TI_pprof_out_hndl            
ffffffff  __TI_prof_data_size            
ffffffff  __TI_prof_data_start           
ffffffff  __binit__                      
ffffffff  __c_args__                     
ffffffff  binit                          
UNDEFED   SHT$$INIT_ARRAY$$Base          
UNDEFED   SHT$$INIT_ARRAY$$Limit         

[67 symbols]
